û)ú~é    ú<built-in method maketrans>)é   r   gíµ ÷Æ°>gíµ ÷Æ°>{©ú"/usr/local/lib/python3.7/base64.pyé   Ú<module>)r   r   gíµ ÷Æ°>gíµ ÷Æ°>0)r   r   ú#<method 'append' of 'list' objects>)i8  i8  gZ³ĞÎi6?gZ³ĞÎi6?{©úE/home/dumtrii/Documents/GoodBot/bot/threads/path_finding_algorithm.pyéD   Úget_actions)é2   r   gğhãˆµøä>gğhãˆµøä>©r   ég   Ú	find_path)é.   r   g·_>Y1\İ>g·_>Y1\İ>©ú,/usr/local/lib/python3.7/logging/__init__.pyi  Ú_addHandlerRef)é   r   g        g        ©ú"/usr/local/lib/python3.7/shutil.pyé   r   )r   r   g        g        ©ú</usr/local/lib/python3.7/site-packages/numpy/core/numeric.pyi`	  Ú
extend_all)i  i  gíµ ÷Æğ>gíµ ÷Æğ>©úA/usr/local/lib/python3.7/site-packages/numpy/core/numerictypes.pyéQ   r   )éE   r    g·_>Y1\İ>g·_>Y1\İ>)úB/usr/local/lib/python3.7/site-packages/numpy/core/_type_aliases.pyéî   Ú_add_array_type)é   r$   g        g        ©ú$/usr/local/lib/python3.7/datetime.pyr   r   )é   r'   g        g        ©ú?/usr/local/lib/python3.7/site-packages/numpy/compat/_inspect.pyé   Úformatargspec)éy   r,   gTäqs*é>gTäqs*é>©ú=/usr/local/lib/python3.7/site-packages/numpy/core/__init__.pyr   r   )r   r   g        g        ©ú /usr/local/lib/python3.7/enum.pyéF   Ú__setitem__)éV   r3   gTäqs*Ù>gTäqs*Ù>©r0   é‡   Ú__new__)é,   r7   gíµ ÷ÆĞ>gíµ ÷ÆĞ>©ú'/usr/local/lib/python3.7/sre_compile.pyéG   Ú_compile)i2  i2  g!>°ã¿@ ?g!>°ã¿@ ?©r9   éù   Ú_compile_charset)ia  ia  g¢'eRCû>g¢'eRCû>©r9   i  Ú_optimize_charset)éé   rA   gÉÇî%ö>gÉÇî%ö>©r0   ih  Ú
_decompose)é   rD   g        g        ©r9   iÍ  Ú_get_literal_prefix)é   rG   gíµ ÷ÆÀ>gíµ ÷ÆÀ>©r9   i  Ú_compile_info)é­   rJ   g¢&ú|”ç>g¢&ú|”ç>©r9   iV  Ú_code)é%   rM   gíµ ÷ÆĞ>gíµ ÷ÆĞ>©ú%/usr/local/lib/python3.7/sre_parse.pyéT   Ú	opengroup)é5   rR   g·_>Y1\İ>g·_>Y1\İ>)rO   é¬   Úappend)i¾  i¾  g,Cëâ6
?g,Cëâ6
?©rO   i¡  Ú
_parse_sub)éu   rW   g
ØFìó>g
ØFìó>©rO   iÛ  Ú_parse)é›   rZ   gíµ ÷Æğ>gíµ ÷Æğ>0)r   r   ú#<method 'insert' of 'list' objects>)é   r\   gğhãˆµøÔ>gğhãˆµøÔ>{rX   )r   r   gíµ ÷ÆÀ>gíµ ÷ÆÀ>©ú$/usr/local/lib/python3.7/warnings.pyéµ   Ú_add_filter)é   ra   gTäqs*É>gTäqs*É>0)r   r   ú#<method 'extend' of 'list' objects>)é¡   rc   gíµ ÷Æ ?gËÔ$xC%?{©ú-/usr/local/lib/python3.7/unittest/__init__.pyé-   r   )r   r   g        g        )ú</usr/local/lib/python3.7/site-packages/numpy/lib/_iotools.pyió  ÚStringConverter)r   r   gíµ ÷Æ°>gíµ ÷Æ°>©ú!/usr/local/lib/python3.7/token.pyr   r   )r   r   gíµ ÷Æ°>gíµ ÷Æ°>©ú"/usr/local/lib/python3.7/pickle.pyé   r   )r   r   gíµ ÷Æ°>gíµ ÷Æ°>r   )r   r   gíµ ÷Æ°>gíµ ÷Æ°>)r!   é»   Ú_set_up_aliases)r   r   g        g        ©r!   rm   r   )r   r   g        g        ©ú?/usr/local/lib/python3.7/site-packages/numpy/compat/__init__.pyé
   r   )r   r   g        g        ©ú8/usr/local/lib/python3.7/site-packages/numpy/__init__.pyéj   r   )r   r   g·_>Y1\İ>g·_>Y1\İ>r<   )é   rw   g?«Ì”Ößâ>g?«Ì”Ößâ>rE   )r$   r$   gíµ ÷Æ°>gíµ ÷Æ°>rH   )r'   r'   gíµ ÷ÆĞ>gíµ ÷ÆĞ>rU   )r   r   g        g        ©ú&<frozen importlib._bootstrap_external>iØ  Ú	_get_spec)ra   ra   g        g        )ry   i'  Ú__init__)é]   r|   gOÊ¤†6 ?gfLÁgÓ!?0)r   r   ú#<method 'remove' of 'list' objects>)ra   ra   gğhãˆµøÔ>gğhãˆµøÔ>{r]   )ra   ra   gğhãˆµøÔ>gğhãˆµøÔ>0)r   r   ú"<method 'count' of 'list' objects>)ra   ra   gíµ ÷ÆÀ>gíµ ÷ÆÀ>{©ú /usr/local/lib/python3.7/uuid.pyr,   r{   )ra   ra   gíµ ÷ÆÀ>gíµ ÷ÆÀ>0)r   r   ú$<method 'reverse' of 'list' objects>)r   r   g        g        {r   )r   r   g        g        0)r   r   ú!<method 'sort' of 'list' objects>)r\   r\   g¢&ú|”÷>gùœ»]/M?{©r0   iy  Ú_convert)r   r   gfLÁgÓñ>g,Cëâ6ú>rB   )r   r   gğhãˆµøÔ>gíµ ÷Æà>0)r   r   ú&<method 'bit_length' of 'int' objects>)r\   r\   gíµ ÷ÆÀ>gíµ ÷ÆÀ>{)r0   iW  Ú	_high_bit)r\   r\   gíµ ÷ÆÀ>gíµ ÷ÆÀ>0)r   r   ú$<method 'to_bytes' of 'int' objects>)r\   r\   gğhãˆµøÔ>gğhãˆµøÔ>{)ry   r   Ú_w_long)r\   r\   gğhãˆµøÔ>gğhãˆµøÔ>0)r   r   ú<built-in method from_bytes>)i?  i?  g*6æuÄ!+?g*6æuÄ!+?{©ú"/usr/local/lib/python3.7/random.pyi©  Úgetrandbits)r   r   gíµ ÷Æ°>gíµ ÷Æ°>)ry   é3   Ú_r_long)i>  i>  gOÊ¤†6 +?gOÊ¤†6 +?0)r   r   ú <method 'get' of 'dict' objects>)iË  iË  g©MœÜïP$?g©MœÜïP$?{©ú#/usr/local/lib/python3.7/hashlib.pyéI   Ú__get_builtin_constructor)rs   rs   gTäqs*É>gTäqs*É>©ú$/usr/local/lib/python3.7/platform.pyi}  Ú_sys_version)r   r   g        g        ©r0   iÚ  Ú
_find_new_)ra   ra   gíµ ÷ÆÀ>gíµ ÷ÆÀ>r8   )r\   r\   gíµ ÷Æ°>gíµ ÷Æ°>©r0   i   Ú_create_pseudo_member_)r   r   gíµ ÷Æ°>gíµ ÷Æ°>rN   )é   r›   gíµ ÷Æ°>gíµ ÷Æ°>©rO   i'  Ú_class_escape)éN   r   gTäqs*é>gTäqs*é>©rO   iW  Ú_escape)éc   r¡   g¢&ú|”÷>g¢&ú|”÷>©ú0/usr/local/lib/python3.7/collections/__init__.pyi<  Ú
namedtuple)r$   r$   gíµ ÷ÆĞ>gíµ ÷ÆĞ>©ú<frozen importlib._bootstrap>iÒ  Ú_find_and_load)éø   r¨   gümOØî?gümOØî?©r¦   é°   Úcb)éò   r¬   g,Cëâ6
?g,Cëâ6
?0)r   r   ú'<method 'setdefault' of 'dict' objects>)é'   r®   gíµ ÷Æà>gíµ ÷Æà>{©ú(/usr/local/lib/python3.7/json/encoder.pyr   r   )é    r±   gTäqs*Ù>gTäqs*Ù>r4   )ra   ra   gíµ ÷Æ°>gíµ ÷Æ°>r™   )r   r   gíµ ÷Æ°>gíµ ÷Æ°>0)r   r   ú <method 'pop' of 'dict' objects>)é0   r³   g¢&ú|”ç>g¢&ú|”ç>{©ú+/usr/local/lib/python3.7/ctypes/__init__.pyr’   Ú	CFUNCTYPE)r\   r\   gíµ ÷ÆÀ>gíµ ÷ÆÀ>©ú>/usr/local/lib/python3.7/site-packages/numpy/core/getlimits.pyrM   r{   )é   r¹   g·_>Y1\İ>g·_>Y1\İ>)úB/usr/local/lib/python3.7/site-packages/numpy/core/_ufunc_config.pyiµ  r{   )ra   ra   gíµ ÷Æ°>gíµ ÷Æ°>r4   )r›   r›   gíµ ÷Æ°>gíµ ÷Æ°>0)r   r   ú!<method 'keys' of 'dict' objects>)i:‘  i:‘  g'£Ê0îq?g'£Ê0îq?{)r   éZ   Úcheck_and_add)i5‘  i5‘  giŒÖQÕq?giŒÖQÕq?©ú>/usr/local/lib/python3.7/site-packages/numpy/core/_internal.pyr\   r   )r   r   g        g        rƒ   )r   r   gíµ ÷ÆÀ>gíµ ÷ÆÀ>0)r   r   ú"<method 'items' of 'dict' objects>)i¾0 i¾0 g):’ËHŸ?g):’ËHŸ?{ri   )r   r   gíµ ÷Æ°>gíµ ÷Æ°>©ú@/usr/local/lib/python3.7/site-packages/numpy/core/fromnumeric.pyr’   Ú_wrapreduction)iŠ0 iŠ0 g¼á´àEŸ?g¼á´àEŸ?©rº   r   r   )r   r   g        g        ©ú*/usr/local/lib/python3.7/_compat_pickle.pyé	   r   )r   r   gíµ ÷Æ°>gíµ ÷Æ°>©r   i½  Ú_construct_lookups)r   r   g        g        )r!   é_   Ú
_add_types)r   r   g        g        ©r!   és   Ú_add_aliases)r   r   g        g        rp   )r   r   g        g        ©úB/home/dumtrii/Documents/pyCraft/minecraft/networking/types/enum.pyé<   Ú	BlockFace)r   r   g        g        ©ú5/home/dumtrii/Documents/pyCraft/minecraft/__init__.pyra   r   )r   r   g        g        rB   )r   r   g        g        ©r9   i÷  Úcompile)rM   rM   gíµ ÷Æà>gíµ ÷Æà>0)r   r   ú#<method 'values' of 'dict' objects>)é   rØ   gíµ ÷Æ°>gíµ ÷Æ°>{ri   )r   r   g        g        ©r!   éB   Ú_bits_of)é   rÜ   g        g        rÓ   )r   r   gíµ ÷Æ°>gíµ ÷Æ°>0)r   r   ú#<method 'update' of 'dict' objects>)is  is  g’Wç(?g’Wç(?{©ú7/usr/local/lib/python3.7/site-packages/numpy/ma/core.pyiW  Ú_update_from)rÇ   rÇ   gíµ ÷ÆĞ>gíµ ÷ÆĞ>©rß   é   r   )ra   ra   gíµ ÷Æ°>gíµ ÷Æ°>r·   )r\   r\   gTäqs*Ù>gTäqs*Ù>©ú;/usr/local/lib/python3.7/site-packages/numpy/core/_dtype.pyr   r   )r   r   gíµ ÷Æ°>gíµ ÷Æ°>rÅ   )ra   ra   gíµ ÷ÆĞ>gíµ ÷ÆĞ>©ú9/usr/local/lib/python3.7/site-packages/numpy/lib/utils.pyéK   Ú__call__)r   r   gíµ ÷Æ°>gíµ ÷Æ°>rƒ   )r   r   g·_>Y1\İ>g·_>Y1\İ>©ú%/usr/local/lib/python3.7/functools.pyrM   Úupdate_wrapper)iV  iV  gğk$	Â%?gğk$	Â%?0)r   r   ú"<method 'clear' of 'dict' objects>)r   r   gíµ ÷Æ°>gíµ ÷Æ°>{©rµ   i  Ú_reset_cache)r   r   gíµ ÷Æ°>gíµ ÷Æ°>0)r   r   ú)<method 'tolist' of 'memoryview' objects>)r   r   gTäqs*É>gTäqs*É>{©r9   i   Ú_bytes_to_codes)r   r   gTäqs*É>gTäqs*É>0)r   r   ú'<method 'cast' of 'memoryview' objects>)r   r   gTäqs*É>gTäqs*É>{rğ   )r   r   gTäqs*É>gTäqs*É>0)r   r   ú.<method '__contains__' of 'frozenset' objects>)éH   rô   g?«Ì”Ößò>g?«Ì”Ößò>{r¢   )rô   rô   g?«Ì”Ößò>g?«Ì”Ößò>0)r   r   ú<method 'add' of 'set' objects>)éû   rö   gğhãˆµø?gğhãˆµø?{©ú$/usr/local/lib/python3.7/tokenize.pyé„   Ú_all_string_prefixes)rô   rô   g·_>Y1\í>g·_>Y1\í>©rø   râ   r   )éd   rü   gíµ ÷Æà>gíµ ÷Æà>©ú?/usr/local/lib/python3.7/site-packages/numpy/core/arrayprint.pyiÑ  Úwrapper)r$   r$   gíµ ÷ÆĞ>gíµ ÷ÆĞ>)r!   éš   Ú_add_integer_aliases)r   r   gíµ ÷ÆÀ>gíµ ÷ÆÀ>)ú'/usr/local/lib/python3.7/_weakrefset.pyr   Úadd)r   r   gíµ ÷ÆÀ>gíµ ÷ÆÀ>r¢   )é9   r  gğhãˆµøä>gğhãˆµøä>0)r   r   ú#<method 'discard' of 'set' objects>)r$   r$   gíµ ÷Æ°>gíµ ÷Æ°>{rı   )r$   r$   gíµ ÷Æ°>gíµ ÷Æ°>0)r   r   ú!<method 'union' of 'set' objects>)r   r   gíµ ÷ÆÀ>gíµ ÷ÆÀ>{©r‘   é6   r   )r   r   gíµ ÷ÆÀ>gíµ ÷ÆÀ>0)r   r   ú4<built-in method __new__ of type object at 0x8a7ee0>)i²  i²  g]§‘–ÊÛQ?g]§‘–ÊÛQ?{)Ú<string>r   r6   )iD  iD  gşz…÷.?gşz…÷.?©r&   iÙ  r6   )rÇ   rÇ   g        g        ©r&   i$  r6   )r   r   gíµ ÷Æ°>gíµ ÷Æ°>©r&   i£  r6   )r   r   g        g        ©r&   ií  r6   )r   r   gíµ ÷ÆÀ>gíµ ÷ÆÀ>)r&   il  Ú_create)r   r   gíµ ÷Æ°>gíµ ÷Æ°>)ú8/usr/local/lib/python3.7/site-packages/numpy/_globals.pyéC   r6   )r   r   g        g        r4   )é/   r  g1]ˆÕa?g1]ˆÕa?r™   )r   r   gíµ ÷ÆÀ>gíµ ÷ÆÀ>©ú/usr/local/lib/python3.7/abc.pyé}   r6   )é&   r  g‹Â.ŠøH?g‹Â.ŠøH?©r¦   iø  Ú_init_module_attrs)r   r   g        g        0)r   r   ú <method 'mro' of 'type' objects>)ra   ra   gTäqs*É>gTäqs*É>{r4   )ra   ra   gTäqs*É>gTäqs*É>0)r   r   ú"<method 'encode' of 'str' objects>)rÇ   rÇ   gTäqs*Ù>gTäqs*Ù>{©ú/usr/local/lib/python3.7/os.pyiï  Úencode)rÇ   rÇ   gTäqs*Ù>gTäqs*Ù>0)r   r   ú#<method 'replace' of 'str' objects>)rM   rM   g«ZÒQf?g«ZÒQf?{r   )r'   r'   gTäqs*Ù>gTäqs*Ù>r¢   )é   r  g!>°ã¿@ ?g!>°ã¿@ ?0)r   r   ú!<method 'split' of 'str' objects>)é   r!  g
ØFìó>g
ØFìó>{r”   )r   r   gíµ ÷Æ°>gíµ ÷Æ°>rå   )r   r   gğhãˆµøÔ>gğhãˆµøÔ>r¢   )rs   rs   g¢'eRCë>g¢'eRCë>0)r   r   ú <method 'join' of 'str' objects>)i  i  gàºbFx{P?g 5µl­/R?{©ú9/usr/local/lib/python3.7/site-packages/numpy/ma/extras.pyéñ   Úgetdoc)rs   rs   gíµ ÷ÆĞ>gíµ ÷ÆĞ>©rß   éz   Údoc_note)ra   ra   gíµ ÷ÆĞ>gíµ ÷ÆĞ>©ú9/usr/local/lib/python3.7/site-packages/numpy/lib/npyio.pyr   r   )r   r   g        g        )rø   ék   Úgroup)rw   rw   gTäqs*É>gTäqs*É>r÷   )rô   rô   g?«Ì”Ößâ>g?«Ì”Ößâ>©r¿   i3  Ú_ufunc_doc_signature_formatter)é   r0  g¾IÓ hş>g«ZÒQf?r¾   )r   r   gíµ ÷ÆĞ>gíµ ÷ÆĞ>©úA/usr/local/lib/python3.7/site-packages/numpy/core/_add_newdocs.pyi0  Úadd_newdoc_for_scalar_type)r  r  ghUMuÿ>g$Dù‚?©úD/usr/local/lib/python3.7/site-packages/numpy/core/_string_helpers.pyr   r   )r   r   gğhãˆµøÔ>gğhãˆµøÔ>r(   )é(   r6  gíµ ÷Æà>gíµ ÷Æà>rå   )r   r   gíµ ÷Æ°>gíµ ÷Æ°>r¢   )r$   r$   g!>°ã¿@ ?g™ò!¨½
?©ry   é8   Ú
_path_join)i¥  i¥  gîÌÃ¹†I?gîÌÃ¹†I?©ry   i  Úcache_from_source)i€  i€  gvk™Çó?gvk™Çó?0)r   r   ú&<method 'expandtabs' of 'str' objects>)r   r   gíµ ÷ÆĞ>gíµ ÷ÆĞ>{rå   )r   r   gíµ ÷ÆĞ>gíµ ÷ÆĞ>0)r   r   ú <method 'find' of 'str' objects>)r   r   gíµ ÷ÆÀ>gíµ ÷ÆÀ>{©r$  rs   r   )r   r   gíµ ÷ÆÀ>gíµ ÷ÆÀ>0)r   r   ú"<method 'lstrip' of 'str' objects>)é   r@  gTäqs*Ù>gTäqs*Ù>{rå   )r   r   g        g        ©ræ   é…   Ú_get_indent)é   rD  gTäqs*Ù>gTäqs*Ù>0)r   r   ú!<method 'rfind' of 'str' objects>)r   r   gíµ ÷Æ°>gíµ ÷Æ°>{©ú%/usr/local/lib/python3.7/posixpath.pyr   Údirname)r   r   gíµ ÷Æ°>gíµ ÷Æ°>0)r   r   ú"<method 'rstrip' of 'str' objects>)iÌ  iÌ  gà~ÀO?gà~ÀO?{r>  )r   r   g        g        rF  )r   r   gíµ ÷Æ°>gíµ ÷Æ°>)ry   é:   ú
<listcomp>)iÊ  iÊ  gê#ğ‡ŸÿN?gê#ğ‡ŸÿN?0)r   r   ú&<method 'rpartition' of 'str' objects>)i±  i±  g­Ø_vOF?g­Ø_vOF?{)ry   i?  Ú_find_parent_path_names)r›   r›   gíµ ÷Æ°>gíµ ÷Æ°>©ry   iL  Ú	find_spec)iÖ  iÖ  gŸqá@H&?gŸqá@H&?)r¦   i   Úparent)i9  i9  g$Dù‚"?g$Dù‚"?©ry   é>   Ú_path_split)i‚  i‚  gíµ ÷Æ ?gíµ ÷Æ ?©r¦   i´  Ú_find_and_load_unlocked)i˜  i˜  gÇº¸ğ&?gÇº¸ğ&?r:  )i€  i€  g×3ÂÛƒ?g×3ÂÛƒ?0)r   r   ú!<method 'strip' of 'str' objects>)i(  i(  gõ‚Osò"#?gõ‚Osò"#?{r1  )rØ   rØ   gTäqs*É>gTäqs*É>©úB/usr/local/lib/python3.7/site-packages/numpy/core/function_base.pyi¹  Ú
add_newdoc)i  i  gˆÓI¶ºœ"?gˆÓI¶ºœ"?r   )ra   ra   gíµ ÷Æ°>gíµ ÷Æ°>0)r   r   ú%<method 'translate' of 'str' objects>)rR   rR   gTäqs*ù>gTäqs*ù>{)r5  rÜ   Úenglish_lower)é$   r\  gíµ ÷Æğ>gíµ ÷Æğ>)r5  r7   Úenglish_upper)rÜ   rÜ   gTäqs*Ù>gTäqs*Ù>©ú/usr/local/lib/python3.7/re.pyéü   Úescape)r   r   gíµ ÷ÆÀ>gíµ ÷ÆÀ>0)r   r   ú!<method 'upper' of 'str' objects>)r\  r\  g?«Ì”Ößâ>g?«Ì”Ößâ>{)rø   é   ú
<listcomp>)r\  r\  g?«Ì”Ößâ>g?«Ì”Ößâ>0)r   r   ú&<method 'startswith' of 'str' objects>)i2  i2  g]ú—¤2Å<?g]ú—¤2Å<?{©rj   r   ú
<dictcomp>)rÑ   rÑ   gíµ ÷Æğ>gíµ ÷Æğ>©ú"/usr/local/lib/python3.7/signal.pyrs   Ú<lambda>)r(  r(  g·_>Y1\í>g·_>Y1\í>r”   )r   r   gíµ ÷Æ°>gíµ ÷Æ°>©rµ   iL  r{   )r   r   gíµ ÷Æ°>gíµ ÷Æ°>©ú$/usr/local/lib/python3.7/textwrap.pyi  Údedent)i  i  gÖÿ9Ì—7?gÖÿ9Ì—7?r¢   )r  r  gíµ ÷Æğ>gíµ ÷Æğ>©rG  rç   Újoin)r   r   g        g        ©ry   i|  Ú_fill_cache)rR  rR  g!>°ã¿@ ?g!>°ã¿@ ?0)r   r   ú$<method 'endswith' of 'str' objects>)i  i  gĞîb€D#?gĞîb€D#?{ro  )r   r   gíµ ÷Æ°>gíµ ÷Æ°>©ry   iq  Ú_get_cached)i  i  gõ‚Osò"#?gõ‚Osò"#?0)r   r   ú#<method 'isupper' of 'str' objects>)r’   r’   gTäqs*Ù>gTäqs*Ù>{rh  )r’   r’   gTäqs*Ù>gTäqs*Ù>0)r   r   ú(<method 'isidentifier' of 'str' objects>)éP   rx  gfLÁgÓñ>gfLÁgÓñ>{rX   )r›   r›   gTäqs*É>gTäqs*É>r¢   )rô   rô   g·_>Y1\í>g·_>Y1\í>0)r   r   ú"<method 'format' of 'str' objects>)iz  iz  gOwxÎP?gOwxÎP?{r   )r   r   gTäqs*É>gTäqs*É>r¯   )r±   r±   gTäqs*ù>gTäqs*ù>)ú:/usr/local/lib/python3.7/site-packages/numpy/lib/mixins.pyrw   Ú_binary_method)rw   rw   g¢&ú|”ç>g¢&ú|”ç>)rz  r¹   Ú_reflected_binary_method)rG   rG   gTäqs*É>gTäqs*É>)rz  r6  Ú_inplace_binary_method)r!  r!  gíµ ÷ÆĞ>gíµ ÷ÆĞ>)rz  é7   Ú_unary_method)ra   ra   gíµ ÷ÆĞ>gíµ ÷ÆĞ>©úA/usr/local/lib/python3.7/site-packages/numpy/lib/function_base.pyr   r   )ra   ra   gíµ ÷ÆĞ>gíµ ÷ÆĞ>)r¿   i>  ú	<genexpr>)é4   rƒ  g¾IÓ hş>g¾IÓ hş>r.  )r   r   gŸqá@H?gŸqá@H?)r2  i5  ú	<genexpr>)r›   r›   gíµ ÷Æà>gíµ ÷Æà>)r2  i6  r„  )é   r…  gTäqs*Ù>gTäqs*Ù>r1  )r\  r\  gç4´;¤?gç4´;¤?©r2  rs   r   )r\   r\   gfLÁgÓñ>gfLÁgÓñ>©r¸   r   r   )ra   ra   gTäqs*É>gTäqs*É>©ú>/usr/local/lib/python3.7/site-packages/numpy/core/overrides.pyr   Ú	decorator)i=  i=  g¦@fgÑ;E?g¦@fgÑ;E?rT  )r›   r›   ghUMuï>ghUMuï>©r¦   iñ  Ú_handle_fromlist)r   r   gùœ»]/M?gùœ»]/M?©ry   éi   Ú_write_atomic)r   r   gğhãˆµøÔ>gğhãˆµøÔ>0)r   r   ú <built-in method _warnings.warn>)ra   ra   g{…÷ø>g{…÷ø>{©r£   é*   Ú__getattr__)ra   ra   g{…÷ø>g{…÷ø>0)r   r   ú,<built-in method _warnings._filters_mutated>)ra   ra   g        g        {r]   )ra   ra   g        g        0)r   r   ú*<built-in method builtins.__build_class__>)iá  iş  g3¥õ·à?g§wñ~Ü~‰?{©úb/home/dumtrii/Documents/pyCraft/minecraft/networking/packets/clientbound/play/inventory_packets.pyr   r   )ra   ra   g¢&ú|”?g™ò!¨½
?©úY/home/dumtrii/Documents/pyCraft/minecraft/networking/packets/serverbound/play/__init__.pyr   r   )rÇ   rÇ   g#Diâ?gÒûÆ×Y"?)úg/home/dumtrii/Documents/pyCraft/minecraft/networking/packets/serverbound/play/client_settings_packet.pyr›   ÚClientSettingsPacket)r   r   gíµ ÷Æ ?gùœ»]/M?©rš  r   r   )r   r   gTäqs*é>gç4´;¤?©úD/home/dumtrii/Documents/GoodBot/packets/serverbound/play/__init__.pyr   r   )r   r   grQ-"ŠÉ?g!>°ã¿@?)ú1/home/dumtrii/Documents/GoodBot/bot/exceptions.pyr   r   )r   r   ghUMuï>ghUMuï>©r   r   r   )r   r   g·_>Y1\í>gfLÁgÓñ>)ú(/home/dumtrii/Documents/GoodBot/world.pyr   r   )r   r   ghUMuï>gfLÁgÓñ>©ú0/home/dumtrii/Documents/GoodBot/bot/inventory.pyr   r   )r   r   g·_>Y1\í>ghUMuï>©ú(/usr/local/lib/python3.7/json/decoder.pyr   r   )r   r   gfLÁgÓ?g?«Ì”Öß?r¯   )r   r   ghUMuï>gfLÁgÓñ>©ú+/usr/local/lib/python3.7/unittest/runner.pyr   r   )r   r   g„¹İË}r?g{…÷?©ú,/usr/local/lib/python3.7/unittest/signals.pyr   r   )r   r   ghUMuï>ghUMuï>©úF/usr/local/lib/python3.7/site-packages/numpy/testing/_private/utils.pyra   r   )r   r   g
ØFì?gğhãˆµø?©ú$/usr/local/lib/python3.7/tempfile.pyrm   r   )r   r   g!>°ã¿@?g
ØFì?©úK/usr/local/lib/python3.7/site-packages/numpy/testing/_private/nosetester.pyr\   r   )r   r   g·_>Y1\í>gíµ ÷Æğ>©ú+/usr/local/lib/python3.7/unittest/loader.pyr   r   )r   r   g·_>Y1\ı>gùœ»]/M?©ú)/usr/local/lib/python3.7/unittest/main.pyr   r   )r   r   g¢'eRCë>gfLÁgÓñ>)ú$/usr/local/lib/python3.7/argparse.pyé˜   ÚHelpFormatter)r   r   gTäqs*é>gTäqs*é>)r´  i+  Ú_SubParsersAction)r   r   gíµ ÷Æğ>gíµ ÷Æğ>©r´  rR  r   )r  r  gÙ–?ß6?g«<°S¬:?©r   rm   r   )é   rº  g©¾ó‹ôG?gxxÏåI?©ú"/usr/local/lib/python3.7/string.pyr$   r   )r   r   g,Cëâ6
?g
-ëş±M?©ú"/usr/local/lib/python3.7/pprint.pyé#   r   )r   r   g·_>Y1\ı>gç4´;¤?©ú*/usr/local/lib/python3.7/unittest/suite.pyr   r   )ra   ra   gJ°8œùÕ?gCÅ8
?©ú)/usr/local/lib/python3.7/unittest/case.pyr   r   )rG   rG   g’Wç(?gmUÙY6?©ú#/usr/local/lib/python3.7/difflib.pyé   r   )r   r   gÉÇî%?gç4´;¤?r>  )rD   rD   g¢'eRC?gJ°8œùÕ?©ú+/usr/local/lib/python3.7/unittest/result.pyr   r   )r   r   ghUMuï>g¢&ú|”?rá   )rw   rw   g÷…è82?gÄ­‚èÚ7?©r‹   r  r   )r   r   gfLÁgÓ?g¢&ú|”?©ú9/usr/local/lib/python3.7/site-packages/numpy/ctypeslib.pyr   r   )r   r   g{…÷?g,Cëâ6
?©úB/usr/local/lib/python3.7/site-packages/numpy/polynomial/hermite.pyrÑ   r   )r   r   gTäqs*É>g«ZÒQf?©úD/usr/local/lib/python3.7/site-packages/numpy/polynomial/hermite_e.pyrÑ   r   )r   r   gTäqs*Ù>g]éEí~?©úC/usr/local/lib/python3.7/site-packages/numpy/polynomial/laguerre.pyrÑ   r   )r   r   gíµ ÷ÆÀ>g
ØFì?©ú /usr/local/lib/python3.7/hmac.pyra   r   )r   r   gfLÁgÓñ>gÉÇî%ö>©úE/usr/local/lib/python3.7/site-packages/numpy/polynomial/polynomial.pyr  r   )r   r   gíµ ÷ÆĞ>g·_>Y1\?©úD/usr/local/lib/python3.7/site-packages/numpy/polynomial/polyutils.pyrf   r   )ra   ra   g?«Ì”Öß?g«ZÒQf?©úD/usr/local/lib/python3.7/site-packages/numpy/polynomial/_polybase.pyr›   r   )r   r   g?«Ì”Ößâ>gÕÌZ
Hû?©úD/usr/local/lib/python3.7/site-packages/numpy/polynomial/chebyshev.pyéY   r   )r   r   gíµ ÷ÆĞ>gğhãˆµø?©úC/usr/local/lib/python3.7/site-packages/numpy/polynomial/legendre.pyéS   r   )r   r   gíµ ÷ÆĞ>g
ØFì?©rg   r   r   )r\   r\   g¢&ú|”?g#Diâ?©ú@/usr/local/lib/python3.7/site-packages/numpy/lib/arrayterator.pyrÇ   r   )r   r   gíµ ÷Æğ>g
ØFìó>©ú</usr/local/lib/python3.7/site-packages/numpy/lib/_version.pyrD   r   )r   r   gfLÁgÓñ>gÉÇî%ö>r*  )r   r   gÉÇî%ö>g¾IÓ h?©ú?/usr/local/lib/python3.7/site-packages/numpy/lib/_datasource.pyr\  r   )r   r   gğhãˆµø?g¢'eRC?r   )r\   r\   gãŸÉşy?gOÊ¤†6 ?©úA/usr/local/lib/python3.7/site-packages/numpy/lib/stride_tricks.pyrD   r   )r   r   gíµ ÷Æğ>gíµ ÷Æğ>©rz  r   r   )r   r   ghUMuï>g5wô¿\‹?r€  )r   r   gfLÁgÓñ>g?«Ì”Ößò>©ú@/usr/local/lib/python3.7/site-packages/numpy/lib/index_tricks.pyr   r   )rÇ   rÇ   gÙæÆô„%?g×3ÂÛƒ ?©úC/usr/local/lib/python3.7/site-packages/numpy/matrixlib/defmatrix.pyr   r   )r   r   g,Cëâ6ú>g?«Ì”Öß?©ú/usr/local/lib/python3.7/ast.pyr0  r   )r   r   g!>°ã¿@ ?gíµ ÷Æ ?©ú=/usr/local/lib/python3.7/site-packages/numpy/linalg/linalg.pyrs   r   )r   r   g
ØFìó>g
ØFìó>rû   )ra   ra   g¾IÓ h?g!>°ã¿@?©ú=/usr/local/lib/python3.7/site-packages/numpy/_pytesttester.pyrD  r   )r   r   g¢'eRCë>g·_>Y1\í>©ú&/usr/local/lib/python3.7/subprocess.pyr’  r   )r   r   gÉÇî%?g”Øµ½İ’?©ú%/usr/local/lib/python3.7/selectors.pyr   r   )rD   rD   gíµ ÷Æğ>gî[­—ãE?©ú%/usr/local/lib/python3.7/threading.pyr   r   )é   rú  g­gÇ,{"?gÉÇî%&?©ú%/usr/local/lib/python3.7/traceback.pyr   r   )r   r   g¢&ú|”?gŞ 3ßÁO?)rµ   iá  Ú
PYFUNCTYPE)r   r   g,Cëâ6
?gŞ 3ßÁO?©rµ   r   r   )râ   râ   g¢'eRC;?gê#ğ‡Ÿÿ>?©ú*/usr/local/lib/python3.7/ctypes/_endian.pyr   r   )r   r   g
ØFì?g„¹İË}r?)r¿   r%  Ú_missing_ctypes)r   r   g¢&ú|”ç>gTäqs*é>r¾   )r\   r\   g
ØFì?g™ò!¨½?r´   )r   r   gíµ ÷Æ?gíµ ÷Æ?rk  )r   r   g¢&ú|”÷>g{…÷ø>©ú</usr/local/lib/python3.7/site-packages/numpy/core/records.pyr¿  r   )ra   ra   g¦@fgÑ;?g5wô¿\‹?©ú;/usr/local/lib/python3.7/site-packages/numpy/core/memmap.pyr   r   )r   r   gTäqs*ù>g·_>Y1\ı>©ú;/usr/local/lib/python3.7/site-packages/numpy/core/machar.pyrD   r   )r   r   gfLÁgÓñ>g?«Ì”Ößò>r‡  )r   r   g
ØFì?g¢&ú|”?©rş   r   r   )rG   rG   gìNwxÎ&?g Ävü'?©úA/usr/local/lib/python3.7/site-packages/numpy/core/defchararray.pyr…  r   )r   r   g·_>Y1\ı>g„¹İË}r?©r   r   r   )r   r   g?«Ì”Ößò>g
ØFìó>©ú@/usr/local/lib/python3.7/site-packages/numpy/core/_exceptions.pyrD   r   )rÇ   rÇ   gËÔ$xC%?gî[­—ã%?rÄ   )r   r   g·_>Y1\ı>g¾IÓ hş>rk   )r›   r›   gümOØî?gËÔ$xC%?r   )r   r   gíµ ÷Æğ>gfLÁgÓñ>©ú#/usr/local/lib/python3.7/numbers.pyr\   r   )r   r   gíµ ÷Æğ>gç4´;¤(?rp   )r   r   g
ØFìó>gğhãˆµøô>©ú(/usr/local/lib/python3.7/urllib/parse.pyé   r   )r'   r'   g%z‹‡÷,?g#Diâ-?©ú;/usr/local/lib/python3.7/site-packages/numpy/compat/py3k.pyra   r   )r   r   g·_>Y1\í>ghUMuï>©ú#/usr/local/lib/python3.7/pathlib.pyr   r   )r…  r…  gm7Á7MŸ-?gğhãˆµø4?r%   )r\   r\   g”Øµ½İ’?g¹ltÎOq,?)úh/home/dumtrii/Documents/pyCraft/minecraft/networking/packets/clientbound/play/player_list_item_packet.pyr›   ÚPlayerListItemPacket)rÇ   rÇ   g
¼“Om)?gãŸÉşy*?©r  r   r   )r   r   g·_>Y1\í>g·_>Y1\-?©úp/home/dumtrii/Documents/pyCraft/minecraft/networking/packets/clientbound/play/player_position_and_look_packet.pyr   r   )r   r   gğhãˆµøô>gíµ ÷Æ ?©úd/home/dumtrii/Documents/pyCraft/minecraft/networking/packets/clientbound/play/spawn_object_packet.pyr   r   )r   r   g·_>Y1\í>g„¹İË}r?©úd/home/dumtrii/Documents/pyCraft/minecraft/networking/packets/clientbound/play/block_change_packet.pyrf   ÚMultiBlockChangePacket)r   r   gfLÁgÓñ>g,Cëâ6ú>©r  r   r   )r   r   g¢'eRCû>g°t><K?©úa/home/dumtrii/Documents/pyCraft/minecraft/networking/packets/clientbound/play/explosion_packet.pyrD   ÚExplosionPacket)r   r   gÉÇî%ö>gÉÇî%ö>©r#  r   r   )r   r   g·_>Y1\í>g5wô¿\‹?)úd/home/dumtrii/Documents/pyCraft/minecraft/networking/packets/clientbound/play/sound_effect_packet.pyrÇ   ÚSoundEffectPacket)r   r   g¢&ú|”?gTäqs*	?©r&  r   r   )r   r   gíµ ÷Æğ>gfLÁgÓ?©úc/home/dumtrii/Documents/pyCraft/minecraft/networking/packets/clientbound/play/face_player_packet.pyr   r   )r   r   g¢'eRCë>g
ØFìó>)úb/home/dumtrii/Documents/pyCraft/minecraft/networking/packets/clientbound/play/chunk_data_packet.pyrw   ÚChunkDataPacket)r   r   g5wô¿\‹?gÀ“.«°	?©r+  r   r   )r   r   ghUMuï>gfLÁgÓ?©r  r…  r   )r   r   g™ò!¨½
?grQ-"ŠÉ?©úQ/home/dumtrii/Documents/pyCraft/minecraft/networking/packets/keep_alive_packet.pyr   r   )r   r   g·_>Y1\í>ghUMuï>©úU/home/dumtrii/Documents/pyCraft/minecraft/networking/packets/plugin_message_packet.pyr   r   )r   r   g·_>Y1\í>ghUMuï>©ú^/home/dumtrii/Documents/pyCraft/minecraft/networking/packets/serverbound/handshake/__init__.pyr   r   )r   r   gíµ ÷Æğ>g?«Ì”Ößò>©ú[/home/dumtrii/Documents/pyCraft/minecraft/networking/packets/clientbound/status/__init__.pyr   r   )r   r   gŞ 3ßÁOü>g¾IÓ hş>©ú[/home/dumtrii/Documents/pyCraft/minecraft/networking/packets/serverbound/status/__init__.pyr   r   )r   r   g¦@fgÑ;?g]éEí~?©úZ/home/dumtrii/Documents/pyCraft/minecraft/networking/packets/clientbound/login/__init__.pyr   r   )r   r   g·_>Y1\?g×3ÂÛƒ?©úZ/home/dumtrii/Documents/pyCraft/minecraft/networking/packets/serverbound/login/__init__.pyr   r   )r   r   gfLÁgÓ?g«ZÒQf?)úY/home/dumtrii/Documents/pyCraft/minecraft/networking/packets/clientbound/play/__init__.pyé~   ÚChatMessagePacket)r   r   g·_>Y1\í>ghUMuï>©r=  r   r   )r!  r!  gŞ 3ßÁO,?gCÅ8
1?)úd/home/dumtrii/Documents/pyCraft/minecraft/networking/packets/clientbound/play/combat_event_packet.pyr›   ÚCombatEventPacket)ra   ra   g$Dù‚?gˆÓI¶ºœ?©rA  r   r   )r   r   gTäqs*é>gìNwxÎ?)ú[/home/dumtrii/Documents/pyCraft/minecraft/networking/packets/clientbound/play/map_packet.pyr›   Ú	MapPacket)r   r   g{…÷?gç4´;¤?©rD  r   r   )r   r   gTäqs*é>gùœ»]/M?©ú4/usr/local/lib/python3.7/site-packages/nbt/region.pyr   r   )rú  rú  gíµ ÷Æ ?g»S”KãG?©ú3/usr/local/lib/python3.7/site-packages/nbt/chunk.pyrú  r   )r   r   g¢&ú|”?gç4´;¤?©r€   rf   r   )r   r   gğhãˆµøô>g™ò!¨½*?©úE/home/dumtrii/Documents/pyCraft/minecraft/networking/types/utility.pyr   r   )ra   ra   g#Diâ?gğhãˆµø?©rĞ   rÇ   r   )rÇ   rÇ   g™ò!¨½?ghUMu?©ú1/usr/local/lib/python3.7/site-packages/nbt/nbt.pyr   r   )r…  r…  g
ØFì#?gŞ 3ßÁO<?©ú /usr/local/lib/python3.7/gzip.pyra   r   )r   r   g{…÷ø>g{…÷?)ú(/usr/local/lib/python3.7/_compression.pyr   r   )r   r   gíµ ÷Æà>gÉÇî%?©ú3/usr/local/lib/python3.7/site-packages/nbt/world.pyr   r   )r\   r\   g
ØFì?gŸqá@H?©úM/home/dumtrii/Documents/pyCraft/minecraft/networking/packets/packet_buffer.pyr   r   )r   r   gÉÇî%ö>gìNwxÎ?©úO/home/dumtrii/Documents/pyCraft/minecraft/networking/packets/packet_listener.pyr   r   )r   r   g¢&ú|”ç>gTäqs*é>©úF/home/dumtrii/Documents/pyCraft/minecraft/networking/packets/packet.pyr   r   )r   r   g·_>Y1\í>g{…÷ø>©úC/home/dumtrii/Documents/pyCraft/minecraft/networking/types/basic.pyra   r   )râ   râ   gõ‚Osò"3?g³B‘îç4?©ú&/usr/local/lib/python3.7/__future__.pyr³   r   )r   r   ghUMuï>gíµ ÷Æğ>©ú>/usr/local/lib/python3.7/site-packages/numpy/lib/polynomial.pyra   r   )r   r   g]éEí~?g™ò!¨½
?©ræ   r   r   )r   r   gíµ ÷Æ ?gÒûÆ×Y?©ú7/home/dumtrii/Documents/GoodBot/bot/threads/__init__.pyr   r   )r\   r\   g
ØFì?gğk$	Â?©ú//home/dumtrii/Documents/GoodBot/bot/__init__.pyr   r   )r   r   ghUMuï>g
ØFìó>0)r   r   ú%<built-in method builtins.__import__>)r   iü  gü©ñÒMb@?g6U÷ÈæªÃ?{rW  )i  i  g1zn¡+1?gÀ±gÏejR?©rÔ   é½   ú
<dictcomp>)rJ   rJ   gõ‚Osò"?gõ‚Osò"?©r¦   éÓ   Ú_call_with_frames_removed)rR  r   g8„*5{ %?g6U÷ÈæªÃ?0)r   r   ú<built-in method builtins.abs>)rô   rô   g·_>Y1\İ>g·_>Y1\İ>{r  )rô   rô   g·_>Y1\İ>g·_>Y1\İ>0)r   r   ú<built-in method builtins.any>)r¬   r¬   gü©ñÒMb0?gQ×ÚûT:?{r4   )r   r   gíµ ÷ÆĞ>gğhãˆµøÔ>r?   )r\   r\   gíµ ÷Æ°>gíµ ÷Æ°>©r9   iì  Ú_get_charset_prefix)r   r   g        g        ©r¦   i>  Ú__exit__)éè   rt  gXÎüj0?gÀ“.«°9?0)r   r   ú#<built-in method builtins.callable>)r   r   g        g        {)ú#/usr/local/lib/python3.7/copyreg.pyé   Úconstructor)r   r   g        g        ©rv  r'   Úpickle)r   r   g        g        0)r   r   ú<built-in method builtins.chr>)i   i   gTäqs*	?gTäqs*	?{r¯   )r±   r±   gTäqs*É>gTäqs*É>)r5  rÇ   ú
<listcomp>)é   r}  gÖÿ9Ì—?gÖÿ9Ì—?0)r   r   ú"<built-in method builtins.compile>)i?  i?  gÄAB”/h‘?gÄAB”/h‘?{rˆ  )i=  i=  gXâeS®?gXâeS®?rk  )r   r   gtíè…;G?gtíè…;G?0)r   r   ú<built-in method builtins.dir>)r   r   gíµ ÷Æğ>gíµ ÷Æğ>{rk   )r   r   gíµ ÷Æğ>gíµ ÷Æğ>0)r   r   ú!<built-in method builtins.divmod>)rf   rf   g·_>Y1\İ>g·_>Y1\İ>{r  )rf   rf   g·_>Y1\İ>g·_>Y1\İ>0)r   r   ú<built-in method builtins.exec>)r   i  gŸõfÔ|e?gBÏfÕçº!@{rˆ  )i=  i=  gXÎüj@?g&Ãñ|Ôk?r¢   )r$   r$   gÉ©ajK]?g CÇ*q]?rk  )éÀ   r   gZ³ĞÎi6?g¥J”½¥œÃ?0)r   r   ú"<built-in method builtins.getattr>)iOB iOB gœ.‹‰ÍÇÇ?g…"İÏ)ÈÇ?{rª  )r   r   g        g        ©rÃ  i  r{   )r   r   g        g        )rß   i÷	  Ú_arraymethod)r›   r›   gíµ ÷ÆĞ>gíµ ÷ÆĞ>©rß   iÕ
  r6   )r   r   gíµ ÷Æ°>gíµ ÷Æ°>rŞ   )r$   r$   gTäqs*Ù>gTäqs*Ù>©rß   i  Úview)r   r   g        g        ©rß   ià  r&  )rƒ  rƒ  gfLÁgÓñ>gfLÁgÓñ>©rß   i{  r{   )r›   r›   gíµ ÷ÆÀ>gíµ ÷ÆÀ>©rß   i€  r&  )r›   r›   gğhãˆµøÔ>gğhãˆµøÔ>r#  )rw   rw   gíµ ÷Æà>gíµ ÷Æà>)rß   iM  Úgetmask)r   r   g        g        ©r‘   ét   Ú__get_openssl_constructor)r'   r'   gğhãˆµøä>gğhãˆµøä>rô  )r   r   gíµ ÷Æ°>gíµ ÷Æ°>)r2  i  Útype_aliases_gen)rØ   rØ   gíµ ÷ÆĞ>gíµ ÷ÆĞ>r1  )rØ   rØ   gíµ ÷ÆÀ>gíµ ÷ÆÀ>)úB/usr/local/lib/python3.7/site-packages/numpy/core/_dtype_ctypes.pyr    Ú_from_ctypes_scalar)rm   rm   gíµ ÷Æà>gíµ ÷Æà>©r‘  éa   Údtype_from_ctypes_type)r!  r!  gğhãˆµøÔ>gğhãˆµøÔ>rW  )iâ  iâ  g²EÒnô1?g²EÒnô1?©ú?/usr/local/lib/python3.7/site-packages/numpy/core/shape_base.pyr   r   )r   r   gíµ ÷Æ°>gíµ ÷Æ°>r  )r   r   gíµ ÷Æ°>gíµ ÷Æ°>rÁ   )iŠ0 iŠ0 g²*ÂMF•Ç?g²*ÂMF•Ç?r   )r\   r\   gíµ ÷ÆÀ>gíµ ÷ÆÀ>©r0   r  Ú__prepare__)ra   ra   gíµ ÷ÆÀ>gíµ ÷ÆÀ>r4   )r³   r³   g¢'eRCë>g¢'eRCë>r—   )r!  r!  gTäqs*é>g{…÷ø>r‘  )ra   ra   gTäqs*Ù>gTäqs*Ù>ré   )iZ	  iZ	  g!>°ã¿@@?g!>°ã¿@@?©ry   iI  Ú_get_parent_path)r›   r›   gíµ ÷ÆÀ>gíµ ÷ÆÀ>r  )ib  ib  g¢—Q,·´J?g¢—Q,·´J?0)r   r   ú"<built-in method builtins.globals>)im  im  g¢'eRCû>g¢'eRCû>{r  )rG   rG   g        g        ri   )r   r   g        g        ©ri  r   r   )r   r   g        g        rö  )r   r   gíµ ÷Æ°>gíµ ÷Æ°>rW  )i  i  gğhãˆµøô>gğhãˆµøô>r   )r    r    gğhãˆµøÔ>gğhãˆµøÔ>r.  )r   r   g        g        r‘  )ra   ra   g        g        0)r   r   ú"<built-in method builtins.hasattr>)i=  i=  gé²˜Ø|\[?g¬ûÇBt\?{r¬  )r   r   gTäqs*É>gTäqs*É>r¹  )r   r   gíµ ÷Æ°>gíµ ÷Æ°>r†  )r   r   g        g        rÉ  )r   r   g        g        r   )r   r   g        g        rô  )r   r   gíµ ÷Æ°>gíµ ÷Æ°>rö  )ra   ra   gíµ ÷ÆÀ>gíµ ÷ÆÀ>rø  )r   r   gíµ ÷Æ°>gíµ ÷Æ°>r”   )r   r   g        g        ©r¸   é`   Ú_register_known_types)r   r   gíµ ÷Æ°>gíµ ÷Æ°>©ú"/usr/local/lib/python3.7/ntpath.pyr\   r   )r   r   gíµ ÷ÆÀ>gíµ ÷ÆÀ>)r  i†  Ú_NormalAccessor)r   r   gíµ ÷ÆÀ>gíµ ÷ÆÀ>r  )r   r   g        g        r-   )r   r   g        g        )r0   rº  Ú_is_descriptor)é   r¦  gğhãˆµøä>gğhãˆµøä>r4   )é+   r§  g·_>Y1\í>g·_>Y1\í>)r  i4  Ú__subclasshook__)r   r   gíµ ÷Æ°>gíµ ÷Æ°>rx   )iÖ  iÖ  g3j¾J>v'?g3j¾J>v'?©r¦   i±  Úspec_from_loader)rs   rs   gíµ ÷Æà>gíµ ÷Æà>©r¦   i@  Úmodule_from_spec)éê   r­  g5wô¿\‹?g5wô¿\‹?©r¦   i—  Ú_load_unlocked)éæ   r°  gümOØî?gümOØî?r‹  )iÈ  iÈ  gNšEó V?gã5¯ê¬V?0)r   r   ú<built-in method builtins.id>)r…  r…  gíµ ÷Æ°>gíµ ÷Æ°>{rı   )r$   r$   gíµ ÷Æ°>gíµ ÷Æ°>r  )r   r   g        g        0)r   r   ú%<built-in method builtins.isinstance>)iÙN iÙN gƒˆÔ´‹i²?gƒˆÔ´‹i²?{)r   rn   Ú_checkLevel)r   r   g        g        r†  )r   r   g        g        rŞ   )ra   ra   gíµ ÷Æ°>gíµ ÷Æ°>©rß   iq  Ú__array_finalize__)r   r   g        g        ©r‹   r”  Úseed)r   r   gíµ ÷Æ°>gíµ ÷Æ°>rf  )r    r    gTäqs*Ù>gTäqs*Ù>r“  )r!  r!  gíµ ÷ÆÀ>gíµ ÷ÆÀ>rW  )iâ  iâ  gümOØî?gümOØî?©rÂ   iı  Úsum)iŠ0 iŠ0 gå•ëm3²?gå•ëm3²?rp   )r7   r7   gTäqs*Ù>gTäqs*Ù>)r&   iª  Ú_check_tzinfo_arg)r   r   g        g        r  )rW   rW   g¢&ú|”ç>g¢&ú|”ç>r  )r   r   g        g        r  )r   r   gíµ ÷ÆÀ>gíµ ÷ÆÀ>)r)   r$   Úismethod)ij  ij  g©MœÜïP$?g©MœÜïP$?)r)   r  Ú
isfunction)ij  ij  g#Diâ?g#Diâ?)r)   r§  Úiscode)if  if  gÖÿ9Ì—?gÖÿ9Ì—?)r&   i{  Ú_check_int_field)r¿  r¿  gíµ ÷ÆĞ>gíµ ÷ÆĞ>r^  )r   r   gíµ ÷Æ°>gíµ ÷Æ°>©r_  i  r;   )i  i  gˆÓI¶ºœ2?gˆÓI¶ºœ2?r/   )r§  r§  g·_>Y1\İ>g·_>Y1\İ>©r0   é±   ú	<setcomp>)iŸ  iŸ  g,Cëâ6
?g,Cëâ6
?r4   )r§  r§  g?«Ì”Ößâ>g?«Ì”Ößâ>©r0   i…  Ú_create_)é1   rÅ  gTäqs*Ù>gTäqs*Ù>©r0   i  r6   )r   r   g        g        ©r0   i  Ú	_missing_)r   r   g        g        ©r0   i>  Ú__or__)r   r   gíµ ÷ÆÀ>gíµ ÷ÆÀ>©r0   iD  Ú__and__)rM   rM   g{…÷ø>g{…÷ø>)r9   iS  Úisstring)éJ   rÎ  g·_>Y1\İ>g·_>Y1\İ>©rO   é¤   Ú__getitem__)i½  i½  gàiTàd+?gàiTàd+?©rO   éà   r{   )rM   rM   gTäqs*É>gTäqs*É>)rO   i‡  Ú	fix_flags)rM   rM   gíµ ÷ÆÀ>gíµ ÷ÆÀ>)rê   i½  Ú	lru_cache)r   r   g        g        r¢   )r$   r$   gğhãˆµøÔ>gğhãˆµøÔ>©r^   é¥   Úsimplefilter)r   r   g        g        r  )rÇ   rÇ   g        g        )rG  é)   Ú_get_sep)r   r   g        g        ©rG  rƒ  Únormcase)r   r   g        g        ©r^   é‚   Úfilterwarnings)r'   r'   gíµ ÷ÆÀ>gíµ ÷ÆÀ>©ry   i  Ú_compile_bytecode)é¾   râ  grQ-"ŠÉ?grQ-"ŠÉ?rx   )i  i  gˆÓI¶ºœ"?gˆÓI¶ºœ"?r‹  )iÀ  iÀ  gÕıL½n!?gÕıL½n!?0)r   r   ú%<built-in method builtins.issubclass>)i³ç i³ç gp"úµõÓŸ?gp"úµõÓŸ?{r‡  )r   r   g        g        )rñ  r,   ÚisComplexType)iªó  iªó  gë˜Ü(²†?gë˜Ü(²†?©rñ  i	  Únorm)iªó  iªó  gñÕâu”?gñÕâu”?r“  )rƒ  rƒ  gğhãˆµøä>gğhãˆµøä>r  )r   r   g        g        )r  r…  Ú_display_as_base)r\   r\   gíµ ÷ÆÀ>gíµ ÷ÆÀ>)r0   iÅ  Ú_find_data_type)rw   rw   gíµ ÷ÆÀ>gíµ ÷ÆÀ>©r0   iº  Ú_get_mixins_)rú  rú  g·_>Y1\İ>g·_>Y1\İ>rİ  )r   r   gíµ ÷Æ°>gíµ ÷Æ°>0)r   r   ú<built-in method builtins.iter>)ra   ra   gíµ ÷Æ°>gíµ ÷Æ°>{©ry   iZ  Ú__iter__)ra   ra   gíµ ÷Æ°>gíµ ÷Æ°>0)r   r   ú<built-in method builtins.len>)i]  iF  gXÎüj@?g¤ÂØBƒB?{r'  )ra   ra   gíµ ÷ÆÀ>gíµ ÷ÆÀ>©ú:/usr/local/lib/python3.7/site-packages/numpy/lib/format.pyé£   r   )r   r   gíµ ÷Æ°>gíµ ÷Æ°>©rù  if  Ú
notify_all)r   r   gíµ ÷Æ°>gíµ ÷Æ°>r”   )r   r   gíµ ÷Æ°>gíµ ÷Æ°>rÅ   )ra   ra   g        g        rÈ   )r0  r0  g        g        r   )r   r   g        g        r(   )r   r   gíµ ÷Æà>gíµ ÷Æà>©r‰  rô   Úverify_matching_signatures)i
  i
  gJ°8œùÕ?gJ°8œùÕ?r   )ra   ra   gíµ ÷Æ°>gíµ ÷Æ°>rå   )r   r   gíµ ÷Æ°>gíµ ÷Æ°>rA  )r   r   gTäqs*Ù>gTäqs*Ù>r¿  )rM   rM   gíµ ÷ÆĞ>gíµ ÷ÆĞ>)r0   r0  Ú
_is_dunder)rR   rR   gğhãˆµøÔ>gğhãˆµøÔ>)r0   é"   Ú
_is_sunder)rR   rR   gíµ ÷Æà>gíµ ÷Æà>r8   )iÖ  iÖ  gíµ ÷Æ ?gíµ ÷Æ ?r?   )i  i  g¾IÓ hş>g¾IÓ hş>©r9   i›  Ú
_mk_bitmap)rw   rw   gíµ ÷Æ°>gíµ ÷Æ°>rB   )r   r   g        g        rğ   )ra   ra   g        g        ©r9   i§  Ú_simple)r,  r,  g?«Ì”Öß?ga2U0*©?)r9   i°  Ú_generate_overlap_table)r›   r›   g        g        rE   )r$   r$   gTäqs*É>gTäqs*É>rH   )r’   r’   gíµ ÷Æà>gíµ ÷Æà>)rO   r   Úgroups)é´   rÿ  g·_>Y1\í>g·_>Y1\í>)rO   é    Ú__len__)iÕ  iÕ  g·_>Y1\ı>g·_>Y1\ı>)rO   i  Útell)ia  ia  gÉÇî%?gÉÇî%?rœ   )rs   rs   g        g        rŸ   )é!   r  gíµ ÷ÆÀ>gíµ ÷ÆÀ>)rO   i˜  Ú_uniq)éŠ   r  g·_>Y1\í>g·_>Y1\í>rU   )r  r  g?«Ì”Ößâ>gTäqs*é>rX   )é¹   r  gÉÇî%?g¢&ú|”?)ú#/usr/local/lib/python3.7/weakref.pyi"  Úupdate)r   r   g        g        r¢   )r$   r$   gTäqs*É>gTäqs*É>©r  éf   r{   )r   r   gíµ ÷Æ°>gíµ ÷Æ°>rF  )r   r   g        g        ©ry   i¶  Ú_classify_pyc)r‚  r‚  grQ-"ŠÉ?grQ-"ŠÉ?©ry   i  Úget_code)r   r   g        g        ©ry   i`  r  )r   r   g        g        rQ  )i‚  i‚  gğhãˆµø?gğhãˆµø?0)r   r   ú<built-in method builtins.max>)rw  rw  g¢&ú|”ç>g¢&ú|”ç>{r   )r   r   gTäqs*Ù>gTäqs*Ù>©rO   é®   Úgetwidth)r…  r…  gğhãˆµøÔ>gğhãˆµøÔ>0)r   r   ú<built-in method builtins.min>)iø  iø  gğhãˆµø$?gğhãˆµø$?{rA  )rw  rw  gğhãˆµøä>gğhãˆµøä>rH   )r  r  gTäqs*é>gTäqs*é>r  )iÁ  iÁ  g$Dù‚"?g$Dù‚"?0)r   r   ú<built-in method builtins.next>)rÜ   rÜ   gğhãˆµøÔ>gğhãˆµøô>{rÙ   )rÜ   rÜ   gğhãˆµøÔ>gğhãˆµøô>0)r   r   ú<built-in method builtins.ord>)iˆ  iˆ  g«ZÒQf?g«ZÒQf?{rœ   )r\   r\   g        g        rŸ   )r  r  gíµ ÷ÆĞ>gíµ ÷ÆĞ>rX   )ia  ia  gùœ»]/M?gùœ»]/M?0)r   r   ú <built-in method builtins.print>)r   r   gü©ñÒMb ?gü©ñÒMb ?{r   )r   r   ghUMuÿ>ghUMuÿ>©útest/test_algo.pyr   r   )ra   ra   g’Wç?g’Wç?0)r   r   ú<built-in method builtins.repr>)rÎ  rÎ  gŞ 3ßÁO?gJ°8œùÕ?{)r)   é’   rj  )é;   r  g¢&ú|”÷>g{…÷ø>r¢   )r$   r$   gíµ ÷Æ ?gíµ ÷Æ ?0)r   r   ú <built-in method builtins.round>)rÇ   rÇ   gğhãˆµøä>gğhãˆµøä>{r  )rÇ   rÇ   gğhãˆµøä>gğhãˆµøä>0)r   r   ú"<built-in method builtins.setattr>)i^  i^  gŞ 3ßÁO<?gíµ ÷Æ@?{r/   )ra   ra   gíµ ÷Æ°>gíµ ÷Æ°>r4   )r§  r§  g¢'eRCû>grQ-"ŠÉ?ré   )i  i  gÒûÆ×Y2?gÒûÆ×Y2?rT  )r   r   gü©ñÒMb ?gü©ñÒMb ?0)r   r   ú!<built-in method builtins.sorted>)r   r   g?«Ì”Ößâ>g?«Ì”Ößâ>{r*  )r   r   gíµ ÷ÆĞ>gíµ ÷ÆĞ>rÓ   )r   r   gğhãˆµøÔ>gğhãˆµøÔ>0)r   r   ú<built-in method builtins.sum>)ra   ra   gíµ ÷ÆĞ>gíµ ÷ÆĞ>{r   )ra   ra   gíµ ÷ÆĞ>gíµ ÷ÆĞ>0)r   r   ú<built-in method builtins.vars>)r   r   gíµ ÷ÆÀ>gíµ ÷ÆÀ>{rƒ   )r   r   gíµ ÷ÆÀ>gíµ ÷ÆÀ>0)r   r   ú#<built-in method _imp.acquire_lock>)iù  iù  gùœ»]/M1?gùœ»]/M1?{)r¦   iW  Ú	__enter__)iÆ  iÆ  g1]ˆÕa?g1]ˆÕa?r©   )r¬   r¬   g¾IÓ h?g¾IÓ h?©r¦   é   Ú_get_module_lock)iA  iA  gm7Á7MŸ?gm7Á7MŸ?0)r   r   ú#<built-in method _imp.release_lock>)iù  iù  gJ°8œùÕ,?gJ°8œùÕ,?{)r¦   i[  rs  )iÆ  iÆ  gümOØî?gümOØî?r©   )r¬   r¬   gŞ 3ßÁOü>gŞ 3ßÁOü>r$  )iA  iA  ga2U0*©?ga2U0*©?0)r   r   ú%<built-in method _imp.create_builtin>)r   r   gÀ“.«°?gÀ“.«°?{rk  )r   r   gÀ“.«°?gÀ“.«°?0)r   r   ú!<built-in method _imp.is_builtin>)rx  rx  gÒûÆ×Y?gÒûÆ×Y?{©r¦   iÏ  rO  )rx  rx  gÒûÆ×Y?gÒûÆ×Y?0)r   r   ú <built-in method _imp.is_frozen>)éë   r,  gõ×+,¸?gõ×+,¸?{)r¦   i  rO  )r,  r,  gõ×+,¸?gõ×+,¸?0)r   r   ú%<built-in method _imp.create_dynamic>)r±   r  ghé
¶?gÚå[Ö…?{rk  )r  r±   ghé
¶?gÚå[Ö…?0)r   r   ú#<built-in method _imp.exec_dynamic>)râ   r  g<îÎÚmW?gÂ&S£‚?{rk  )r  râ   g<îÎÚmW?gÂ&S£‚?0)r   r   ú#<built-in method _imp.exec_builtin>)r   r   gTäqs*É>gTäqs*É>{rk  )r   r   gTäqs*É>gTäqs*É>0)r   r   ú'<built-in method _imp._fix_co_filename>)râ  râ  g•ñï3.,?g•ñï3.,?{rà  )râ  râ  g•ñï3.,?g•ñï3.,?0)r   r   ú<built-in method marshal.dumps>)r   r   g«ZÒQf?g«ZÒQf?{©ry   i  Ú_code_to_timestamp_pyc)r   r   g«ZÒQf?g«ZÒQf?0)r   r   ú<built-in method marshal.loads>)râ  râ  gB>èÙ¬úŒ?gB>èÙ¬úŒ?{rà  )râ  râ  gB>èÙ¬úŒ?gB>èÙ¬úŒ?0)r   r   ú<built-in method sys._getframe>)r$   r$   gíµ ÷Æà>gíµ ÷Æà>{r¢   )r$   r$   gíµ ÷Æà>gíµ ÷Æà>0)r   r   ú<built-in method sys.intern>)r$   r$   gíµ ÷Æà>gíµ ÷Æà>{r¢   )r$   r$   gíµ ÷Æà>gíµ ÷Æà>0)r   r   ú<built-in method posix.stat>)i  i  gj¼t“v?gj¼t“v?{)ry   rÎ  Ú
_path_stat)i  i  gj¼t“v?gj¼t“v?0)r   r   ú<built-in method posix.listdir>)r@  r@  gÜN^ôE?gÜN^ôE?{rq  )r@  r@  gÜN^ôE?gÜN^ôE?0)r   r   ú(<built-in method posix.register_at_fork>)ra   ra   g·_>Y1\İ>g·_>Y1\İ>{r¹  )r   r   gíµ ÷ÆÀ>gíµ ÷ÆÀ>rÉ  )r   r   gíµ ÷ÆÀ>gíµ ÷ÆÀ>rø  )r   r   gTäqs*É>gTäqs*É>0)r   r   ú<built-in method posix.getpid>)r   r   g        g        {rª  )r   r   g        g        0)r   r   ú<built-in method posix.open>)r   r   g¾IÓ hş>g¾IÓ hş>{r  )r   r   g¾IÓ hş>g¾IÓ hş>0)r   r   ú<built-in method posix.putenv>)r   r   g¢&ú|”ç>g¢&ú|”ç>{©r  i©  r2   )r   r   g¢&ú|”ç>g¢&ú|”ç>0)r   r   ú <built-in method posix.unsetenv>)r   r   g?«Ì”Ößâ>g?«Ì”Ößâ>{©r  i¯  Ú__delitem__)r   r   g?«Ì”Ößâ>g?«Ì”Ößâ>0)r   r   ú<built-in method posix.urandom>)r   r   gTäqs*É>gTäqs*É>{rŠ   )r   r   gTäqs*É>gTäqs*É>0)r   r   ú<built-in method posix.fspath>)id  id  g_%»”$?g_%»”$?{rÛ  )r   r   g        g        ro  )r   r   g        g        rF  )r   r   gíµ ÷Æ°>gíµ ÷Æ°>©ry   i>  Úspec_from_file_location)éá   rF  gõ‚Osò"?gõ‚Osò"?r:  )i€  i€  gğk$	Â?gğk$	Â?0)r   r   ú<built-in method _sre.compile>)rM   rM   gõ‚Osò"?gõ‚Osò"?{rÕ   )rM   rM   gõ‚Osò"?gõ‚Osò"?0)r   r   ú$<built-in method _sre.ascii_iscased>)ra   ra   g        g        {r?   )ra   ra   g        g        0)r   r   ú&<built-in method _sre.unicode_iscased>)é[   rJ  g·_>Y1\í>g·_>Y1\í>{r8   )rx  rx  g¢&ú|”ç>g¢&ú|”ç>r?   )r   r   g        g        rE   )ra   ra   gíµ ÷ÆÀ>gíµ ÷ÆÀ>rp  )ra   ra   gíµ ÷Æ°>gíµ ÷Æ°>0)r   r   ú$<built-in method _sre.ascii_tolower>)ra   ra   gTäqs*É>gTäqs*É>{r?   )ra   ra   gTäqs*É>gTäqs*É>0)r   r   ú&<built-in method _sre.unicode_tolower>)r:   r:   gíµ ÷Æà>gíµ ÷Æà>{r8   )r  r  gTäqs*Ù>gTäqs*Ù>r?   )ra   ra   gíµ ÷ÆÀ>gíµ ÷ÆÀ>0)r   r   ú'<method 'groups' of 're.Match' objects>)r   r   gíµ ÷ÆÀ>gíµ ÷ÆÀ>{r”   )r   r   gíµ ÷ÆÀ>gíµ ÷ÆÀ>0)r   r   ú(<method 'match' of 're.Pattern' objects>)i  i  gğhãˆµø$?gğhãˆµø$?{r”   )r   r   gTäqs*Ù>gTäqs*Ù>©r_  éª   Úmatch)i  i  gÎáZía/$?gÎáZía/$?0)r   r   ú&<method 'sub' of 're.Pattern' objects>)i‚  i‚  g,Cëâ6j?g,Cëâ6j?{rl  )iA  iA  gº+»`pÍ]?gº+»`pÍ]?©r_  r  Úsub)iA  iA  gZ}uU V?gZ}uU V?0)r   r   ú*<method 'findall' of 're.Pattern' objects>)iA  iA  gıJçÃ³Y?gıJçÃ³Y?{rl  )iA  iA  gıJçÃ³Y?gıJçÃ³Y?0)r   r   ú(<method 'split' of 're.Pattern' objects>)ra   ra   gğhãˆµø?gğhãˆµø?{©r_  éÍ   Úsplit)ra   ra   gğhãˆµø?gğhãˆµø?0)r   r   ú <built-in method _abc._abc_init>)r  r  geşÑ7iT?geşÑ7iT?{r  )r  r  geşÑ7iT?geşÑ7iT?0)r   r   ú$<built-in method _abc._abc_register>)rú  rú  gfLÁgÓñ>gŸqá@H?{)r  rŞ  Úregister)rú  rú  gfLÁgÓñ>gŸqá@H?0)r   r   ú)<built-in method _abc._abc_instancecheck>)r   r   gTäqs*É>gíµ ÷Æà>{)r  é‰   Ú__instancecheck__)r   r   gTäqs*É>gíµ ÷Æà>0)r   r   ú)<built-in method _abc._abc_subclasscheck>)r'   r0  gCÅ8
?g$Dù‚?{)r  é   Ú__subclasscheck__)r0  r'   gCÅ8
?g$Dù‚?0)r   r   ú!<built-in method atexit.register>)r   r   gíµ ÷Æ°>gíµ ÷Æ°>{r¹  )r   r   gíµ ÷Æ°>gíµ ÷Æ°>0)r   r   ú<built-in method time.time>)r   r   gíµ ÷Æ°>gíµ ÷Æ°>{r¹  )r   r   gíµ ÷Æ°>gíµ ÷Æ°>0)r   r   ú'<built-in method _thread.allocate_lock>)iç  iç  g†ÆAœ‡#?g†ÆAœ‡#?{r¬  )r   r   gíµ ÷Æ°>gíµ ÷Æ°>©rù  ió  r{   )r   r   g        g        rø  )r   r   gíµ ÷Æ°>gíµ ÷Æ°>)r¦   rJ  r{   )iä  iä  gĞîb€D#?gĞîb€D#?0)r   r   ú#<built-in method _thread.get_ident>)i’  i’  gŞ 3ßÁO,?gŞ 3ßÁO,?{)rù  i{  Ú
_set_ident)r   r   g        g        rı   )r$   r$   gTäqs*É>gTäqs*É>)r¦   r   Úacquire)iA  iA  g
¼“Om?g
¼“Om?)r¦   r   Úrelease)iA  iA  g¾IÓ h?g¾IÓ h?0)r   r   ú'<built-in method _thread._set_sentinel>)r   r   g        g        {©rù  i~  Ú_set_tstate_lock)r   r   g        g        0)r   r   ú-<method 'acquire' of '_thread.RLock' objects>)r   r   gíµ ÷Æ°>gíµ ÷Æ°>{)r   éÔ   Ú_acquireLock)r   r   gíµ ÷Æ°>gíµ ÷Æ°>0)r   r   ú-<method 'release' of '_thread.RLock' objects>)r   r   gíµ ÷Æ°>gíµ ÷Æ°>{)r   éİ   Ú_releaseLock)r   r   gíµ ÷Æ°>gíµ ÷Æ°>0)r   r   ú,<method 'acquire' of '_thread.lock' objects>)r   r   gíµ ÷Æ°>gíµ ÷Æ°>{)rù  éÿ   Ú	_is_owned)r   r   g        g        rl  )r   r   gíµ ÷Æ°>gíµ ÷Æ°>0)r   r   ú.<method '__enter__' of '_thread.lock' objects>)r   r   g        g        {)rù  éğ   r#  )r   r   g        g        0)r   r   ú-<method '__exit__' of '_thread.lock' objects>)r   r   g        g        {)rù  éó   rs  )r   r   g        g        0)r   r   ú<built-in method io.open>)r   r   gÉÇî%ö>gÉÇî%ö>{r  )r   r   gÉÇî%ö>gÉÇî%ö>0)r   r   ú'<method 'read' of '_io.FileIO' objects>)éÂ   r}  g¯yUgµÀ^?g¯yUgµÀ^?{)ry   i’  Úget_data)r}  r}  g¯yUgµÀ^?g¯yUgµÀ^?0)r   r   ú(<method 'extend' of 'bytearray' objects>)r›   r›   gíµ ÷ÆÀ>gíµ ÷ÆÀ>{r2  )r›   r›   gíµ ÷ÆÀ>gíµ ÷ÆÀ>0)r   r   ú&<method 'find' of 'bytearray' objects>)i%  i%  g,Cëâ6?g,Cëâ6?{r?   )i%  i%  g,Cëâ6?g,Cëâ6?0)r   r   ú+<method 'translate' of 'bytearray' objects>)rw   rw   g¢'eRCë>g¢'eRCë>{rù  )rw   rw   g¢'eRCë>g¢'eRCë>0)r   r   ú'<method 'setter' of 'property' objects>)r6  r6  g
ØFìó>g
ØFìó>{)r   i”  ÚLoggerAdapter)r   r   gíµ ÷Æ°>gíµ ÷Æ°>©rß   i”
  ÚMaskedArray)r\   r\   gíµ ÷ÆĞ>gíµ ÷ÆĞ>)rù  iã  ÚThread)r   r   gíµ ÷ÆÀ>gíµ ÷ÆÀ>)rõ  rÑ   ÚCalledProcessError)r   r   gíµ ÷Æ°>gíµ ÷Æ°>)rõ  r”  ÚTimeoutExpired)r   r   g        g        )rõ  i`  ÚPopen)r   r   gíµ ÷Æ°>gíµ ÷Æ°>©r  rs   ÚSpawnObjectPacket)r   r   gíµ ÷Æ°>gíµ ÷Æ°>©r  r›   ÚBlockChangePacket)r   r   gíµ ÷Æ°>gíµ ÷Æ°>©r  é=   ÚRecord)r   r   g        g        ©rM  r   Úmulti_attribute_alias)rw   rw   g·_>Y1\İ>g·_>Y1\İ>)r[  r›   ÚPacket)r   r   gíµ ÷Æ°>gíµ ÷Æ°>)ra  iñ  Úpoly1d)r   r   g        g        0)r   r   ú(<method 'deleter' of 'property' objects>)râ   râ   gğhãˆµøä>gğhãˆµøä>{rŠ  )r   r   gíµ ÷Æ°>gíµ ÷Æ°>r‘  )rw   rw   g?«Ì”Ößâ>g?«Ì”Ößâ>0)r   r   ú(<method 'get' of 'mappingproxy' objects>)r    r    gÉÇî%ö>gÉÇî%ö>{)r0   ix  Ú__setattr__)r    r    gÉÇî%ö>gÉÇî%ö>0)r   r   ú*<method 'items' of 'mappingproxy' objects>)rº  rº  g·_>Y1\İ>g·_>Y1\İ>{rÀ  )rº  rº  g·_>Y1\İ>g·_>Y1\İ>0)r   r   ú5<method 'items' of 'collections.OrderedDict' objects>)r§  r§  gíµ ÷ÆĞ>gíµ ÷ÆĞ>{r4   )r§  r§  gíµ ÷ÆĞ>gíµ ÷ÆĞ>0)r—  r   ÚConfirmTransactionPacket)r   r   gíµ ÷ÆÀ>gíµ ÷ÆÀ>{©r   r   r•  )r   r   gíµ ÷ÆÀ>gíµ ÷ÆÀ>0)r—  rJ  ÚHeldItemChangePacket)r   r   gTäqs*É>gTäqs*É>{r›  )r   r   gTäqs*É>gTäqs*É>0)r—  r   r   )r   r   g¢'eRCë>gç4´;¤?{©r   r   r  )r   r   g¢'eRCë>gç4´;¤?0)r™  r  ÚKeepAlivePacket)r   r   gíµ ÷Æ°>gíµ ÷Æ°>{r›  )r   r   gíµ ÷Æ°>gíµ ÷Æ°>0)r™  rR   Ú
ChatPacket)r   r   gíµ ÷ÆÀ>gíµ ÷ÆÀ>{r›  )r   r   gíµ ÷ÆÀ>gíµ ÷ÆÀ>0)r™  éO   ÚPositionAndLookPacket)r   r   g·_>Y1\İ>gíµ ÷Æğ>{r›  )r   r   g·_>Y1\İ>gíµ ÷Æğ>0)r™  rW   ÚTeleportConfirmPacket)r   r   g        g        {r›  )r   r   g        g        0)r™  r  ÚAnimationPacket)r   r   gíµ ÷ÆÀ>gíµ ÷ÆÀ>{r›  )r   r   gíµ ÷ÆÀ>gíµ ÷ÆÀ>0)r™  é“   ÚClientStatusPacket)r   r   gíµ ÷ÆÀ>gíµ ÷ÆÀ>{r›  )r   r   gíµ ÷ÆÀ>gíµ ÷ÆÀ>0)r™  rS   ÚPluginMessagePacket)r   r   gíµ ÷Æ°>gíµ ÷Æ°>{r›  )r   r   gíµ ÷Æ°>gíµ ÷Æ°>0)r™  r  ÚPlayerBlockPlacementPacket)r   r   gíµ ÷Æ°>gíµ ÷Æ°>{r›  )r   r   gíµ ÷Æ°>gíµ ÷Æ°>0)r™  r,  ÚUseItemPacket)r   r   gíµ ÷Æ°>gíµ ÷Æ°>{r›  )r   r   gíµ ÷Æ°>gíµ ÷Æ°>0)r™  r   r   )r   r   g¢'eRCë>gXà+ºõš>?{r  )r   r   g¢'eRCë>gXà+ºõš>?0)rš  r\  ÚChatMode)r   r   g        g        {r›  )r   r   g        g        0)rš  rÙ  Ú	SkinParts)r   r   gíµ ÷Æ°>gíµ ÷Æ°>{r›  )r   r   gíµ ÷Æ°>gíµ ÷Æ°>0)rš  r›   r›  )r   r   gíµ ÷ÆÀ>gÒûÆ×Y?{r›  )r   r   gíµ ÷ÆÀ>gÒûÆ×Y?0)rš  r   r   )r   r   gíµ ÷ÆĞ>g°t><K?{r  )r   r   gíµ ÷ÆĞ>g°t><K?0)r  rú  ÚDiggingPacket)r   r   gíµ ÷ÆÀ>gíµ ÷ÆÀ>{r›  )r   r   gíµ ÷ÆÀ>gíµ ÷ÆÀ>0)r  rw  ÚClickWindowPacket)r   r   gíµ ÷ÆÀ>gíµ ÷ÆÀ>{r›  )r   r   gíµ ÷ÆÀ>gíµ ÷ÆÀ>0)r  rM   rš  )r   r   gíµ ÷ÆÀ>gíµ ÷ÆÀ>{r›  )r   r   gíµ ÷ÆÀ>gíµ ÷ÆÀ>0)r  rÅ  rœ  )r   r   gíµ ÷Æ°>gíµ ÷Æ°>{r›  )r   r   gíµ ÷Æ°>gíµ ÷Æ°>0)r  r  r§  )r   r   gíµ ÷ÆÀ>gíµ ÷ÆÀ>{r›  )r   r   gíµ ÷ÆÀ>gíµ ÷ÆÀ>0)r  r   r   )r   r   gğhãˆµøä>gŸqá@H?{r  )r   r   gğhãˆµøä>gŸqá@H?0)rŸ  r   ÚNoToolException)r   r   g        g        {r›  )r   r   g        g        0)rŸ  r   r   )r   r   gíµ ÷ÆÀ>gfLÁgÓñ>{r  )r   r   gíµ ÷ÆÀ>gfLÁgÓñ>0)r   r÷  ú
<listcomp>)iR¿  iR¿  gmIFÎBä?gMò#~µ@{©r   r@  Úwalk_and_mine_priority)iR¿  iR¿  gmIFÎBä?gMò#~µ@0)r   r@  r°  )iR¿  iR¿  g­¾º*Pç?g’Z(™œJ@{©r   r   Úexpand)iR¿  iR¿  g­¾º*Pç?g’Z(™œJ@0)r   r   r   )r   r   gÕıL½n1?g)ÍæqX?{r   )r   r   gÕıL½n1?g)ÍæqX?0)r   r   r²  )i  i  g“k
dv¹?gƒ¼LŠÏ@{r   )i  i  g“k
dv¹?gƒ¼LŠÏ@0)r   r¼   r½   )ià0  ià0  g/õó¦"–?gJ˜iûWVš?{r±  )iÜ0  iÜ0  gIaŞãL–?gİ{¸ä¸Sš?r   )ra   ra   g·_>Y1\İ>gğhãˆµøä>0)r   ér   r®  )ra   ra   gTäqs*Ù>gTäqs*Ù>{r   )ra   ra   gTäqs*Ù>gTäqs*Ù>0)r   rÍ   r®  )ra   ra   g?«Ì”Ößâ>g?«Ì”Ößâ>{r   )ra   ra   g?«Ì”Ößâ>g?«Ì”Ößâ>0)r   r   r   )ra   ra   gø†Âgëà?g÷ç¢!ã1@{r  )ra   ra   gø†Âgëà?g÷ç¢!ã1@0)r   r%  Úget_method_from_dict)i  i  g)ÍæqX?g)ÍæqX?{r±  )i  i  g)ÍæqX?g)ÍæqX?0)r   r   Ú	Algorithm)r   r   gTäqs*É>gTäqs*É>{r›  )r   r   gTäqs*É>gTäqs*É>0)r   r   r   )r   r   gTäqs*Ù>g¢'eRCû>{r  )r   r   gTäqs*Ù>g¢'eRCû>0)r¡  r›   Úget_chunk_coords)iÃø iÃø gyqâ«ÅË?gyqâ«ÅË?{©r¡  r'   Ú	get_block)iÃø iÃø gyqâ«ÅË?gyqâ«ÅË?0)r¡  r'   r¸  )iÃø iÃø g#hÌ$êÕ?gb¯èÖ+ó?{©r   r÷  r®  )iö= iö= gñ·=Ab»Ï?g%@7îì?r¯  )inº  inº  g@ù»wÔ˜´?g.8ƒ¿_ÌÒ?r
   )é\   rº  gF–Ì±¼«?g’Wç8?r   )r   r   gTäqs*Ù>gğhãˆµøô>0)r¡  r$   Úget_chunk_by_chunk_coords)iÃø iÃø gK‘|%È?gK‘|%È?{r·  )iÃø iÃø gK‘|%È?gK‘|%È?0)r¡  r   ÚWorld)r   r   gíµ ÷ÆÀ>gíµ ÷ÆÀ>{r›  )r   r   gíµ ÷ÆÀ>gíµ ÷ÆÀ>0)r¡  r   r   )r   r   gíµ ÷ÆÀ>g
ØFìó>{r  )r   r   gíµ ÷ÆÀ>g
ØFìó>0)r£  ra   Ú	Inventory)r   r   gíµ ÷Æ°>gíµ ÷Æ°>{r›  )r   r   gíµ ÷Æ°>gíµ ÷Æ°>0)r£  r   r   )r   r   gíµ ÷ÆĞ>gÉÇî%ö>{r  )r   r   gíµ ÷ÆĞ>gÉÇî%ö>0)ú)/usr/local/lib/python3.7/json/__init__.pyr”  r   )r   r   g
ØFìó>g˜iûWVšd?{r  )r   r   g
ØFìó>g˜iûWVšd?0)r¥  rw   ÚJSONDecodeError)r   r   g        g        {r›  )r   r   g        g        0)r¥  i  r{   )r   r   g¢'eRCë>g¢'eRCë>{©r¾  r”  r   )r   r   g¢'eRCë>g¢'eRCë>0)r¥  éş   ÚJSONDecoder)r   r   gíµ ÷ÆÀ>gíµ ÷ÆÀ>{r›  )r   r   gíµ ÷ÆÀ>gíµ ÷ÆÀ>0)r¥  r   r   )r   r   gíµ ÷Æğ>gÑ/¤ÃCX?{r  )r   r   gíµ ÷Æğ>gÑ/¤ÃCX?0)ú(/usr/local/lib/python3.7/json/scanner.pyr   r   )r   r   gğhãˆµøä>gF–Ì±¼«N?{r  )r   r   gğhãˆµøä>gF–Ì±¼«N?0)r°   éh   r{   )r   r   gíµ ÷ÆÀ>gíµ ÷ÆÀ>{rÀ  )r   r   gíµ ÷ÆÀ>gíµ ÷ÆÀ>0)r°   r’   ÚJSONEncoder)r   r   gíµ ÷ÆÀ>gíµ ÷ÆÀ>{r›  )r   r   gíµ ÷ÆÀ>gíµ ÷ÆÀ>0)r°   r   r   )r   r   gğhãˆµø?g{£V˜¾×@?{r  )r   r   gğhãˆµø?g{£V˜¾×@?0)r§  éx   ÚTextTestRunner)r   r   gíµ ÷ÆÀ>gíµ ÷ÆÀ>{r›  )r   r   gíµ ÷ÆÀ>gíµ ÷ÆÀ>0)r§  r   r   )r   r   g¢&ú|”ç>g.n£¼2?{r  )r   r   g¢&ú|”ç>g.n£¼2?0)r©  rÇ   Ú_InterruptHandler)r   r   g        g        {r›  )r   r   g        g        0)r©  r   r   )r   r   gTäqs*Ù>gŞ 3ßÁOü>{r  )r   r   gTäqs*Ù>gŞ 3ßÁOü>0)úI/usr/local/lib/python3.7/site-packages/numpy/testing/_private/__init__.pyr   r   )r   r   g        g        {r  )r   r   g        g        0)r«  r  ÚKnownFailureException)r   r   g        g        {r›  )r   r   g        g        0)r«  iö  Ú_Dummy)r   r   g        g        {r›  )r   r   g        g        0)r«  iR  ÚIgnoreException)r   r   g        g        {r›  )r   r   g        g        0)r«  i|  Úclear_and_catch_warnings)r   r   gíµ ÷Æ°>gíµ ÷Æ°>{r›  )r   r   gíµ ÷Æ°>gíµ ÷Æ°>0)r«  i¾  Úsuppress_warnings)r   r   gTäqs*É>gTäqs*É>{r›  )r   r   gTäqs*É>gTäqs*É>0)r«  ra   r   )r   r   g#Diâ?goD÷¬k´L?{r  )r   r   g#Diâ?goD÷¬k´L?0)r­  rù   Ú_RandomNameSequence)r   r   gíµ ÷ÆÀ>gíµ ÷ÆÀ>{r›  )r   r   gíµ ÷ÆÀ>gíµ ÷ÆÀ>0)r­  i  Ú_TemporaryFileCloser)r   r   gíµ ÷Æ°>gíµ ÷Æ°>{r›  )r   r   gíµ ÷Æ°>gíµ ÷Æ°>0)r­  iÉ  Ú_TemporaryFileWrapper)r   r   gíµ ÷ÆĞ>gíµ ÷ÆĞ>{r›  )r   r   gíµ ÷ÆĞ>gíµ ÷ÆĞ>0)r­  is  ÚSpooledTemporaryFile)r   r   gíµ ÷ÆĞ>gíµ ÷ÆĞ>{r›  )r   r   gíµ ÷ÆĞ>gíµ ÷ÆĞ>0)r­  i  ÚTemporaryDirectory)r   r   gTäqs*É>gTäqs*É>{r›  )r   r   gTäqs*É>gTäqs*É>0)r­  rm   r   )r   r   g·_>Y1\í>g
¼“Om?{r  )r   r   g·_>Y1\í>g
¼“Om?0)úK/usr/local/lib/python3.7/site-packages/numpy/testing/_private/decorators.pyr¡   Úskipif)r   r   g        g        {©rÔ  r$   r   )r   r   g        g        0)rÔ  r$   r   )r   r   g¢&ú|”ç>ghUMuï>{r  )r   r   g¢&ú|”ç>ghUMuï>0)r¯  rÍ   Ú
NoseTester)r   r   gíµ ÷ÆÀ>gíµ ÷ÆÀ>{r›  )r   r   gíµ ÷ÆÀ>gíµ ÷ÆÀ>0)r¯  r\   r   )r   r   gTäqs*é>gÉÇî%?{r  )r   r   gTäqs*é>gÉÇî%?0)r—  râ   ÚWindowItemsPacket)r   r   gíµ ÷Æ°>gíµ ÷Æ°>{r›  )r   r   gíµ ÷Æ°>gíµ ÷Æ°>0)r—  r÷  ÚSetSlotPacket)r   r   gíµ ÷Æ°>gíµ ÷Æ°>{r›  )r   r   gíµ ÷Æ°>gíµ ÷Æ°>0)r±  rÚ   Ú
TestLoader)r   r   gíµ ÷ÆĞ>gíµ ÷ÆĞ>{r›  )r   r   gíµ ÷ÆĞ>gíµ ÷ÆĞ>0)r±  r   r   )r   r   ghUMuï>gì0&ı½>?{r  )r   r   ghUMuï>gì0&ı½>?0)r³  r~  ÚTestProgram)r   r   gíµ ÷ÆĞ>gíµ ÷ÆĞ>{r›  )r   r   gíµ ÷ÆĞ>gíµ ÷ÆĞ>0)r³  r   r   )r   r   gTäqs*é>gw*àçO[?{r  )r   r   gTäqs*é>gw*àçO[?0)r´  r  Ú_AttributeHolder)r   r   gíµ ÷Æ°>gíµ ÷Æ°>{r›  )r   r   gíµ ÷Æ°>gíµ ÷Æ°>0)r´  éÊ   Ú_Section)r   r   g        g        {r›  )r   r   g        g        0)r´  rµ  r¶  )r   r   gğhãˆµøÔ>gfLÁgÓñ>{r›  )r   r   gğhãˆµøÔ>gfLÁgÓñ>0)r´  iŠ  ÚRawDescriptionHelpFormatter)r   r   g        g        {r›  )r   r   g        g        0)r´  i•  ÚRawTextHelpFormatter)r   r   gíµ ÷Æ°>gíµ ÷Æ°>{r›  )r   r   gíµ ÷Æ°>gíµ ÷Æ°>0)r´  i   ÚArgumentDefaultsHelpFormatter)r   r   gíµ ÷Æ°>gíµ ÷Æ°>{r›  )r   r   gíµ ÷Æ°>gíµ ÷Æ°>0)r´  i±  ÚMetavarTypeHelpFormatter)r   r   g        g        {r›  )r   r   g        g        0)r´  iÒ  ÚArgumentError)r   r   gíµ ÷Æ°>gíµ ÷Æ°>{r›  )r   r   gíµ ÷Æ°>gíµ ÷Æ°>0)r´  iæ  ÚArgumentTypeError)r   r   gíµ ÷Æ°>gíµ ÷Æ°>{r›  )r   r   gíµ ÷Æ°>gíµ ÷Æ°>0)r´  iï  ÚAction)r   r   gíµ ÷Æ°>gíµ ÷Æ°>{r›  )r   r   gíµ ÷Æ°>gíµ ÷Æ°>0)r´  iJ  Ú_StoreAction)r   r   gíµ ÷Æ°>gíµ ÷Æ°>{r›  )r   r   gíµ ÷Æ°>gíµ ÷Æ°>0)r´  im  Ú_StoreConstAction)r   r   g        g        {r›  )r   r   g        g        0)r´  i„  Ú_StoreTrueAction)r   r   g        g        {r›  )r   r   g        g        0)r´  i•  Ú_StoreFalseAction)r   r   gíµ ÷Æ°>gíµ ÷Æ°>{r›  )r   r   gíµ ÷Æ°>gíµ ÷Æ°>0)r´  i¦  Ú_AppendAction)r   r   g        g        {r›  )r   r   g        g        0)r´  iÌ  Ú_AppendConstAction)r   r   gíµ ÷Æ°>gíµ ÷Æ°>{r›  )r   r   gíµ ÷Æ°>gíµ ÷Æ°>0)r´  iç  Ú_CountAction)r   r   g        g        {r›  )r   r   g        g        0)r´  iş  Ú_HelpAction)r   r   g        g        {r›  )r   r   g        g        0)r´  i  Ú_VersionAction)r   r   gíµ ÷ÆÀ>gíµ ÷ÆÀ>{r›  )r   r   gíµ ÷ÆÀ>gíµ ÷ÆÀ>0)r´  i-  Ú_ChoicesPseudoAction)r   r   g        g        {r›  )r   r   g        g        0)r´  i+  r·  )r   r   gíµ ÷Æ°>gfLÁgÓñ>{r›  )r   r   gíµ ÷Æ°>gfLÁgÓñ>0)r´  i  ÚFileType)r   r   gíµ ÷Æ°>gíµ ÷Æ°>{r›  )r   r   gíµ ÷Æ°>gíµ ÷Æ°>0)r´  iÃ  Ú	Namespace)r   r   g        g        {r›  )r   r   g        g        0)r´  i×  Ú_ActionsContainer)r   r   gíµ ÷ÆĞ>gíµ ÷ÆĞ>{r›  )r   r   gíµ ÷ÆĞ>gíµ ÷ÆĞ>0)r´  i
  Ú_ArgumentGroup)r   r   gíµ ÷Æ°>gíµ ÷Æ°>{r›  )r   r   gíµ ÷Æ°>gíµ ÷Æ°>0)r´  i,  Ú_MutuallyExclusiveGroup)r   r   gíµ ÷Æ°>gíµ ÷Æ°>{r›  )r   r   gíµ ÷Æ°>gíµ ÷Æ°>0)r´  i@  ÚArgumentParser)r   r   gTäqs*Ù>gTäqs*Ù>{r›  )r   r   gTäqs*Ù>gTäqs*Ù>0)r´  rR  r   )r   r   gğhãˆµøô>gßPøl<?{r  )r   r   gğhãˆµøô>gßPøl<?0)r§  r!  Ú_WritelnDecorator)r   r   gíµ ÷Æ°>gíµ ÷Æ°>{r›  )r   r   gíµ ÷Æ°>gíµ ÷Æ°>0)r§  rD  ÚTextTestResult)r   r   gíµ ÷ÆĞ>gíµ ÷ÆĞ>{r›  )r   r   gíµ ÷ÆĞ>gíµ ÷ÆĞ>0)r   i‰  r{   )r   r   gíµ ÷ÆÀ>g·_>Y1\İ>{r¹  )r   r   gíµ ÷ÆÀ>g·_>Y1\İ>0)r   iƒ  Ú
RootLogger)r   r   g        g        {r›  )r   r   g        g        0)r   i”  rƒ  )r   r   gğhãˆµøÔ>gTäqs*Ù>{r›  )r   r   gğhãˆµøÔ>gTäqs*Ù>0)r   i  ÚNullHandler)r   r   gíµ ÷Æ°>gíµ ÷Æ°>{r›  )r   r   gíµ ÷Æ°>gíµ ÷Æ°>0)r   rm   r   )r   r   g¾IÓ h?gË¼U×¡šb?{r  )r   r   g¾IÓ h?gË¼U×¡šb?0)r¼  éA   r{   )r   r   g?«Ì”Ößâ>gì†m‹2K?{r›  )r   r   g?«Ì”Ößâ>gì†m‹2K?0)r¼  r~  Ú_TemplateMetaclass)r   r   g        g        {r›  )r   r   g        g        0)r¼  r   ÚTemplate)r   r   gTäqs*É>gTäqs*É>{r›  )r   r   gTäqs*É>gTäqs*É>0)r¼  é¯   Ú	Formatter)r   r   gíµ ÷ÆĞ>gíµ ÷ÆĞ>{r›  )r   r   gíµ ÷ÆĞ>gíµ ÷ÆĞ>0)r¼  r$   r   )r   r   gíµ ÷Æà>g:äf¸ŸO?{r  )r   r   gíµ ÷Æà>g:äf¸ŸO?0)r¾  rô   Ú	_safe_key)r   r   gíµ ÷Æ°>gíµ ÷Æ°>{r›  )r   r   gíµ ÷Æ°>gíµ ÷Æ°>0)r¾  éb   ÚPrettyPrinter)r   r   g?«Ì”Ößò>g?«Ì”Ößò>{r›  )r   r   g?«Ì”Ößò>g?«Ì”Ößò>0)r¾  r¿  r   )r   r   g¢'eRCë>g!>°ã¿@?{r  )r   r   g¢'eRCë>g!>°ã¿@?0)r
  r   r   )r   r   g        g        {r  )r   r   g        g        0)rÁ  rÜ   ÚBaseTestSuite)r   r   g·_>Y1\İ>g·_>Y1\İ>{r›  )r   r   g·_>Y1\İ>g·_>Y1\İ>0)rÁ  rº  Ú	TestSuite)r   r   gíµ ÷Æ°>gíµ ÷Æ°>{r›  )r   r   gíµ ÷Æ°>gíµ ÷Æ°>0)rÁ  i  Ú_ErrorHolder)r   r   gíµ ÷Æ°>gíµ ÷Æ°>{r›  )r   r   gíµ ÷Æ°>gíµ ÷Æ°>0)rÁ  i=  Ú_DebugResult)r   r   gíµ ÷Æ°>gíµ ÷Æ°>{r›  )r   r   gíµ ÷Æ°>gíµ ÷Æ°>0)rÁ  r   r   )r   r   gíµ ÷Æà>g{…÷?{r  )r   r   gíµ ÷Æà>g{…÷?0)r±  é   Ú_FailedTest)r   r   gíµ ÷Æ°>gíµ ÷Æ°>{r›  )r   r   gíµ ÷Æ°>gíµ ÷Æ°>0)r±  éM   r{   )r   r   gíµ ÷ÆÀ>gíµ ÷ÆÀ>{r°  )r   r   gíµ ÷ÆÀ>gíµ ÷ÆÀ>0)rÃ  i5  Ú
_deprecate)rs   rs   gíµ ÷ÆĞ>gíµ ÷ÆĞ>{©rÃ  i_  ÚTestCase)rs   rs   gíµ ÷ÆĞ>gíµ ÷ÆĞ>0)rÃ  i_  r  )r   r   gğhãˆµøô>gùœ»]/M?{r›  )r   r   gğhãˆµøô>gùœ»]/M?0)rÃ  iK  ÚFunctionTestCase)r   r   ghUMu?ghUMu?{r›  )r   r   ghUMu?ghUMu?0)rÃ  i…  Ú_SubTest)r   r   gíµ ÷Æ°>gíµ ÷Æ°>{r›  )r   r   gíµ ÷Æ°>gíµ ÷Æ°>0)rÃ  r   r   )r   r   g·_>Y1\ı>gLOXâes?{r  )r   r   g·_>Y1\ı>gLOXâes?0)rÅ  r§  ÚSequenceMatcher)r   r   gíµ ÷ÆÀ>gíµ ÷ÆÀ>{r›  )r   r   gíµ ÷ÆÀ>gíµ ÷ÆÀ>0)rÅ  iï  ÚDiffer)r   r   gíµ ÷Æ°>gíµ ÷Æ°>{r›  )r   r   gíµ ÷Æ°>gíµ ÷Æ°>0)rÅ  i«  ÚHtmlDiff)r   r   gíµ ÷ÆÀ>gíµ ÷ÆÀ>{r›  )r   r   gíµ ÷ÆÀ>gíµ ÷ÆÀ>0)rÅ  rÆ  r   )r   r   g¢'eRCë>g²c#¯ë7?{r  )r   r   g¢'eRCë>g²c#¯ë7?0)r   rn   r³  )r   r   gíµ ÷Æ°>gíµ ÷Æ°>{©r   i-  r{   )r   r   g        g        ©r   i=  r{   )r   r   gíµ ÷Æ°>gíµ ÷Æ°>0)r   ro  rp  )r   r   gíµ ÷ÆĞ>gğhãˆµøÔ>{r   )r   r   gíµ ÷ÆĞ>gğhãˆµøÔ>0)r   rr  rs  )r   r   gíµ ÷Æ°>gíµ ÷ÆÀ>{r   )r   r   gíµ ÷Æ°>gíµ ÷ÆÀ>0)r   éö   Ú!_register_at_fork_acquire_release)r   r   gTäqs*É>gğhãˆµøÔ>{©r   iJ  Ú
createLock)r   r   gTäqs*É>gğhãˆµøÔ>0)r   i  Ú	LogRecord)r   r   gíµ ÷Æ°>gíµ ÷Æ°>{r›  )r   r   gíµ ÷Æ°>gíµ ÷Æ°>0)r   iª  r{   )r   r   gíµ ÷Æ°>gíµ ÷Æ°>{)r   i  r{   )r   r   gíµ ÷Æ°>gíµ ÷Æ°>0)r   i¤  ÚPercentStyle)r   r   gíµ ÷ÆÀ>gíµ ÷ÆÀ>{r›  )r   r   gíµ ÷ÆÀ>gíµ ÷ÆÀ>0)r   i³  ÚStrFormatStyle)r   r   gíµ ÷Æ°>gíµ ÷Æ°>{r›  )r   r   gíµ ÷Æ°>gíµ ÷Æ°>0)r   i¼  ÚStringTemplateStyle)r   r   gíµ ÷Æ°>gíµ ÷Æ°>{r›  )r   r   gíµ ÷Æ°>gíµ ÷Æ°>0)r   i  r{   )r   r   gíµ ÷ÆÀ>gTäqs*É>{r¹  )r   r   gíµ ÷ÆÀ>gTäqs*É>0)r   iÔ  rş  )r   r   gTäqs*É>gTäqs*É>{r›  )r   r   gTäqs*É>gTäqs*É>0)r   iƒ  ÚBufferingFormatter)r   r   g        g        {r›  )r   r   g        g        0)r   i­  ÚFilter)r   r   gíµ ÷Æ°>gíµ ÷Æ°>{r›  )r   r   gíµ ÷Æ°>gíµ ÷Æ°>0)r   i×  r{   )r   r   gíµ ÷ÆÀ>gíµ ÷ÆÀ>{r  )r   r   gíµ ÷Æ°>gíµ ÷Æ°>r  )r   r   gíµ ÷Æ°>gíµ ÷Æ°>0)r   iÒ  ÚFilterer)r   r   gíµ ÷Æ°>gíµ ÷Æ°>{r›  )r   r   gíµ ÷Æ°>gíµ ÷Æ°>0)r   i  r   )r   r   gTäqs*É>gğhãˆµøä>{r  )r   r   gTäqs*É>gğhãˆµøä>0)r   i-  r{   )r   r   gTäqs*É>g¢&ú|”÷>{)r   iy  r{   )r   r   gTäqs*É>g¢&ú|”÷>0)r   iJ  r  )r   r   gíµ ÷ÆÀ>gíµ ÷Æà>{r  )r   r   gíµ ÷ÆÀ>gíµ ÷Æà>0)r   i$  ÚHandler)r   r   gğhãˆµøÔ>gğhãˆµøÔ>{r›  )r   r   gğhãˆµøÔ>gğhãˆµøÔ>0)r   iß  ÚStreamHandler)r   r   gíµ ÷Æ°>gíµ ÷Æ°>{r›  )r   r   gíµ ÷Æ°>gíµ ÷Æ°>0)r   i.  ÚFileHandler)r   r   gíµ ÷Æ°>gíµ ÷Æ°>{r›  )r   r   gíµ ÷Æ°>gíµ ÷Æ°>0)r   iy  r{   )r   r   gíµ ÷ÆĞ>g¢'eRCû>{r¹  )r   r   gíµ ÷ÆĞ>g¢'eRCû>0)r   is  Ú_StderrHandler)r   r   gíµ ÷Æ°>gíµ ÷Æ°>{r›  )r   r   gíµ ÷Æ°>gíµ ÷Æ°>0)r   i‹  ÚPlaceHolder)r   r   gíµ ÷Æ°>gíµ ÷Æ°>{r›  )r   r   gíµ ÷Æ°>gíµ ÷Æ°>0)r   iº  r{   )r   r   gíµ ÷ÆÀ>gíµ ÷ÆÀ>{r¹  )r   r   gíµ ÷ÆÀ>gíµ ÷ÆÀ>0)r   iµ  ÚManager)r   r   gíµ ÷Æ°>gíµ ÷Æ°>{r›  )r   r   gíµ ÷Æ°>gíµ ÷Æ°>0)r   i=  r{   )r   r   gTäqs*É>gğhãˆµøÔ>{)r   i‰  r{   )r   r   gTäqs*É>gğhãˆµøÔ>0)r   i.  ÚLogger)r   r   gTäqs*Ù>gTäqs*Ù>{r›  )r   r   gTäqs*Ù>gTäqs*Ù>0)r$  i/  Ú_fromnxfunction_args)r   r   g        g        {r›  )r   r   g        g        0)r$  iH  Ú_fromnxfunction_allargs)r   r   gíµ ÷Æ°>gíµ ÷Æ°>{r›  )r   r   gíµ ÷Æ°>gíµ ÷Æ°>0)r$  i³  ÚMAxisConcatenator)r   r   gíµ ÷ÆÀ>gíµ ÷ÆÀ>{r›  )r   r   gíµ ÷ÆÀ>gíµ ÷ÆÀ>0)r$  iã  r{   )r   r   gíµ ÷ÆÀ>gTäqs*É>{r>  )r   r   gíµ ÷ÆÀ>gTäqs*É>0)r$  iÑ  Úmr_class)r   r   gíµ ÷Æ°>gíµ ÷Æ°>{r›  )r   r   gíµ ÷Æ°>gíµ ÷Æ°>0)r$  rs   r   )r   r   g#Diâ?gÀ“.«°9?{r  )r   r   g#Diâ?gÀ“.«°9?0)ú@/usr/local/lib/python3.7/site-packages/numpy/testing/__init__.pyrD   r   )r   r   gŞ 3ßÁOü>gÃ´oî¯‡?{r  )r   r   gŞ 3ßÁOü>gÃ´oî¯‡?0)re   rf   r   )r   r   gŞ 3ßÁOü>gí·v¢$$‚?{r  )r   r   gŞ 3ßÁOü>gí·v¢$$‚?0)rÈ  r'   Úfailfast)r   r   g·_>Y1\İ>gTäqs*ù>{)rÈ  rm   Ú
TestResult)r   r   g·_>Y1\İ>gTäqs*ù>0)rÈ  rm   r+  )r   r   gğhãˆµøÔ>g¾IÓ hş>{r›  )r   r   gğhãˆµøÔ>g¾IÓ hş>0)rÈ  r   r   )r   r   gTäqs*é>grQ-"ŠÉ;?{r  )r   r   gTäqs*é>grQ-"ŠÉ;?0)ú)/usr/local/lib/python3.7/unittest/util.pyr   r   )r   r   g?«Ì”Ößâ>g
ØFì#?{r  )r   r   g?«Ì”Ößâ>g
ØFì#?0)rÃ  r  ÚSkipTest)r   r   gíµ ÷Æ°>gíµ ÷Æ°>{r›  )r   r   gíµ ÷Æ°>gíµ ÷Æ°>0)rÃ  r  Ú_ShouldStop)r   r   g        g        {r›  )r   r   g        g        0)rÃ  r  Ú_UnexpectedSuccess)r   r   gíµ ÷Æ°>gíµ ÷Æ°>{r›  )r   r   gíµ ÷Æ°>gíµ ÷Æ°>0)rÃ  r7   Ú_Outcome)r   r   gíµ ÷Æ°>g·_>Y1\í>{r›  )r   r   gíµ ÷Æ°>g·_>Y1\í>0)rÃ  é€   Ú_BaseTestCaseContext)r   r   gíµ ÷Æ°>gíµ ÷Æ°>{r›  )r   r   gíµ ÷Æ°>gíµ ÷Æ°>0)rÃ  r^  Ú_AssertRaisesBaseContext)r   r   gíµ ÷Æ°>gíµ ÷Æ°>{r›  )r   r   gíµ ÷Æ°>gíµ ÷Æ°>0)rÃ  é¸   Ú_AssertRaisesContext)r   r   gíµ ÷Æ°>gíµ ÷Æ°>{r›  )r   r   gíµ ÷Æ°>gíµ ÷Æ°>0)rÃ  rr  Ú_AssertWarnsContext)r   r   gTäqs*É>gTäqs*É>{r›  )r   r   gTäqs*É>gTäqs*É>0)rÃ  i  Ú_CapturingHandler)r   r   gíµ ÷ÆÀ>gíµ ÷ÆÀ>{r›  )r   r   gíµ ÷ÆÀ>gíµ ÷ÆÀ>0)rÃ  i)  Ú_AssertLogsContext)r   r   gíµ ÷Æ°>gíµ ÷Æ°>{r›  )r   r   gíµ ÷Æ°>gíµ ÷Æ°>0)rÃ  iU  Ú_OrderedChainMap)r   r   g        g        {r›  )r   r   g        g        0)rÃ  i  r{   )r   r   g·_>Y1\İ>g?«Ì”Ößâ>{rª  )r   r   g·_>Y1\İ>g?«Ì”Ößâ>0)rÃ  i®  ÚaddTypeEqualityFunc)r\   r\   gíµ ÷ÆÀ>gíµ ÷ÆÀ>{r„  )r\   r\   gíµ ÷ÆÀ>gíµ ÷ÆÀ>0)rß   i÷	  r…  )r›   r›   g¢'eRCë>gfLÁgÓñ>{r„  )r›   r›   g¢'eRCë>gfLÁgÓñ>0)rß   i$
  ÚMaskedIterator)r   r   gíµ ÷Æ°>gíµ ÷Æ°>{r›  )r   r   gíµ ÷Æ°>gíµ ÷Æ°>0)rß   iÕ
  r6   )r   r   g¢&ú|”ç>g{…÷?{©rß   i­  r6   )r   r   g¢&ú|”ç>g{…÷?0)rß   iW  rà   )r   r   gğhãˆµøÔ>gíµ ÷Æğ>{r´  )r   r   gğhãˆµøÔ>gíµ ÷Æğ>0)rß   iq  rµ  )r   r   g·_>Y1\ı>grQ-"ŠÉ?{©rß   i¿  rµ  )r   r   gğhãˆµøô>g!>°ã¿@ ?©r   r   ú*<method 'view' of 'numpy.ndarray' objects>)r   r   gíµ ÷Æà>g¢&ú|”÷>0)rß   i  rˆ  )r   r   gíµ ÷ÆÀ>gğhãˆµø?{r<  )r   r   gíµ ÷ÆÀ>gğhãˆµø?0)rß   i  Údtype)ra   ra   gTäqs*É>gTäqs*É>{r†  )r   r   gíµ ÷Æ°>gíµ ÷Æ°>r´  )r   r   gíµ ÷ÆÀ>gíµ ÷ÆÀ>0)rß   i#  Úshape)r   r   gíµ ÷Æ°>gíµ ÷Æ°>{r†  )r   r   gíµ ÷Æ°>gíµ ÷Æ°>r´  )r   r   g        g        0)rß   i”
  r…  )r   r   gğhãˆµø?gÕÌZ
Hû?{r›  )r   r   gğhãˆµø?gÕÌZ
Hû?0)rß   iá  Úmvoid)r   r   gTäqs*Ù>gTäqs*Ù>{r›  )r   r   gTäqs*Ù>gTäqs*Ù>0)rß   i§  Ú__has_singleton)ra   ra   gíµ ÷Æ°>gíµ ÷Æ°>{r<  )r   r   g        g        r=  )r   r   g        g        )rß   iÿ  r—  )r   r   gíµ ÷Æ°>gíµ ÷Æ°>0)rß   i­  r6   )r   r   g¢&ú|”ç>gvk™Çó?{rá   )r   r   g¢&ú|”ç>gvk™Çó?0)rß   i¿  rµ  )r   r   gíµ ÷ÆÀ>gùœ»]/M?{r>  )r   r   gíµ ÷ÆÀ>gùœ»]/M?0)rß   iÿ  r—  )r   r   gíµ ÷ÆĞ>gğhãˆµøÔ>{r´  )r   r   gíµ ÷ÆÀ>gTäqs*É>r‡  )r   r   gíµ ÷ÆÀ>gíµ ÷ÆÀ>0)rß   i£  ÚMaskedConstant)r   r   gğhãˆµøÔ>gğhãˆµøÔ>{r›  )r   r   gğhãˆµøÔ>gğhãˆµøÔ>0)rß   id  r{   )r   r   gğhãˆµøÔ>g¾IÓ hş>{rá   )r   r   gğhãˆµøÔ>g¾IÓ hş>0)rß   i[  Ú_extrema_operation)r   r   gíµ ÷Æ°>gíµ ÷Æ°>{r›  )r   r   gíµ ÷Æ°>gíµ ÷Æ°>0)rß   iÛ  r{   )r0  r0  gŞ 3ßÁOü>g!>°ã¿@@?{rá   )r0  r0  gŞ 3ßÁOü>g!>°ã¿@@?0)rß   ià  r&  )r0  r0  gÖÿ9Ì—?g3Lm©ƒ¼>?{)rß   iÛ  r{   )r0  r0  gÖÿ9Ì—?g3Lm©ƒ¼>?0)rß   iĞ  Ú_frommethod)r   r   gíµ ÷Æ°>gíµ ÷Æ°>{r›  )r   r   gíµ ÷Æ°>gíµ ÷Æ°>0)rß   i{  r{   )r›   r›   g·_>Y1\í>g’Wç?{rá   )r›   r›   g·_>Y1\í>g’Wç?0)rß   i€  r&  )r›   r›   g¢&ú|”ç>g:‘`ª™µ?{rŠ  )r›   r›   g¢&ú|”ç>g:‘`ª™µ?0)rß   in  Ú_convert2ma)r   r   gíµ ÷Æ°>gíµ ÷Æ°>{r›  )r   r   gíµ ÷Æ°>gíµ ÷Æ°>0)rß   râ   r   )r   r   gˆ»z-?gzüŞ¦?ûa?{r  )r   r   gˆ»z-?gzüŞ¦?ûa?0)r$  éí   r{   )rs   rs   g?«Ì”Ößâ>ghUMu?{r>  )rs   rs   g?«Ì”Ößâ>ghUMu?0)r$  r%  r&  )rs   rs   ghUMuï>gˆ»z?{)r$  rH  r{   )rs   rs   ghUMuï>gˆ»z?0)r$  éÙ   Ú_fromnxfunction)r   r   gíµ ÷Æ°>gíµ ÷Æ°>{r›  )r   r   gíµ ÷Æ°>gíµ ÷Æ°>0)r$  i  Ú_fromnxfunction_single)r   r   g        g        {r›  )r   r   g        g        0)r$  i"  Ú_fromnxfunction_seq)r   r   gíµ ÷Æ°>gíµ ÷Æ°>{r›  )r   r   gíµ ÷Æ°>gíµ ÷Æ°>0)r   r   ú(<function Random.seed at 0x7fafab504f28>)r   r   ghUMuï>ghUMuï>{r¶  )r   r   ghUMuï>ghUMuï>0)r‹   rô   ÚRandom)r   r   g?«Ì”Ößâ>g?«Ì”Ößâ>{r›  )r   r   g?«Ì”Ößâ>g?«Ì”Ößâ>0)r‹   i©  rŒ   )r   r   gíµ ÷ÆĞ>gíµ ÷Æà>{©r   r   r.  )r   r   gíµ ÷ÆĞ>gíµ ÷Æà>0)r‹   i³  r·  )r   r   g        g        {©r‹   éX   r{   )r   r   g        g        0)r‹   i  ÚSystemRandom)r   r   gíµ ÷Æ°>gíµ ÷Æ°>{r›  )r   r   gíµ ÷Æ°>gíµ ÷Æ°>0)r‹   r  r   )r   r   gˆ»z?g$Dù‚R?{r  )r   r   gˆ»z?g$Dù‚R?0)ú"/usr/local/lib/python3.7/bisect.pyr   r   )r   r   g·_>Y1\İ>g©MœÜïP4?{r  )r   r   g·_>Y1\İ>g©MœÜïP4?0)rË  é³   Ú_ndptr)r   r   gíµ ÷ÆÀ>gíµ ÷ÆÀ>{r›  )r   r   gíµ ÷ÆÀ>gíµ ÷ÆÀ>0)rË  éÈ   Ú_concrete_ndptr)r   r   gíµ ÷ÆÀ>gíµ ÷ÆÀ>{r›  )r   r   gíµ ÷ÆÀ>gíµ ÷ÆÀ>0)rË  ir  ú
<dictcomp>)r   r   gìNwxÎ?gôPÛ†Q0?{)rË  ig  Ú_get_scalar_type_map)r   r   gìNwxÎ?gôPÛ†Q0?0)rË  ig  rY  )r   r   gTäqs*É>g×3ÂÛƒ0?{rÊ  )r   r   gTäqs*É>g×3ÂÛƒ0?0)rË  r   r   )r   r   g¢&ú|”÷>góWÈ\T;?{r  )r   r   g¢&ú|”÷>góWÈ\T;?0)ú;/usr/local/lib/python3.7/site-packages/numpy/ma/__init__.pyrÙ  r   )r   r   gCÅ8
?g¿ò =Eq?{r  )r   r   gCÅ8
?g¿ò =Eq?0)rß   rJ  ÚMaskedArrayFutureWarning)r   r   g        g        {r›  )r   r   g        g        0)rß   r(  r)  )ra   ra   g?«Ì”Ößâ>gÎáZía/4?{r>  )r   r   gğhãˆµøÔ>ghUMu?rá   )r   r   gíµ ÷ÆĞ>g!>°ã¿@0?0)rß   é‘   Úget_object_signature)r7   r7   g¢&ú|”?g
ÚäğI'B?{r‰  )r0  r0  g¢'eRCû>g«<°S¬:?r‹  )r›   r›   gğhãˆµøä>g×3ÂÛƒ?r#  )rs   rs   gíµ ÷Æà>gÉÇî%?0)rß   é¢   ÚMAError)r   r   gíµ ÷Æ°>gíµ ÷Æ°>{r›  )r   r   gíµ ÷Æ°>gíµ ÷Æ°>0)rß   rP  Ú	MaskError)r   r   gíµ ÷Æ°>gíµ ÷Æ°>{r›  )r   r   gíµ ÷Æ°>gíµ ÷Æ°>0)rß   rİ  ú
<listcomp>)r   r   gíµ ÷ÆÀ>gíµ ÷ÆÀ>{rá   )r   r   gíµ ÷ÆÀ>gíµ ÷ÆÀ>0)rß   éÌ   ra  )r   r   gíµ ÷Æ°>gíµ ÷Æ°>{rá   )r   r   gíµ ÷Æ°>gíµ ÷Æ°>0)rß   i!  r{   )r   r   gíµ ÷ÆÀ>gíµ ÷ÆÀ>{rá   )r   r   gíµ ÷ÆÀ>gíµ ÷ÆÀ>0)rß   i  Ú_DomainCheckInterval)r   r   g        g        {r›  )r   r   g        g        0)rß   i9  r{   )r   r   gíµ ÷Æ°>gíµ ÷Æ°>{rá   )r   r   gíµ ÷Æ°>gíµ ÷Æ°>0)rß   i1  Ú
_DomainTan)r   r   g        g        {r›  )r   r   g        g        0)rß   iI  r{   )r\   r\   gTäqs*É>gTäqs*É>{rá   )r\   r\   gTäqs*É>gTäqs*É>0)rß   iC  Ú_DomainSafeDivide)r   r   g        g        {r›  )r   r   g        g        0)rß   i^  r{   )r   r   gíµ ÷ÆÀ>gíµ ÷ÆÀ>{rá   )r   r   gíµ ÷ÆÀ>gíµ ÷ÆÀ>0)rß   iX  Ú_DomainGreater)r   r   g        g        {r›  )r   r   g        g        0)rß   in  r{   )r   r   gíµ ÷Æ°>gíµ ÷Æ°>{rá   )r   r   gíµ ÷Æ°>gíµ ÷Æ°>0)rß   ih  Ú_DomainGreaterEqual)r   r   gTäqs*É>gTäqs*É>{r›  )r   r   gTäqs*É>gTäqs*É>0)rß   iy  r{   )rƒ  rƒ  g?«Ì”Öß"?gãŸÉşy:?{)rß   id  r{   )r   r   g·_>Y1\İ>gTäqs*ù>)rß   i”  r{   )r0  r0  g„¹İË}r?gÎáZía/$?)rß   ià  r{   )rº  rº  g¢&ú|”?gZ³ĞÎi&?)rß   iu  r{   )r\   r\   ghUMuï>gJ°8œùÕ?0)rß   ix  Ú_MaskedUFunc)r   r   gíµ ÷Æ°>gíµ ÷Æ°>{r›  )r   r   gíµ ÷Æ°>gíµ ÷Æ°>0)rß   i”  r{   )r0  r0  gfLÁgÓ?gç4´;¤(?{rá   )r0  r0  gfLÁgÓ?gç4´;¤(?0)rß   i‚  Ú_MaskedUnaryOperation)r   r   gíµ ÷Æ°>gíµ ÷Æ°>{r›  )r   r   gíµ ÷Æ°>gíµ ÷Æ°>0)rß   ià  r{   )rº  rº  ga2U0*©?gEÒnô10?{rá   )rº  rº  ga2U0*©?gEÒnô10?0)rß   iÌ  Ú_MaskedBinaryOperation)r   r   gíµ ÷Æ°>gíµ ÷Æ°>{r›  )r   r   gíµ ÷Æ°>gíµ ÷Æ°>0)rß   iu  r{   )r\   r\   g¢&ú|”ç>gùœ»]/M?{rá   )r\   r\   g¢&ú|”ç>gùœ»]/M?0)rß   i`  Ú_DomainedBinaryOperation)r   r   gíµ ÷Æ°>gíµ ÷Æ°>{r›  )r   r   gíµ ÷Æ°>gíµ ÷Æ°>0)rß   iş  Ú_replace_dtype_fields_recursive)r   r   gíµ ÷Æ°>gíµ ÷Æ°>{)rß   i  Ú_replace_dtype_fields)r   r   gíµ ÷Æ°>gíµ ÷Æ°>0)rß   i  rm  )r   r   gTäqs*É>gíµ ÷ÆĞ>{)rß   i,  Úmake_mask_descr)r   r   gTäqs*É>gíµ ÷ÆĞ>0)rß   i,  rn  )r   r   gíµ ÷Æ°>gğhãˆµøÔ>{r†  )r   r   gíµ ÷Æ°>gğhãˆµøÔ>0)rß   iM  rŒ  )r   r   gíµ ÷ÆÀ>gíµ ÷ÆÀ>{r´  )r   r   gíµ ÷Æ°>gíµ ÷Æ°>r‡  )r   r   gíµ ÷Æ°>gíµ ÷Æ°>0)rß   iP	  r{   )r   r   gíµ ÷Æ°>gíµ ÷Æ°>{rá   )r   r   gíµ ÷Æ°>gíµ ÷Æ°>0)rß   iJ	  Ú_MaskedPrintOption)r   r   gíµ ÷Æ°>gíµ ÷Æ°>{r›  )r   r   gíµ ÷Æ°>gíµ ÷Æ°>0)r   r   ú&<built-in method _hashlib.openssl_md5>)r   r   gTäqs*É>gTäqs*É>{r  )r   r   gTäqs*É>gTäqs*É>0)r   r   ú'<built-in method _hashlib.openssl_sha1>)r   r   gíµ ÷Æ°>gíµ ÷Æ°>{r  )r   r   gíµ ÷Æ°>gíµ ÷Æ°>0)r   r   ú)<built-in method _hashlib.openssl_sha224>)r   r   gíµ ÷ÆÀ>gíµ ÷ÆÀ>{r  )r   r   gíµ ÷ÆÀ>gíµ ÷ÆÀ>0)r   r   ú)<built-in method _hashlib.openssl_sha256>)r   r   gíµ ÷Æ°>gíµ ÷Æ°>{r  )r   r   gíµ ÷Æ°>gíµ ÷Æ°>0)r   r   ú)<built-in method _hashlib.openssl_sha384>)r   r   gíµ ÷Æ°>gíµ ÷Æ°>{r  )r   r   gíµ ÷Æ°>gíµ ÷Æ°>0)r   r   ú)<built-in method _hashlib.openssl_sha512>)r   r   gíµ ÷Æ°>gíµ ÷Æ°>{r  )r   r   gíµ ÷Æ°>gíµ ÷Æ°>0)rÍ  i[  ÚHermite)r   r   gğhãˆµøÔ>gíµ ÷Æà>{r›  )r   r   gğhãˆµøÔ>gíµ ÷Æà>0)rÍ  rÑ   r   )r   r   gÉÇî%ö>g1]ˆÕa?{r  )r   r   gÉÇî%ö>g1]ˆÕa?0)rÏ  iU  ÚHermiteE)r   r   gğhãˆµøÔ>gíµ ÷Æà>{r›  )r   r   gğhãˆµøÔ>gíµ ÷Æà>0)rÏ  rÑ   r   )r   r   g
ØFì?ga2U0*©#?{r  )r   r   g
ØFì?ga2U0*©#?0)rÑ  i*  ÚLaguerre)r   r   gTäqs*Ù>gíµ ÷Æà>{r›  )r   r   gTäqs*Ù>gíµ ÷Æà>0)rÑ  rÑ   r   )r   r   g,Cëâ6ú>gTäqs*?{r  )r   r   g,Cëâ6ú>gTäqs*?0)ú?/usr/local/lib/python3.7/site-packages/numpy/random/__init__.pyé|   r   )r   r   g„¹İË}r?gF	ú=b„?{r  )r   r   g„¹İË}r?gF	ú=b„?0)ú#/usr/local/lib/python3.7/secrets.pyrD   r   )r   r   g·_>Y1\ı>gçOÕé@v?{r  )r   r   g·_>Y1\ı>gçOÕé@v?0)r   r   r   )r   r   gfLÁgÓñ>góWÈ\9?{r  )r   r   gfLÁgÓñ>góWÈ\9?0)rÓ  r…  ú	<genexpr>)i  i  g·_>Y1\ı>g·_>Y1\ı>{rÒ  )i  i  g·_>Y1\ı>g·_>Y1\ı>0)rÓ  rº  r|  )i  i  g·_>Y1\ı>g·_>Y1\ı>{rÒ  )i  i  g·_>Y1\ı>g·_>Y1\ı>0)rÓ  r0  ÚHMAC)r   r   gíµ ÷ÆĞ>gíµ ÷ÆĞ>{r›  )r   r   gíµ ÷ÆĞ>gíµ ÷ÆĞ>0)rÓ  ra   r   )r   r   g·_>Y1\?gô¾ñµgf?{r  )r   r   g·_>Y1\?gô¾ñµgf?0)r‘   r’   r“   )r›   r›   gğhãˆµøä>gÇº¸ğF?{r  )r›   r›   gğhãˆµøä>gÇº¸ğF?0)r‘   r  r  )rG   rG   g{…÷ø>gC§çİXPH?{r  )rG   rG   g{…÷ø>gC§çİXPH?0)r‘   r  r   )r   r   gùœ»]/M?gÜ‚¥º€—I?{r  )r   r   gùœ»]/M?gÜ‚¥º€—I?0)r‹   rQ  r{   )r   r   gíµ ÷ÆĞ>gŞ 3ßÁOü>{rÉ  )r   r   gíµ ÷ÆÀ>g,Cëâ6ú>©r{  rD   r   )r   r   gíµ ÷ÆÀ>gíµ ÷ÆÀ>0)r‹   r”  r·  )r   r   g·_>Y1\İ>g{…÷ø>{rP  )r   r   g·_>Y1\İ>g{…÷ø>0)ú:/usr/local/lib/python3.7/site-packages/numpy/fft/helper.pyra   r   )r   r   gíµ ÷Æğ>g²EÒnô1/?{r  )r   r   gíµ ÷Æğ>g²EÒnô1/?0)ú<__array_function__ internals>r   r   )r   r   gíµ ÷ÆÀ>g?«Ì”Ößâ>{r  )r   r   gíµ ÷ÆÀ>g?«Ì”Ößâ>0)úC/usr/local/lib/python3.7/site-packages/numpy/polynomial/__init__.pyr$   r   )r   r   g·_>Y1\ı>gTäqs*i?{r  )r   r   g·_>Y1\ı>gTäqs*i?0)rÕ  i¢  Ú
Polynomial)r   r   gğhãˆµøÔ>gÉÇî%ö>{r›  )r   r   gğhãˆµøÔ>gÉÇî%ö>0)rÕ  r  r   )r   r   g,Cëâ6ú>gå˜,î?2M?{r  )r   r   g,Cëâ6ú>gå˜,î?2M?0)r×  r  ÚRankWarning)r   r   g        g        {r›  )r   r   g        g        0)r×  rú  Ú	PolyError)r   r   gíµ ÷Æ°>gíµ ÷Æ°>{r›  )r   r   gíµ ÷Æ°>gíµ ÷Æ°>0)r×  r    ÚPolyDomainError)r   r   g        g        {r›  )r   r   g        g        0)r×  éR   ÚPolyBase)r   r   gíµ ÷Æ°>gíµ ÷Æ°>{r›  )r   r   gíµ ÷Æ°>gíµ ÷Æ°>0)r×  rf   r   )r   r   g¢&ú|”ç>gTäqs*?{r  )r   r   g¢&ú|”ç>gTäqs*?0)rÙ  rØ   ÚABCPolyBase)r   r   ga2U0*©?g„¹İË}r?{r›  )r   r   ga2U0*©?g„¹İË}r?0)rÙ  r›   r   )r   r   g·_>Y1\İ>gĞîb€D#?{r  )r   r   g·_>Y1\İ>gĞîb€D#?0)rÛ  i®  Ú	Chebyshev)r   r   gTäqs*Ù>g?«Ì”Ößâ>{r›  )r   r   gTäqs*Ù>g?«Ì”Ößâ>0)rÛ  rÜ  r   )r   r   gTäqs*ù>gvk™Çó?{r  )r   r   gTäqs*ù>gvk™Çó?0)rŞ  iM  ÚLegendre)r   r   gğhãˆµøÔ>g·_>Y1\İ>{r›  )r   r   gğhãˆµøÔ>g·_>Y1\İ>0)rŞ  rß  r   )r   r   ghUMuï>gç4´;¤?{r  )r   r   ghUMuï>gç4´;¤?0)rg   rª   ÚLineSplitter)r   r   gíµ ÷Æ°>gíµ ÷Æ°>{r›  )r   r   gíµ ÷Æ°>gíµ ÷Æ°>0)rg   i  ÚNameValidator)r   r   gğhãˆµøÔ>gğhãˆµøÔ>{r›  )r   r   gğhãˆµøÔ>gğhãˆµøÔ>0)rg   iÖ  ÚConverterError)r   r   gíµ ÷Æ°>gíµ ÷Æ°>{r›  )r   r   gíµ ÷Æ°>gíµ ÷Æ°>0)rg   iŞ  ÚConverterLockError)r   r   gíµ ÷Æ°>gíµ ÷Æ°>{r›  )r   r   gíµ ÷Æ°>gíµ ÷Æ°>0)rg   iæ  ÚConversionWarning)r   r   gíµ ÷Æ°>gíµ ÷Æ°>{r›  )r   r   gíµ ÷Æ°>gíµ ÷Æ°>0)rg   ió  rh   )r   r   gíµ ÷Æğ>gfLÁgÓñ>{r›  )r   r   gíµ ÷Æğ>gfLÁgÓñ>0)rg   r   r   )r   r   gfLÁgÓñ>g<–¸Ê#?{r  )r   r   gfLÁgÓñ>g<–¸Ê#?0)ú=/usr/local/lib/python3.7/site-packages/numpy/lib/financial.pyr'   r   )r   r   gÒûÆ×Y?gÉ w¦(g?{r  )r   r   gÒûÆ×Y?gÉ w¦(g?0)ú#/usr/local/lib/python3.7/decimal.pyr   r   )r   r   g?«Ì”Ößò>g™Êø÷W?{r  )r   r   g?«Ì”Ößò>g™Êø÷W?0)râ  rw   ÚArrayterator)r   r   gTäqs*É>gTäqs*É>{r›  )r   r   gTäqs*É>gTäqs*É>0)râ  rÇ   r   )r   r   gíµ ÷Æà>gfLÁgÓ?{r  )r   r   gíµ ÷Æà>gfLÁgÓ?0)ú</usr/local/lib/python3.7/site-packages/numpy/lib/arraypad.pyr   r   )r   r   gğhãˆµøä>g?«Ì”Öß"?{r  )r   r   gğhãˆµøä>g?«Ì”Öß"?0)rä  rº  ÚNumpyVersion)r   r   gíµ ÷ÆĞ>gíµ ÷ÆĞ>{r›  )r   r   gíµ ÷ÆĞ>gíµ ÷ÆĞ>0)rä  rD   r   )r   r   gíµ ÷ÆĞ>ghUMuÿ>{r  )r   r   gíµ ÷ÆĞ>ghUMuÿ>0)ú</usr/local/lib/python3.7/site-packages/numpy/fft/__init__.pyr   r   )r   r   gğhãˆµøô>gõó¦"Æf?{r  )r   r   gğhãˆµøô>gõó¦"Æf?0)ú8/usr/local/lib/python3.7/site-packages/numpy/fft/info.pyr4  r   )r   r   gTäqs*É>gğhãˆµøÔ>{r  )r   r   gTäqs*É>gğhãˆµøÔ>0)ú=/usr/local/lib/python3.7/site-packages/numpy/fft/pocketfft.pyrD  r   )r   r   g]éEí~?gÁÃ´oî¯^?{r  )r   r   g]éEí~?gÁÃ´oî¯^?0)r+  r   r   )r   r   g#Diâ?g'£Ê0îq?{r  )r   r   g#Diâ?g'£Ê0îq?0)rğ  rñ  r   )r   r   g¢&ú|”ç>g¾IÓ hş>{r  )r   r   g¢&ú|”ç>g¾IÓ hş>0)ræ  é©   r{   )r   r   gíµ ÷Æ°>gíµ ÷Æ°>{rå  )r   r   gíµ ÷Æ°>gíµ ÷Æ°>0)ræ  é   Ú_FileOpeners)r   r   gTäqs*Ù>gTäqs*Ù>{r›  )r   r   gTäqs*Ù>gTäqs*Ù>0)ræ  i  Ú
DataSource)r   r   gTäqs*É>gTäqs*É>{r›  )r   r   gTäqs*É>gTäqs*É>0)ræ  ir  Ú
Repository)r   r   gTäqs*É>gTäqs*É>{r›  )r   r   gTäqs*É>gTäqs*É>0)ræ  r\  r   )r   r   gíµ ÷Æğ>g†œO«d?{r  )r   r   gíµ ÷Æğ>g†œO«d?0)r   r~  ÚError)r   r   gíµ ÷Æ°>gíµ ÷Æ°>{r›  )r   r   gíµ ÷Æ°>gíµ ÷Æ°>0)r   rJ  ÚSameFileError)r   r   gíµ ÷Æ°>gíµ ÷Æ°>{r›  )r   r   gíµ ÷Æ°>gíµ ÷Æ°>0)r   r  ÚSpecialFileError)r   r   g        g        {r›  )r   r   g        g        0)r   rú  Ú	ExecError)r   r   g        g        {r›  )r   r   g        g        0)r   r   Ú	ReadError)r   r   g        g        {r›  )r   r   g        g        0)r   r:   ÚRegistryError)r   r   g        g        {r›  )r   r   g        g        0)r   r   r   )r   r   gTäqs*	?gˆØ`á$Í_?{r  )r   r   gTäqs*	?gˆØ`á$Í_?0)ú/usr/local/lib/python3.7/bz2.pyr   r   )r   r   gğhãˆµøä>gd?‹¥H¾2?{r  )r   r   gğhãˆµøä>gd?‹¥H¾2?0)ú /usr/local/lib/python3.7/lzma.pyrÇ   r   )r   r   gTäqs*Ù>g‹à+Ù±1?{r  )r   r   gTäqs*Ù>g‹à+Ù±1?0)rè  rÜ   Ú
DummyArray)r   r   g        g        {r›  )r   r   g        g        0)rè  rD   r   )r   r   g?«Ì”Ößâ>gÄËÓ¹¢”0?{r  )r   r   g?«Ì”Ößâ>gÄËÓ¹¢”0?0)rz  rw   r{  )rw   rw   gğhãˆµøÔ>gíµ ÷Æğ>{©rz  r³   Ú_numeric_methods)r!  r!  gíµ ÷ÆĞ>g?«Ì”Ößâ>©rz  é?   ÚNDArrayOperatorsMixin)rD   rD   gíµ ÷Æ°>g·_>Y1\İ>0)rz  r¹   r|  )rG   rG   gTäqs*Ù>g?«Ì”Ößâ>{r¦  )r!  r!  gTäqs*Ù>gíµ ÷Æà>r¨  )r   r   g        gíµ ÷Æ°>0)rz  r6  r}  )r!  r!  gíµ ÷Æà>gTäqs*é>{r¦  )r!  r!  gíµ ÷Æà>gTäqs*é>0)rz  r³   r§  )r!  r!  g¢'eRCë>gÉÇî%?{r¨  )r!  r!  g¢'eRCë>gÉÇî%?0)rz  r~  r  )ra   ra   gíµ ÷Æ°>gğhãˆµøÔ>{r¨  )ra   ra   gíµ ÷Æ°>gğhãˆµøÔ>0)rz  r©  rª  )r   r   gíµ ÷Æğ>gˆÓI¶ºœ?{r›  )r   r   gíµ ÷Æğ>gˆÓI¶ºœ?0)rz  r   r   )r   r   gTäqs*Ù>gTäqs*?{r  )r   r   gTäqs*Ù>gTäqs*?0)ú@/usr/local/lib/python3.7/site-packages/numpy/lib/nanfunctions.pyrw  r   )r   r   gğhãˆµø?g/PR`LY?{r  )r   r   gğhãˆµø?g/PR`LY?0)ú>/usr/local/lib/python3.7/site-packages/numpy/lib/shape_base.pyr   r   )r   r   gÀ“.«°	?gØ¶(³A&Y?{r  )r   r   gÀ“.«°	?gØ¶(³A&Y?0)ú;/usr/local/lib/python3.7/site-packages/numpy/lib/scimath.pyr…  r   )r   r   gJ°8œùÕ?g:äf¸ŸO?{r  )r   r   gJ°8œùÕ?g:äf¸ŸO?0)r€  r   ræ  )iªó  iªó  g—Šy­?gÑ=ë-ñ?{r¯  )i‘ì  i‘ì  g?¥J”½¥¬?gÚÿ kÕ®ğ?r   )i  i  gãŸÉşyZ?giP4`‘Ÿ?0)r  iV  Ú	vectorize)r   r   gíµ ÷Æ°>gíµ ÷Æ°>{r›  )r   r   gíµ ÷Æ°>gíµ ÷Æ°>0)r  r   r   )r   r   gÕÌZ
Hû?gw›7N
ón?{r  )r   r   gÕÌZ
Hû?gw›7N
ón?0)ú>/usr/local/lib/python3.7/site-packages/numpy/lib/histograms.pyr   r   )r   r   g{…÷ø>g÷q4GV~9?{r  )r   r   g{…÷ø>g÷q4GV~9?0)rë  i.  ÚAxisConcatenator)r   r   gTäqs*É>gTäqs*É>{r›  )r   r   gTäqs*É>gTäqs*É>0)rë  i  r{   )r   r   gíµ ÷ÆÀ>gTäqs*É>{rê  )r   r   gíµ ÷ÆÀ>gTäqs*É>0)rë  i¦  ÚRClass)r   r   gíµ ÷Æ°>gíµ ÷Æ°>{r›  )r   r   gíµ ÷Æ°>gíµ ÷Æ°>0)rë  i#  r{   )r   r   gíµ ÷Æ°>gíµ ÷ÆÀ>{rê  )r   r   gíµ ÷Æ°>gíµ ÷ÆÀ>0)rë  i
  ÚCClass)r   r   g        g        {r›  )r   r   g        g        0)rë  i*  Úndenumerate)r   r   gíµ ÷ÆÀ>gíµ ÷ÆÀ>{r›  )r   r   gíµ ÷ÆÀ>gíµ ÷ÆÀ>0)rë  i]  Úndindex)r   r   gíµ ÷ÆÀ>gíµ ÷ÆÀ>{r›  )r   r   gíµ ÷ÆÀ>gíµ ÷ÆÀ>0)rë  iØ  r{   )r   r   gíµ ÷Æ°>gíµ ÷Æ°>{rê  )r   r   gíµ ÷Æ°>gíµ ÷Æ°>0)rë  i¬  ÚIndexExpression)r   r   gíµ ÷Æ°>gíµ ÷Æ°>{r›  )r   r   gíµ ÷Æ°>gíµ ÷Æ°>0)rë  r   r   )r   r   g·_>Y1\?g<¾½kĞ‡?{r  )r   r   g·_>Y1\?g<¾½kĞ‡?0)úB/usr/local/lib/python3.7/site-packages/numpy/matrixlib/__init__.pyr   r   )r   r   g?«Ì”Ößâ>g[#‚qpéx?{r  )r   r   g?«Ì”Ößâ>g[#‚qpéx?0)rí  rÎ  Úmatrix)r   r   g¢&ú|”ç>g¢&ú|”ç>{r›  )r   r   g¢&ú|”ç>g¢&ú|”ç>0)rí  r   r   )r   r   g
ØFìó>g¤Œ¸ 4Jw?{r  )r   r   g
ØFìó>g¤Œ¸ 4Jw?0)rï  r"   ÚNodeVisitor)r   r   g        g        {r›  )r   r   g        g        0)rï  i  ÚNodeTransformer)r   r   gíµ ÷Æ°>gíµ ÷Æ°>{r›  )r   r   gíµ ÷Æ°>gíµ ÷Æ°>0)rï  r0  r   )r   r   g!>°ã¿@ ?gÉÇî%&?{r  )r   r   g!>°ã¿@ ?gÉÇî%&?0)ú?/usr/local/lib/python3.7/site-packages/numpy/linalg/__init__.pyrf   r   )r   r   gíµ ÷Æğ>g,ºõšt?{r  )r   r   gíµ ÷Æğ>g,ºõšt?0)ú;/usr/local/lib/python3.7/site-packages/numpy/linalg/info.pyr÷  r   )r   r   gTäqs*É>gğhãˆµøÔ>{r  )r   r   gTäqs*É>gğhãˆµøÔ>0)rñ  rƒ  ÚLinAlgError)r   r   g        g        {r›  )r   r   g        g        0)rñ  r†  Ú_determine_error_states)r   r   g?«Ì”Ößâ>gùœ»]/M?{rğ  )r   r   g?«Ì”Ößâ>gùœ»]/M?0)rñ  r,   rä  )iªó  iªó  gš<e5]O”?gJ±£q¨Ÿ?{rå  )iªó  iªó  gš<e5]O”?gJ±£q¨Ÿ?0)rñ  i	  Ú_norm_dispatcher)iªó  iªó  gü2#…†?gü2#…†?{©r€  r   ræ  )iªó  iªó  gü2#…†?gü2#…†?0)rñ  i	  ræ  )iªó  iªó  g³@»CŠÜ?g~Q‚şBî?{©r   r   úG<built-in method numpy.core._multiarray_umath.implement_array_function>)iªó  iªó  g³@»CŠÜ?g~Q‚şBî?0)rñ  rs   r   )r   r   gùœ»]/M?gÛˆ'»™q?{r  )r   r   gùœ»]/M?gÛˆ'»™q?0)ú?/usr/local/lib/python3.7/site-packages/numpy/lib/twodim_base.pyr   r   )r   r   g]éEí~?gXr‹ßT?{r  )r   r   g]éEí~?gXr‹ßT?0)ú%/usr/local/lib/python3.7/linecache.pyr\   r   )r   r   g·_>Y1\İ>gÔx'Ÿ^?{r  )r   r   g·_>Y1\İ>gÔx'Ÿ^?0)rø   é^   Ú	TokenInfo)r   r   gíµ ÷Æ°>gíµ ÷Æ°>{r›  )r   r   gíµ ÷Æ°>gíµ ÷Æ°>0)rø   r,  r-  )rw   rw   g¢&ú|”ç>g·_>Y1\í>{)rø   él   Úany)r   r   g        gíµ ÷Æ°>)rø   ém   Úmaybe)r   r   gíµ ÷Æ°>gíµ ÷Æ°>rû   )r…  r…  gğhãˆµøä>gTäqs*é>0)rø   rÆ  rÇ  )r   r   gíµ ÷Æ°>gíµ ÷ÆÀ>{rû   )r   r   gíµ ÷Æ°>gíµ ÷ÆÀ>0)rø   rÈ  rÉ  )r   r   g        gíµ ÷Æ°>{rû   )r   r   g        gíµ ÷Æ°>0)rø   rc  rd  )rm   rm   g¢&ú|”ç>gğhãˆµøô>{r÷   )rm   rm   g¢&ú|”ç>gğhãˆµøô>0)rø   rù   rú   )r   r   g¾IÓ h?gãŸÉşy?{rû   )r   r   g¾IÓ h?gãŸÉşy?0)rø   ro  Ú
TokenError)r   r   gíµ ÷Æ°>gíµ ÷Æ°>{r›  )r   r   gíµ ÷Æ°>gíµ ÷Æ°>0)rø   éÖ   ÚStopTokenizing)r   r   g        g        {r›  )r   r   g        g        0)rø   rI  ÚUntokenizer)r   r   gíµ ÷ÆÀ>gíµ ÷ÆÀ>{r›  )r   r   gíµ ÷ÆÀ>gíµ ÷ÆÀ>0)rø   râ   r   )r   r   gÕıL½n!?g&ù¿bW?{r  )r   r   gÕıL½n!?g&ù¿bW?0)rj   r   rg  )r   r   gfLÁgÓñ>g„¹İË}r?{ri   )r   r   gfLÁgÓñ>g„¹İË}r?0)rj   r   r   )r   r   g·_>Y1\İ>gTäqs*	?{r  )r   r   g·_>Y1\İ>gTäqs*	?0)ró  rô   r{   )rs   rs   g?«Ì”Ößâ>g?«Ì”Ößâ>{©r)  rD   r   )r   r   gíµ ÷Æ°>gíµ ÷Æ°>©rZ  rÙ  r   )r   r   gíµ ÷Æ°>gíµ ÷Æ°>©ry  rz  r   )r   r   gíµ ÷Æ°>gíµ ÷Æ°>©r  r$   r   )r   r   gíµ ÷Æ°>gíµ ÷Æ°>©r•  r   r   )r   r   gíµ ÷Æ°>gíµ ÷Æ°>©r¶  r   r   )r   r   g        g        ©rº  rf   r   )r   r   gíµ ÷Æ°>gíµ ÷Æ°>©ú</usr/local/lib/python3.7/site-packages/numpy/lib/__init__.pyr   r   )r   r   gíµ ÷Æ°>gíµ ÷Æ°>rt   )r   r   gíµ ÷Æ°>gíµ ÷Æ°>r-   )r   r   gíµ ÷Æ°>gíµ ÷Æ°>0)ró  r  ÚPytestTester)r   r   gíµ ÷Æ°>gíµ ÷Æ°>{r›  )r   r   gíµ ÷Æ°>gíµ ÷Æ°>0)ró  rD  r   )r   r   gíµ ÷Æà>g,Cëâ6ú>{r  )r   r   gíµ ÷Æà>g,Cëâ6ú>0)rÖ  r   r   )r   r   gF–Ì±¼«?gw×Ùf ?{r  )r   r   gF–Ì±¼«?gw×Ùf ?0)ú8/usr/local/lib/python3.7/site-packages/numpy/lib/info.pyéœ   r   )r   r   gíµ ÷ÆÀ>gíµ ÷ÆĞ>{r  )r   r   gíµ ÷ÆÀ>gíµ ÷ÆĞ>0)ú>/usr/local/lib/python3.7/site-packages/numpy/lib/type_check.pyr   r   )r   r   g{…÷?gœk˜¡ñD`?{r  )r   r   g{…÷?gœk˜¡ñD`?0)ú=/usr/local/lib/python3.7/site-packages/numpy/lib/ufunclike.pyrº  Ú_deprecate_out_named_y)r   r   gTäqs*É>g¢'eRCë>{©rÛ  r   r   )r   r   gTäqs*É>g¢'eRCë>0)rÛ  r§  Ú_fix_out_named_y)r   r   gTäqs*Ù>gğhãˆµøô>{)rÛ  rÑ   Ú$_fix_and_maybe_deprecate_out_named_y)r   r   gTäqs*Ù>gğhãˆµøô>0)rÛ  rÑ   rß  )r   r   gTäqs*É>g{…÷ø>{rİ  )r   r   gTäqs*É>g{…÷ø>0)rÛ  r   r   )r   r   g?«Ì”Ößò>g’Wç8?{r  )r   r   g?«Ì”Ößò>g’Wç8?0)rë  r\  r{   )r   r   gíµ ÷ÆÀ>gíµ ÷ÆÀ>{)rë  r`  r{   )r   r   gíµ ÷Æ°>gíµ ÷Æ°>)rë  i(  r{   )r   r   gíµ ÷Æ°>gíµ ÷Æ°>0)rë  én   Únd_grid)r   r   g        g        {r›  )r   r   g        g        0)rë  r`  r{   )r   r   gíµ ÷Æ°>gíµ ÷ÆÀ>{rê  )r   r   gíµ ÷Æ°>gíµ ÷ÆÀ>0)rë  éÒ   Ú
MGridClass)r   r   gíµ ÷Æ°>gíµ ÷Æ°>{r›  )r   r   gíµ ÷Æ°>gíµ ÷Æ°>0)rë  i(  r{   )r   r   gíµ ÷Æ°>gíµ ÷ÆÀ>{rê  )r   r   gíµ ÷Æ°>gíµ ÷ÆÀ>0)rë  i  Ú
OGridClass)r   r   gíµ ÷Æ°>gíµ ÷Æ°>{r›  )r   r   gíµ ÷Æ°>gíµ ÷Æ°>0)rë  i8  r{   )r   r   gTäqs*É>gTäqs*É>{)r$  iã  r{   )r   r   gíµ ÷Æ°>gíµ ÷Æ°>)rë  i  r{   )r   r   gíµ ÷Æ°>gíµ ÷Æ°>)rë  i#  r{   )r   r   gíµ ÷Æ°>gíµ ÷Æ°>0)rõ  r’  r   )r   r   g¢'eRCû>gÏ‚PŞÇÑ|?{r  )r   r   g¢'eRCû>gÏ‚PŞÇÑ|?0)ri  rs   rj  )r’   r’   g5wô¿\‹?g×3ÂÛƒ?{©r0   i  ú
<listcomp>)r’   r’   g5wô¿\‹?g×3ÂÛƒ?0)ri  r…  rj  )rÎ  rÎ  gğhãˆµøÔ>gğhãˆµøÔ>{rå  )rÎ  rÎ  gğhãˆµøÔ>gğhãˆµøÔ>0)ri  rw  rj  )rç   rç   g?«Ì”Ößâ>g?«Ì”Ößâ>{rå  )rç   rç   g?«Ì”Ößâ>g?«Ì”Ößâ>0)ri  r   r   )r   r   g
ØFì?g‹Q×ÚûTU?{r  )r   r   g
ØFì?g‹Q×ÚûTU?0)r÷  rÑ   Ú_SelectorMapping)r   r   gíµ ÷Æ°>gíµ ÷Æ°>{r›  )r   r   gíµ ÷Æ°>gíµ ÷Æ°>0)r÷  rx  ÚBaseSelector)r   r   gğhãˆµøÔ>gğhãˆµøÔ>{r›  )r   r   gğhãˆµøÔ>gğhãˆµøÔ>0)r÷  éÎ   Ú_BaseSelectorImpl)r   r   gíµ ÷ÆÀ>gíµ ÷ÆÀ>{r›  )r   r   gíµ ÷ÆÀ>gíµ ÷ÆÀ>0)r÷  i"  ÚSelectSelector)r   r   gíµ ÷ÆĞ>gíµ ÷ÆĞ>{r›  )r   r   gíµ ÷ÆĞ>gíµ ÷ÆĞ>0)r÷  iU  Ú_PollLikeSelector)r   r   gíµ ÷ÆÀ>gíµ ÷ÆÀ>{r›  )r   r   gíµ ÷ÆÀ>gíµ ÷ÆÀ>0)r÷  i±  ÚPollSelector)r   r   gíµ ÷Æ°>gíµ ÷Æ°>{r›  )r   r   gíµ ÷Æ°>gíµ ÷Æ°>0)r÷  iº  ÚEpollSelector)r   r   gíµ ÷ÆÀ>gíµ ÷ÆÀ>{r›  )r   r   gíµ ÷ÆÀ>gíµ ÷ÆÀ>0)r÷  r   r   )r   r   g{…÷ø>góWÈ\TK?{r  )r   r   g{…÷ø>góWÈ\TK?0)rù  rç   ÚRLock)r   r   gTäqs*É>gTäqs*É>{r¹  )r   r   gíµ ÷ÆÀ>gíµ ÷ÆÀ>r  )r   r   gíµ ÷Æ°>gíµ ÷Æ°>0)rù  rQ  Ú_RLock)r   r   gíµ ÷ÆÀ>gíµ ÷ÆÀ>{r›  )r   r   gíµ ÷ÆÀ>gíµ ÷ÆÀ>0)rù  éØ   r{   )r   r   gíµ ÷Æà>gíµ ÷Æà>{rf  )r   r   gíµ ÷Æà>gíµ ÷Æà>0)rù  rx  r#  )r   r   gíµ ÷ÆÀ>gíµ ÷ÆÀ>{©rù  i  Úset)r   r   gíµ ÷ÆÀ>gíµ ÷ÆÀ>0)rù  rz  rs  )r   r   gíµ ÷ÆÀ>gíµ ÷ÆÀ>{rò  )r   r   gíµ ÷ÆÀ>gíµ ÷ÆÀ>0)rù  ru  rv  )r   r   gíµ ÷Æ°>gíµ ÷Æ°>{)rù  iO  Únotify)r   r   gíµ ÷Æ°>gíµ ÷Æ°>0)rù  iO  rô  )r   r   gíµ ÷ÆĞ>gğhãˆµøÔ>{rò  )r   r   gíµ ÷ÆĞ>gğhãˆµøÔ>0)rù  if  ró  )r   r   gíµ ÷ÆÀ>gíµ ÷Æà>{rò  )r   r   gíµ ÷ÆÀ>gíµ ÷Æà>0)rù  rb  Ú	Condition)r   r   gíµ ÷ÆĞ>gíµ ÷ÆĞ>{r›  )r   r   gíµ ÷ÆĞ>gíµ ÷ÆĞ>0)rù  ir  Ú	Semaphore)r   r   gíµ ÷Æ°>gíµ ÷Æ°>{r›  )r   r   gíµ ÷Æ°>gíµ ÷Æ°>0)rù  iÂ  ÚBoundedSemaphore)r   r   gíµ ÷Æ°>gíµ ÷Æ°>{r›  )r   r   gíµ ÷Æ°>gíµ ÷Æ°>0)rù  ió  r{   )r   r   gíµ ÷ÆÀ>gğhãˆµøä>{©rù  iö  r{   )r   r   gíµ ÷ÆÀ>gğhãˆµøä>0)rù  i  ró  )r   r   gğhãˆµøÔ>gfLÁgÓñ>{©rù  i–  r{   )r   r   gğhãˆµøÔ>gfLÁgÓñ>0)rù  iè  ÚEvent)r   r   gíµ ÷ÆÀ>gíµ ÷ÆÀ>{r›  )r   r   gíµ ÷ÆÀ>gíµ ÷ÆÀ>0)rù  i7  ÚBarrier)r   r   gğhãˆµøÔ>gğhãˆµøÔ>{r›  )r   r   gğhãˆµøÔ>gğhãˆµøÔ>0)rù  iÑ  ÚBrokenBarrierError)r   r   g        g        {r›  )r   r   g        g        0)rù  iö  r{   )r   r   g?«Ì”Ößâ>gÉÇî%ö>{rù  )r   r   g?«Ì”Ößâ>gÉÇî%ö>0)rù  i{  rh  )r   r   g        g        {rù  )r   r   g        g        0)rù  i~  rm  )r   r   gíµ ÷ÆĞ>gğhãˆµøÔ>{rù  )r   r   gíµ ÷ÆĞ>gğhãˆµøÔ>0)rù  iã  r†  )r   r   g·_>Y1\İ>g?«Ì”Ößâ>{r›  )r   r   g·_>Y1\İ>g?«Ì”Ößâ>0)rù  iv  ÚTimer)r   r   gíµ ÷ÆÀ>gíµ ÷ÆÀ>{r›  )r   r   gíµ ÷ÆÀ>gíµ ÷ÆÀ>0)rù  i–  r{   )r   r   gTäqs*Ù>gÀ“.«°	?{rø  )r   r   gTäqs*Ù>gÀ“.«°	?0)rù  i”  Ú_MainThread)r   r   g        g        {r›  )r   r   g        g        0)rù  i§  Ú_DummyThread)r   r   gíµ ÷Æ°>gíµ ÷Æ°>{r›  )r   r   gíµ ÷Æ°>gíµ ÷Æ°>0)rù  r   r   )r   r   gğhãˆµø?gÄ­‚èÚg?{r  )r   r   gğhãˆµø?gÄ­‚èÚg?0)rü  éã   ÚFrameSummary)r   r   gğhãˆµøÔ>gğhãˆµøÔ>{r›  )r   r   gğhãˆµøÔ>gğhãˆµøÔ>0)rü  i;  ÚStackSummary)r   r   gíµ ÷ÆÀ>gíµ ÷ÆÀ>{r›  )r   r   gíµ ÷ÆÀ>gíµ ÷ÆÀ>0)rü  iµ  ÚTracebackException)r   r   gTäqs*É>gTäqs*É>{r›  )r   r   gTäqs*É>gTäqs*É>0)rü  r   r   )r   r   gTäqs*é>g;ßO—nb?{r  )r   r   gTäqs*é>g;ßO—nb?0)rµ   i7  ÚCDLL)r   r   gíµ ÷ÆÀ>gíµ ÷ÆÀ>{r›  )r   r   gíµ ÷ÆÀ>gíµ ÷ÆÀ>0)rµ   i{  ÚPyDLL)r   r   gíµ ÷Æ°>gíµ ÷Æ°>{r›  )r   r   gíµ ÷Æ°>gíµ ÷Æ°>0)rµ   i¤  r{   )r   r   gíµ ÷ÆÀ>gíµ ÷ÆÀ>{rş  )r   r   gíµ ÷ÆÀ>gíµ ÷ÆÀ>0)rµ   i£  ÚLibraryLoader)r   r   g5wô¿\‹?g5wô¿\‹?{r›  )r   r   g5wô¿\‹?g5wô¿\‹?0)rµ   iâ  ÚCFunctionType)r   r   gíµ ÷ÆĞ>gíµ ÷ÆĞ>{r›  )r   r   gíµ ÷ÆĞ>gíµ ÷ÆĞ>0)rµ   iá  rı  )r   r   gTäqs*É>g#Diâ?{rş  )r   r   gTäqs*É>g#Diâ?0)rµ   r   r   )r   r   g?«Ì”Öß?gÀ"¿~ˆV?{r  )r   r   g?«Ì”Öß?gÀ"¿~ˆV?0)r   r  Ú_swapped_meta)r   r   g        g        {r›  )r   r   g        g        0)r   r   ÚBigEndianStructure)r   r   gíµ ÷Æ°>gíµ ÷Æ°>{r›  )r   r   gíµ ÷Æ°>gíµ ÷Æ°>0)r   r   r   )r   r   gfLÁgÓñ>gfLÁgÓ?{r  )r   r   gfLÁgÓñ>gfLÁgÓ?0)r¿   ré  Údummy_ctype)r   r   gíµ ÷ÆÀ>gíµ ÷ÆÀ>{r›  )r   r   gíµ ÷ÆÀ>gíµ ÷ÆÀ>0)r¿   éÚ   Ú_getintp_ctype)r   r   gğhãˆµøÔ>gğhãˆµøÔ>{rÊ  )r   r   gğhãˆµøÔ>gğhãˆµøÔ>0)r¿   éõ   Úc_void_p)r   r   gíµ ÷Æ°>gíµ ÷Æ°>{r›  )r   r   gíµ ÷Æ°>gíµ ÷Æ°>0)r¿   r%  r  )r   r   gíµ ÷ÆÀ>g·_>Y1\í>{r›  )r   r   gíµ ÷ÆÀ>g·_>Y1\í>0)r¿   éú   Ú_unsafe_first_element_pointer)r   r   gíµ ÷ÆÀ>gíµ ÷ÆÀ>{r›  )r   r   gíµ ÷ÆÀ>gíµ ÷ÆÀ>0)r¿   i"  Ú_ctypes)r   r   gğhãˆµøÔ>gğhãˆµøÔ>{r›  )r   r   gğhãˆµøÔ>gğhãˆµøÔ>0)r¿   i1  Ú_Stream)r   r   gTäqs*É>gTäqs*É>{r›  )r   r   gTäqs*É>gTäqs*É>0)r¿   i>  r‚  )r   r   gíµ ÷Æğ>gÖÿ9Ì—?{©r   r   r"  )r   r   gíµ ÷Æğ>gÖÿ9Ì—?0)r¿   i3  r/  )r   r   g1]ˆÕa?g×3ÂÛƒ0?{©rß   iy  r{   )r   r   g1]ˆÕa?g×3ÂÛƒ0?0)r¿   ia  Únpy_ctypes_check)r!  r!  gíµ ÷Æğ>gíµ ÷Æğ>{©rË  ir  rX  )r!  r!  gíµ ÷Æğ>gíµ ÷Æğ>0)r¿   is  Ú	recursive)r   r   g        g        {r›  )r   r   g        g        0)r¿   r\   r   )r   r   gvk™Çó?g¾dãÁ»?{r  )r   r   gvk™Çó?g¾dãÁ»?0)r•   i}  r–   )r   r   gğhãˆµøä>gÉÇî%ö>{)r•   iå  Úpython_implementation)r   r   gğhãˆµøä>gÉÇî%ö>0)r•   iå  r  )r   r   gíµ ÷ÆÀ>g{…÷ø>{rª  )r   r   gíµ ÷Æ°>gTäqs*É>r¾   )r   r   gíµ ÷Æ°>gğhãˆµøô>0)r•   rs   r   )r   r   g]éEí~?gü6ÄxÍ«Š?{r  )r   r   g]éEí~?gü6ÄxÍ«Š?0)rõ  r  ÚSubprocessError)r   r   g        g        {r›  )r   r   g        g        0)rõ  rÑ   r‡  )r   r   gíµ ÷ÆÀ>gTäqs*É>{r›  )r   r   gíµ ÷ÆÀ>gTäqs*É>0)rõ  r”  rˆ  )r   r   gTäqs*Ù>gTäqs*Ù>{r›  )r   r   gTäqs*Ù>gTäqs*Ù>0)rõ  i  ÚCompletedProcess)r   r   gíµ ÷Æ°>gíµ ÷Æ°>{r›  )r   r   gíµ ÷Æ°>gíµ ÷Æ°>0)rõ  i`  r‰  )r   r   g·_>Y1\í>ghUMuï>{r›  )r   r   g·_>Y1\í>ghUMuï>0)r   r   ú!<built-in method _ctypes.POINTER>)r   r   g
ØFì?g
ØFì?{rí   )r   r   g
ØFì?g
ØFì?0)r   r   ú <built-in method _ctypes.dlopen>)r   r   gíµ ÷ÆÀ>gíµ ÷ÆÀ>{rk  )r   r   gíµ ÷ÆÀ>gíµ ÷ÆÀ>0)r   r   ú <built-in method _ctypes.sizeof>)r  r  g·_>Y1\İ>g·_>Y1\İ>{rş  )rm   rm   gTäqs*É>gTäqs*É>©rµ   é‹   Ú_check_size)rG   rG   gíµ ÷ÆĞ>gíµ ÷ÆĞ>0)ú?/usr/local/lib/python3.7/site-packages/numpy/core/einsumfunc.pyra   r   )r   r   g
ØFìó>g×3ÂÛƒ0?{r  )r   r   g
ØFìó>g×3ÂÛƒ0?0)r2  i  r  )rº  rº  gTäqs*é>gíµ ÷Æğ>{)r2  i  Únumeric_type_aliases)rº  rº  gTäqs*é>gíµ ÷Æğ>0)r2  i  r"  )r   r   gíµ ÷ÆĞ>gğhãˆµøô>{r†  )r   r   gíµ ÷ÆĞ>gğhãˆµøô>0)r2  i5  r„  )rÆ  rÆ  gíµ ÷ÆĞ>gTäqs*é>{r  )rÆ  rÆ  gíµ ÷ÆĞ>gTäqs*é>0)r2  i6  r„  )r\  r\  gÉÇî%ö>gŞ 3ßÁOü>{r  )r\  r\  gÉÇî%ö>gŞ 3ßÁOü>0)r2  i0  r3  )rØ   rØ   gğhãˆµø?gÀxı3?{r†  )rØ   rØ   gğhãˆµø?gÀxı3?0)r2  rs   r   )r   r   gvk™Çó?gËfI-d?{r  )r   r   gvk™Çó?gËfI-d?0)r‘  r    r’  )r!  r!  gğhãˆµøô>g·_>Y1\ı>{r“  )r!  r!  gğhãˆµøô>g·_>Y1\ı>0)r‘  r”  r•  )r!  r!  g{…÷ø>gfLÁgÓ?{r  )r!  r!  g{…÷ø>gfLÁgÓ?0)r‘  rm   r   )r   r   g·_>Y1\İ>gUÁ¨¤N@c?{r  )r   r   g·_>Y1\İ>gUÁ¨¤N@c?0)rµ   r¡   r  )r   r   g        g        {r›  )r   r   g        g        0)rµ   r’   r¶   )r   r   g¢&ú|”ç>gÎáZía/?{rş  )r   r   g·_>Y1\İ>gŞ 3ßÁO?rí   )r   r   gíµ ÷ÆĞ>g{…÷ø>0)rµ   r  r   )rG   rG   gfLÁgÓ?g¢&ú|”?{rş  )rG   rG   gfLÁgÓ?g¢&ú|”?0)rµ   é—   Ú	py_object)r   r   gíµ ÷Æ°>gíµ ÷Æ°>{r›  )r   r   gíµ ÷Æ°>gíµ ÷Æ°>0)rµ   r   Úc_short)r   r   gíµ ÷Æ°>gíµ ÷Æ°>{r›  )r   r   gíµ ÷Æ°>gíµ ÷Æ°>0)rµ   rĞ  Úc_ushort)r   r   g        g        {r›  )r   r   g        g        0)rµ   é¨   Úc_long)r   r   gíµ ÷Æ°>gíµ ÷Æ°>{r›  )r   r   gíµ ÷Æ°>gíµ ÷Æ°>0)rµ   rS   Úc_ulong)r   r   gíµ ÷Æ°>gíµ ÷Æ°>{r›  )r   r   gíµ ÷Æ°>gíµ ÷Æ°>0)rµ   r_   Úc_int)r   r   g        g        {r›  )r   r   g        g        0)rµ   r  Úc_uint)r   r   g        g        {r›  )r   r   g        g        0)rµ   ri  Úc_float)r   r   gíµ ÷Æ°>gíµ ÷Æ°>{r›  )r   r   gíµ ÷Æ°>gíµ ÷Æ°>0)rµ   éÁ   Úc_double)r   r   g        g        {r›  )r   r   g        g        0)rµ   éÅ   Úc_longdouble)r   r   gíµ ÷Æ°>gíµ ÷Æ°>{r›  )r   r   gíµ ÷Æ°>gíµ ÷Æ°>0)rµ   r  Úc_ubyte)r   r   g        g        {r›  )r   r   g        g        0)rµ   rF  Úc_byte)r   r   g        g        {r›  )r   r   g        g        0)rµ   r°  Úc_char)r   r   gíµ ÷Æ°>gíµ ÷Æ°>{r›  )r   r   gíµ ÷Æ°>gíµ ÷Æ°>0)rµ   r,  Úc_char_p)r   r   g        g        {r›  )r   r   g        g        0)rµ   r%  r  )r   r   gíµ ÷Æ°>gíµ ÷Æ°>{r›  )r   r   gíµ ÷Æ°>gíµ ÷Æ°>0)rµ   r  Úc_bool)r   r   gíµ ÷Æ°>gíµ ÷Æ°>{r›  )r   r   gíµ ÷Æ°>gíµ ÷Æ°>0)rµ   rö   Ú	c_wchar_p)r   r   gíµ ÷Æ°>gíµ ÷Æ°>{r›  )r   r   gíµ ÷Æ°>gíµ ÷Æ°>0)rµ   r}  Úc_wchar)r   r   gíµ ÷Æ°>gíµ ÷Æ°>{r›  )r   r   gíµ ÷Æ°>gíµ ÷Æ°>0)rµ   i  rî   )r   r   g_%»”$?goD÷¬k´,?{rş  )r   r   g_%»”$?goD÷¬k´,?0)rµ   i^  Ú_FuncPtr)r   r   gíµ ÷Æ°>gíµ ÷Æ°>{r›  )r   r   gíµ ÷Æ°>gíµ ÷Æ°>0)rµ   iL  r{   )r   r   gTäqs*Ù>gíµ ÷Æ ?{rş  )r   r   gTäqs*Ù>gíµ ÷Æ ?0)r  r   Ú_OrderedCounter)r   r   g        g        {r›  )r   r   g        g        0)r  rü   Úformat_parser)r   r   gíµ ÷Æ°>gíµ ÷Æ°>{r›  )r   r   gíµ ÷Æ°>gíµ ÷Æ°>0)r  r­  Úrecord)r   r   gíµ ÷ÆÀ>gíµ ÷ÆÀ>{r›  )r   r   gíµ ÷ÆÀ>gíµ ÷ÆÀ>0)r  i?  Úrecarray)r   r   gíµ ÷ÆÀ>gíµ ÷ÆÀ>{r›  )r   r   gíµ ÷ÆÀ>gíµ ÷ÆÀ>0)r  r¿  r   )r   r   gTäqs*ù>gĞîb€D#?{r  )r   r   gTäqs*ù>gĞîb€D#?0)r  rm   Úmemmap)r   r   gíµ ÷ÆĞ>gíµ ÷ÆĞ>{r›  )r   r   gíµ ÷ÆĞ>gíµ ÷ÆĞ>0)r  r   r   )r   r   g¢'eRCë>ghUMu?{r  )r   r   g¢'eRCë>ghUMu?0)rX  i²  Ú_add_docstring)i  i  g]éEí~?gxxÏå)?{rW  )i  i  g]éEí~?gxxÏå)?0)rX  i¹  rY  )i  i  g·_>Y1\=?gNĞ&‡O:a?{r1  )rØ   rØ   gfLÁgÓ?g¢'eRC?r†  )rÁ  rÁ  g*6æuÄ!;?g>“ıó4``?0)rX  r   r   )r   r   gÉÇî%ö>gå'Õ>9?{r  )r   r   gÉÇî%ö>gå'Õ>9?0)r  rº  ÚMachAr)r   r   gíµ ÷Æ°>gíµ ÷Æ°>{r›  )r   r   gíµ ÷Æ°>gíµ ÷Æ°>0)r  rD   r   )r   r   g?«Ì”Ößâ>gfLÁgÓ?{r  )r   r   g?«Ì”Ößâ>gfLÁgÓ?0)r¸   rØ   Ú_fr0)r¹   r¹   g?«Ì”Öß?gùœ»]/M?{©r¸   r§  rj  )r¹   r¹   g?«Ì”Öß?gùœ»]/M?0)r¸   rÆ  Ú_fr1)r¹   r¹   gÉÇî%?g¦@fgÑ;?{©r¸   r’  rj  )r¹   r¹   gÉÇî%?g¦@fgÑ;?0)r¸   rÙ  rj  )r\  r\  gfLÁgÓñ>g»yªCn†?{rC  )r¹   r¹   gTäqs*é>gÉÇî%?r·   )r\   r\   gğhãˆµøÔ>gÉÇî%ö>0)r¸   r’  rj  )r¹   r¹   gŞ 3ßÁOü>gTäqs*)?{r·   )r¹   r¹   gŞ 3ßÁOü>gTäqs*)?0)r¸   r§  rj  )r¹   r¹   g”Øµ½İ’?g*T7ÛC?{r·   )r¹   r¹   g”Øµ½İ’?g*T7ÛC?0)r¸   rM   r{   )r\   r\   g<–¸Ê#?gÊ¤†6 P?{rŸ  )r\   r\   g<–¸Ê#?gÊ¤†6 P?0)r¸   r÷  Ú
MachArLike)r   r   gíµ ÷Æ°>gíµ ÷Æ°>{r›  )r   r   gíµ ÷Æ°>gíµ ÷Æ°>0)r¸   rº  Ú_register_type)r›   r›   g·_>Y1\İ>g·_>Y1\İ>{rŸ  )r›   r›   g·_>Y1\İ>g·_>Y1\İ>0)r¸   r   r¡  )r   r   gÖÿ9Ì—'?g<–¸ÊS?{rt   )r   r   gÖÿ9Ì—'?g<–¸ÊS?0)r¸   i%  Úfinfo)r   r   gíµ ÷ÆÀ>gíµ ÷ÆÀ>{r›  )r   r   gíµ ÷ÆÀ>gíµ ÷ÆÀ>0)r¸   iñ  r{   )rD   rD   g
ØFì?g
ØFì?{rO  )ra   ra   g{…÷ø>g{…÷ø>©rÂ  r   r   )r   r   ghUMuï>ghUMuï>0)r¸   i	  Úmax)ra   ra   gğhãˆµøÔ>gğhãˆµøÔ>{rO  )ra   ra   gğhãˆµøÔ>gğhãˆµøÔ>0)r¸   i¼  Úiinfo)r   r   gTäqs*É>gTäqs*É>{r›  )r   r   gTäqs*É>gTäqs*É>0)r¸   r   r   )r   r   gíµ ÷Æ ?gümOØî?{r  )r   r   gíµ ÷Æ ?gümOØî?0)r—  r   r   )r   r   g¾IÓ hş>g–åë2ü§K?{r  )r   r   g¾IÓ hş>g–åë2ü§K?0)rş   iJ  ÚFloatingFormat)r   r   gíµ ÷Æ°>gíµ ÷Æ°>{r›  )r   r   gíµ ÷Æ°>gíµ ÷Æ°>0)rş   iÙ  ÚFloatFormat)r   r   gíµ ÷Æ°>gíµ ÷Æ°>{r›  )r   r   gíµ ÷Æ°>gíµ ÷Æ°>0)rş   ià  ÚLongFloatFormat)r   r   g        g        {r›  )r   r   g        g        0)rş   iy  ÚIntegerFormat)r   r   g        g        {r›  )r   r   g        g        0)rş   i†  Ú
BoolFormat)r   r   g        g        {r›  )r   r   g        g        0)rş   i  ÚComplexFloatingFormat)r   r   g        g        {r›  )r   r   g        g        0)rş   i­  ÚComplexFormat)r   r   gíµ ÷Æ°>gíµ ÷Æ°>{r›  )r   r   gíµ ÷Æ°>gíµ ÷Æ°>0)rş   i´  ÚLongComplexFormat)r   r   g        g        {r›  )r   r   g        g        0)rş   i¼  Ú_TimelikeFormat)r   r   gíµ ÷Æ°>gíµ ÷Æ°>{r›  )r   r   gíµ ÷Æ°>gíµ ÷Æ°>0)rş   iÖ  ÚDatetimeFormat)r   r   gíµ ÷Æ°>gíµ ÷Æ°>{r›  )r   r   gíµ ÷Æ°>gíµ ÷Æ°>0)rş   iö  ÚTimedeltaFormat)r   r   gíµ ÷Æ°>gíµ ÷Æ°>{r›  )r   r   gíµ ÷Æ°>gíµ ÷Æ°>0)rş   iû  ÚSubArrayFormat)r   r   g        g        {r›  )r   r   g        g        0)rş   i  ÚStructuredVoidFormat)r   r   gíµ ÷ÆÀ>gíµ ÷ÆÀ>{r›  )r   r   gíµ ÷ÆÀ>gíµ ÷ÆÀ>0)rş   i*  ÚStructureFormat)r   r   gíµ ÷Æ°>gíµ ÷Æ°>{r›  )r   r   gíµ ÷Æ°>gíµ ÷Æ°>0)rş   iè  Ú_array_str_implementation)r$   r$   gÒûÆ×Y?gt^c—¨Ş:?{rA  )r$   r$   gÒûÆ×Y?gt^c—¨Ş:?0)rş   i1  Úset_string_function)r   r   gíµ ÷ÆÀ>gğhãˆµøÔ>{r  )r   r   gíµ ÷ÆÀ>gğhãˆµøÔ>0)rş   r   r   )r   r   gCÅ8
?gˆe3‡¤F?{r  )r   r   gCÅ8
?gˆe3‡¤F?0)r
  i  Ú	chararray)r   r   g¢&ú|”ç>g¢&ú|”ç>{r›  )r   r   g¢&ú|”ç>g¢&ú|”ç>0)r
  r…  r   )r   r   g²EÒnô1?g†R{mÇt?{r  )r   r   g²EÒnô1?g†R{mÇt?0)rÂ   rÎ  ú
<dictcomp>)iŠ0 iŠ0 g”ŸTût<À?g”ŸTût<À?{rÁ   )iŠ0 iŠ0 g”ŸTût<À?g”ŸTût<À?0)rÂ   r’   rÃ   )iŠ0 iŠ0 g­…Yhç4ã?gò#~Å.@{r¸  )iŠ0 iŠ0 g­…Yhç4ã?gò#~Å.@0)rÂ   iø  Ú_sum_dispatcher)iŠ0 iŠ0 g&qVDMô¡?g&qVDMô¡?{©r€  r   r¹  )iŠ0 iŠ0 g&qVDMô¡?g&qVDMô¡?0)rÂ   iı  r¹  )iŠ0 iŠ0 gUô‡f\Ô?g,¾-XJ@{rÀ  )iŠ0 iŠ0 gUô‡f\Ô?g,¾-XJ@0)rÂ   r   r   )r   r   g”Øµ½İ’?gŸu–=t?{r  )r   r   g”Øµ½İ’?gŸu–=t?0)ú=/usr/local/lib/python3.7/site-packages/numpy/core/_methods.pyr   r   )r   r   gfLÁgÓñ>grQ-"ŠÉ?{r  )r   r   gfLÁgÓñ>grQ-"ŠÉ?0)r€  r   r¹  )iŠ0 iŠ0 gj¢ÏGqÅ?g˜…vN³ @{r¹  )iö= iö= gS®ğ.ñ½?g;6ñº@r¯  )iJë  iJë  g'£Ê0î©?g.5B?Soñ?r
   )r   r   ghUMuÿ>gàiTàdK?r   )i  i  gææÑ=ëZ?g?{ó&¢?0)rş   iÑ  rÿ   )r$   r$   g Ävü7?gú~j¼t“8?{)rş   iè  rX  )r$   r$   g Ävü7?gú~j¼t“8?0)rş   iÎ  Údecorating_function)r   r   gTäqs*Ù>ghUMuÿ>{r  )r   r   gTäqs*Ù>ghUMuÿ>0)rş   iÄ  Ú_recursive_guard)r   r   g        g        {r  )r   r   g        g        0)rä   r   r   )r   r   gTäqs*é>g{…÷ø>{r  )r   r   gTäqs*é>g{…÷ø>0)r   r   ÚComplexWarning)r   r   gíµ ÷Æ°>gíµ ÷Æ°>{r›  )r   r   gíµ ÷Æ°>gíµ ÷Æ°>0)r   é¦   Úones)r   r   gíµ ÷ÆĞ>g¢'eRCû>{©ru   éÃ   Ú_sanity_check)r   r   gíµ ÷ÆĞ>g¢'eRCû>0)r   i`	  r   )r\   r\   g’Wç?gm7Á7MŸ?{r  )r\   r\   g’Wç?gm7Á7MŸ?0)r   r   r   )r   r   gÉÉÄ­‚(?gLÛ¿²Ò¤„?{r  )r   r   gÉÉÄ­‚(?gLÛ¿²Ò¤„?0)ú=/usr/local/lib/python3.7/site-packages/numpy/core/_asarray.pyrÜ   Úasarray)iªó  iªó  gO°ÿ:7m–?g6:ç§8¬?{rå  )iªó  iªó  gO°ÿ:7m–?g6:ç§8¬?0)r  r…  rç  )r\   r\   g·_>Y1\İ>g?«Ì”Ößâ>{r  )r\   r\   g·_>Y1\İ>g?«Ì”Ößâ>0)r  r  ÚUFuncTypeError)r   r   g        g        {r›  )r   r   g        g        0)r  r®   Ú_UFuncBinaryResolutionError)r   r   gíµ ÷Æ°>gíµ ÷Æ°>{r›  )r   r   gíµ ÷Æ°>gíµ ÷Æ°>0)r  r~  Ú_UFuncNoLoopError)r   r   gíµ ÷Æ°>gíµ ÷Æ°>{r›  )r   r   gíµ ÷Æ°>gíµ ÷Æ°>0)r  r’   Ú_UFuncCastingError)r   r   g        g        {r›  )r   r   g        g        0)r  r†  Ú_UFuncInputCastingError)r   r   gíµ ÷Æ°>gíµ ÷Æ°>{r›  )r   r   gíµ ÷Æ°>gíµ ÷Æ°>0)r  rü   Ú_UFuncOutputCastingError)r   r   gíµ ÷Æ°>gíµ ÷Æ°>{r›  )r   r   gíµ ÷Æ°>gíµ ÷Æ°>0)r  éw   ÚTooHardError)r   r   g        g        {r›  )r   r   g        g        0)r  rz  Ú	AxisError)r   r   gíµ ÷Æ°>gíµ ÷Æ°>{r›  )r   r   gíµ ÷Æ°>gíµ ÷Æ°>0)r  r*   Ú_ArrayMemoryError)r   r   gíµ ÷Æ°>gíµ ÷Æ°>{r›  )r   r   gíµ ÷Æ°>gíµ ÷Æ°>0)r  rD   r   )r   r   g?«Ì”Ößâ>gxxÏå)?{r  )r   r   g?«Ì”Ößâ>gxxÏå)?0)rg  r   r   )r   r   gíµ ÷Æà>gğhãˆµøô>{r  )r   r   gíµ ÷Æà>gğhãˆµøô>0)ú+/usr/local/lib/python3.7/collections/abc.pyr   r   )r   r   g¢&ú|”ç>g·_>Y1\í>{r  )r   r   g¢&ú|”ç>g·_>Y1\í>0)rº   r\  ú
<dictcomp>)r   r   gíµ ÷Æ°>gíµ ÷Æ°>{rÄ   )r   r   gíµ ÷Æ°>gíµ ÷Æ°>0)rº   r®   Úseterr)r›   r›   gTäqs*ù>g¾IÓ h?{)rº   i¹  r#  )ra   ra   gíµ ÷Æğ>g„¹İË}r?)rº   i¾  rs  )ra   ra   gíµ ÷Æà>g
ØFìó>0)rº   r  Úgeterr)r›   r›   gÉÇî%ö>g{…÷ø>{©rº   r®   ru  )r›   r›   gÉÇî%ö>g{…÷ø>0)rº   ip  Ú_unspecified)r   r   g        g        {r›  )r   r   g        g        0)rº   iµ  r{   )ra   ra   g¢&ú|”ç>gTäqs*é>{rO  )r   r   gTäqs*É>gíµ ÷ÆĞ>©rñ  r†  r½  )r   r   gTäqs*É>gTäqs*É>rŸ  )r   r   gğhãˆµøÔ>gğhãˆµøÔ>0)rº   i¹  r#  )ra   ra   g·_>Y1\İ>g{…÷?{ry  )r   r   gíµ ÷ÆÀ>g¢'eRCë>rŸ  )r   r   gíµ ÷ÆÀ>g
ØFìó>©ú&/usr/local/lib/python3.7/contextlib.pyr:   Úinner)r   r   gTäqs*É>g·_>Y1\í>0)rº   i¾  rs  )ra   ra   gíµ ÷Æà>gŞ 3ßÁOü>{ry  )r   r   gíµ ÷ÆÀ>gTäqs*Ù>rŸ  )r   r   gíµ ÷ÆĞ>g¢'eRCë>rz  )r   r   gíµ ÷ÆÀ>gíµ ÷Æà>0)rº   iw  Úerrstate)r   r   gíµ ÷Æ°>gíµ ÷Æ°>{r›  )r   r   gíµ ÷Æ°>gíµ ÷Æ°>0)rº   iÄ  Ú_setdef)r   r   gTäqs*É>gTäqs*Ù>{rÄ   )r   r   gTäqs*É>gTäqs*Ù>0)rº   r   r   )r   r   g¾IÓ hş>gà+ºõš4?{r  )r   r   g¾IÓ hş>gà+ºõš4?0)r   r   ú<built-in method _pickle.load>)r   r   g~TÃ~O,í?g~TÃ~O,í?{r  )r   r   g~TÃ~O,í?g~TÃ~O,í?0)rl   iı  Ú
_Unpickler)r   r   g·_>Y1\ı>g·_>Y1\ı>{r›  )r   r   g·_>Y1\ı>g·_>Y1\ı>0)rl   rm   r   )r   r   g¢&ú|”?g—ª´Å5>c?{r  )r   r   g¢&ú|”?g—ª´Å5>c?0)rÆ   r×  ú	<genexpr>)r§  r§  g¢&ú|”ç>g¢&ú|”ç>{rÅ   )r§  r§  g¢&ú|”ç>g¢&ú|”ç>0)rÆ   é§   r  )éU   rƒ  gTäqs*Ù>gTäqs*Ù>{rÅ   )rƒ  rƒ  gTäqs*Ù>gTäqs*Ù>0)rÆ   rÇ   r   )r   r   g¾IÓ h?gğhãˆµø?{r  )r   r   g¾IÓ h?gğhãˆµø?0)r
  r   r6   )r\   r\   gíµ ÷Æ°>gíµ ÷ÆĞ>{rÏ   )r\   r\   gíµ ÷Æ°>gíµ ÷ÆĞ>0)r€  r   Úconcatenate)r   r   gíµ ÷ÆĞ>g·_>Y1\í>{rO  )r   r   gíµ ÷ÆĞ>g·_>Y1\í>0)r€  r   Údot)iªó  iªó  gÈCßİÊ¥?gõfÔ|•È?{rå  )iªó  iªó  gÈCßİÊ¥?gõfÔ|•È?0)r€  r   Úcopyto)r   r   gíµ ÷ÆĞ>g·_>Y1\í>{©r   rb  rc  )r   r   gíµ ÷ÆĞ>g·_>Y1\í>0)ú:/usr/local/lib/python3.7/site-packages/numpy/core/umath.pyrD   r   )r   r   g¾IÓ hş>g¢&ú|”?{r  )r   r   g¾IÓ hş>g¢&ú|”?0)r  r'   ÚNumber)r   r   gíµ ÷Æ°>gíµ ÷Æ°>{r›  )r   r   gíµ ÷Æ°>gíµ ÷Æ°>0)r   i­  Ú	_typedict)r   r   gíµ ÷Æ°>gíµ ÷Æ°>{r›  )r   r   gíµ ÷Æ°>gíµ ÷Æ°>0)r   i½  rÉ   )r   r   gŞ 3ßÁOü>gŞ 3ßÁOü>{r   )r   r   gŞ 3ßÁOü>gŞ 3ßÁOü>0)r   iQ  Ú_register_types)r   r   gTäqs*É>gfLÁgÓ?{r   )r   r   gTäqs*É>gfLÁgÓ?0)r   r   r   )r   r   gç4´;¤?gqş&"à`?{r  )r   r   gç4´;¤?gqş&"à`?0)r  r±   ÚComplex)r   r   gğhãˆµøä>g¢'eRCë>{r›  )r   r   gğhãˆµøä>g¢'eRCë>0)r  r¤  ÚReal)r   r   gíµ ÷Æà>gğhãˆµøä>{r›  )r   r   gíµ ÷Æà>gğhãˆµøä>0)r  i  ÚRational)r   r   gTäqs*É>gTäqs*É>{r›  )r   r   gTäqs*É>gTäqs*É>0)r  i&  ÚIntegral)r   r   g?«Ì”Ößâ>gğhãˆµøä>{r›  )r   r   g?«Ì”Ößâ>gğhãˆµøä>0)r  r\   r   )r   r   gõ‚Osò"?gÒûÆ×Y2?{r  )r   r   gõ‚Osò"?gÒûÆ×Y2?0)r5  rÇ   r|  )r   r   g·_>Y1\ı>gõ‚Osò"?{r4  )r   r   g·_>Y1\ı>gõ‚Osò"?0)r5  rÜ   r[  )r\  r\  g¢&ú|”ç>gŞ 3ßÁOü>{rp   )r\  r\  g¢&ú|”ç>gŞ 3ßÁOü>0)r5  r7   r]  )rÜ   rÜ   gTäqs*É>g?«Ì”Ößâ>{)r5  rô   Úenglish_capitalize)rÜ   rÜ   gTäqs*É>g?«Ì”Ößâ>0)r5  rô   r  )rÜ   rÜ   gğhãˆµøô>g¾IÓ hş>{rÌ   )rÜ   rÜ   gğhãˆµøô>g¾IÓ hş>0)r5  r   r   )r   r   ghUMuï>g1]ˆÕa?{r  )r   r   ghUMuï>g1]ˆÕa?0)rä   r\  Ú
_kind_name)rÜ   rÜ   g·_>Y1\İ>g·_>Y1\İ>{©r!   r   Úbitname)rÜ   rÜ   g·_>Y1\İ>g·_>Y1\İ>0)r!   r\  Ú
TypeNADict)r   r   gíµ ÷Æ°>gíµ ÷Æ°>{r›  )r   r   gíµ ÷Æ°>gíµ ÷Æ°>0)r!   r©  ú	<setcomp>)r   r   gğhãˆµøÔ>gğhãˆµøÔ>{rp   )r   r   gğhãˆµøÔ>gğhãˆµøÔ>0)r!   r   ú	<genexpr>)r±   r±   ghUMuï>ghUMuï>{)r   r   r  )rÜ   rÜ   ghUMuï>ghUMuï>rÙ   )rÜ   rÜ   g        g        0)r!   rÚ   rÛ   )rÜ   rÜ   g,Cëâ6ú>gÖÿ9Ì—?{r’  )rÜ   rÜ   g,Cëâ6ú>gÖÿ9Ì—?0)r!   r   r“  )rÜ   rÜ   gTäqs*	?g,Cëâ6?{rÌ   )rÜ   rÜ   gTäqs*	?g,Cëâ6?0)r!   rÊ   rË   )r   r   g?«Ì”Ößò>g?«Ì”Ößò>{rp   )r   r   g?«Ì”Ößò>g?«Ì”Ößò>0)r!   éq   r–  )r\   r\   gTäqs*É>gTäqs*É>{rp   )r\   r\   gTäqs*É>gTäqs*É>0)r!   rÍ   rÎ   )r   r   gJ°8œùÕ?g{…÷(?{rp   )r   r   gJ°8œùÕ?g{…÷(?0)r!   r   r  )r   r   g·_>Y1\ı>ghUMuÿ>{rp   )r   r   g·_>Y1\ı>ghUMuÿ>0)r!   rn   ro   )r   r   g¢'eRCë>g¢'eRCë>{rp   )r   r   g¢'eRCë>g¢'eRCë>0)r!   r"   r#   )r¹   r¹   g!>°ã¿@ ?g!>°ã¿@ ?{)r!   r  Ú_set_array_types)r¹   r¹   g!>°ã¿@ ?g!>°ã¿@ ?0)r!   r  r˜  )r   r   gğhãˆµøä>g]éEí~?{rp   )r   r   gğhãˆµøä>g]éEí~?0)r!   rm   r   )r   r   gùœ»]/M?gSs¹ÁP‡E?{r  )r   r   gùœ»]/M?gSs¹ÁP‡E?0)r£  r\   r   )r   r   g{…÷ø>gQ×ÚûTJ?{r  )r   r   g{…÷ø>gQ×ÚûTJ?0)ú+/usr/local/lib/python3.7/urllib/__init__.pyr   r   )r   r   g        g        {r  )r   r   g        g        0)r  r>  Ú_ResultMixinStr)r   r   g        g        {r›  )r   r   g        g        0)r  é†   Ú_ResultMixinBytes)r   r   g        g        {r›  )r   r   g        g        0)r  r*   Ú_NetlocResultMixinBase)r   r   gíµ ÷ÆÀ>gíµ ÷ÆÀ>{r›  )r   r   gíµ ÷ÆÀ>gíµ ÷ÆÀ>0)r  rı  Ú_NetlocResultMixinStr)r   r   gíµ ÷Æ°>gíµ ÷Æ°>{r›  )r   r   gíµ ÷Æ°>gíµ ÷Æ°>0)r  rX  Ú_NetlocResultMixinBytes)r   r   gíµ ÷Æ°>gíµ ÷Æ°>{r›  )r   r   gíµ ÷Æ°>gíµ ÷Æ°>0)r  i6  ÚDefragResult)r   r   gíµ ÷Æ°>gíµ ÷Æ°>{r›  )r   r   gíµ ÷Æ°>gíµ ÷Æ°>0)r  i>  ÚSplitResult)r   r   gíµ ÷Æ°>gíµ ÷Æ°>{r›  )r   r   gíµ ÷Æ°>gíµ ÷Æ°>0)r  iC  ÚParseResult)r   r   g        g        {r›  )r   r   g        g        0)r  iI  ÚDefragResultBytes)r   r   g        g        {r›  )r   r   g        g        0)r  iQ  ÚSplitResultBytes)r   r   g        g        {r›  )r   r   g        g        0)r  iV  ÚParseResultBytes)r   r   g        g        {r›  )r   r   g        g        0)r  i\  Ú_fix_result_transcoding)r   r   gTäqs*É>gTäqs*É>{r  )r   r   gTäqs*É>gTäqs*É>0)r  iõ  ÚQuoter)r   r   gíµ ÷Æ°>gíµ ÷Æ°>{r›  )r   r   gíµ ÷Æ°>gíµ ÷Æ°>0)r  r  r   )r   r   gÉÇî%?gù¼â©GJ?{r  )r   r   gÉÇî%?gù¼â©GJ?0)rl   é@   ÚPickleError)r   r   gíµ ÷Æ°>gíµ ÷Æ°>{r›  )r   r   gíµ ÷Æ°>gíµ ÷Æ°>0)rl   r   ÚPicklingError)r   r   gíµ ÷Æ°>gíµ ÷Æ°>{r›  )r   r   gíµ ÷Æ°>gíµ ÷Æ°>0)rl   rç   ÚUnpicklingError)r   r   gíµ ÷Æ°>gíµ ÷Æ°>{r›  )r   r   gíµ ÷Æ°>gíµ ÷Æ°>0)rl   rQ  Ú_Stop)r   r   gíµ ÷Æ°>gíµ ÷Æ°>{r›  )r   r   gíµ ÷Æ°>gíµ ÷Æ°>0)rl   r_   ú
<listcomp>)r   r   g™ò!¨½
?g,Cëâ6:?{rk   )r   r   g™ò!¨½
?g,Cëâ6:?0)rl   r4  Ú_Framer)r   r   gíµ ÷ÆÀ>gíµ ÷ÆÀ>{r›  )r   r   gíµ ÷ÆÀ>gíµ ÷ÆÀ>0)rl   é÷   Ú	_Unframer)r   r   gíµ ÷Æ°>gíµ ÷Æ°>{r›  )r   r   gíµ ÷Æ°>gíµ ÷Æ°>0)rl   it  Ú_Pickler)r   r   gíµ ÷Æà>gíµ ÷Æà>{r›  )r   r   gíµ ÷Æà>gíµ ÷Æà>0)r)   rD   r   )r   r   g·_>Y1\İ>g?«Ì”Ößâ>{r  )r   r   g·_>Y1\İ>g?«Ì”Ößâ>0)r  rà  Úcontextlib_nullcontext)r   r   gíµ ÷Æ°>gíµ ÷Æ°>{r›  )r   r   gíµ ÷Æ°>gíµ ÷Æ°>0)r  ra   r   )r   r   g¢&ú|”÷>gÒÂe6|?{r  )r   r   g¢&ú|”÷>gÒÂe6|?0)r  r  r{   )r   r   gíµ ÷Æ°>gíµ ÷Æ°>{r  )r   r   gíµ ÷Æ°>gíµ ÷Æ°>0)r  r~  Ú_Flavour)r   r   gíµ ÷Æ°>gíµ ÷Æ°>{r›  )r   r   gíµ ÷Æ°>gíµ ÷Æ°>0)r  r›  ú	<setcomp>)r   r   gíµ ÷ÆĞ>gíµ ÷ÆĞ>{©r  év   Ú_WindowsFlavour)r   r   gíµ ÷ÆĞ>gíµ ÷ÆĞ>0)r  r5   r´  )r   r   gíµ ÷ÆÀ>gíµ ÷ÆÀ>{rµ  )r   r   gíµ ÷ÆÀ>gíµ ÷ÆÀ>0)r  r¶  r·  )r   r   g¢'eRCë>g
ØFìó>{r›  )r   r   g¢'eRCë>g
ØFìó>0)r  i  Ú_PosixFlavour)r   r   gíµ ÷ÆÀ>gíµ ÷ÆÀ>{r›  )r   r   gíµ ÷ÆÀ>gíµ ÷ÆÀ>0)r  i  Ú	_Accessor)r   r   g        g        {r›  )r   r   g        g        0)r  i†  r¤  )r   r   gTäqs*Ù>gíµ ÷Æà>{r›  )r   r   gTäqs*Ù>gíµ ÷Æà>0)r  iÏ  Ú	_Selector)r   r   gíµ ÷Æ°>gíµ ÷Æ°>{r›  )r   r   gíµ ÷Æ°>gíµ ÷Æ°>0)r  iè  Ú_TerminatingSelector)r   r   g        g        {r›  )r   r   g        g        0)r  iî  Ú_PreciseSelector)r   r   g        g        {r›  )r   r   g        g        0)r  iş  Ú_WildcardSelector)r   r   gíµ ÷Æ°>gíµ ÷Æ°>{r›  )r   r   gíµ ÷Æ°>gíµ ÷Æ°>0)r  i  Ú_RecursiveWildcardSelector)r   r   g        g        {r›  )r   r   g        g        0)r  i@  Ú_PathParents)r   r   gTäqs*É>gTäqs*É>{r›  )r   r   gTäqs*É>gTäqs*É>0)r  i\  ÚPurePath)r   r   g¢'eRCë>g¢'eRCë>{r›  )r   r   g¢'eRCë>g¢'eRCë>0)r  iÃ  ÚPurePosixPath)r   r   gíµ ÷Æ°>gíµ ÷Æ°>{r›  )r   r   gíµ ÷Æ°>gíµ ÷Æ°>0)r  iÍ  ÚPureWindowsPath)r   r   g        g        {r›  )r   r   g        g        0)r  iÚ  ÚPath)r   r   gíµ ÷Æà>gíµ ÷Æà>{r›  )r   r   gíµ ÷Æà>gíµ ÷Æà>0)r  i¾  Ú	PosixPath)r   r   g        g        {r›  )r   r   g        g        0)r  iÅ  ÚWindowsPath)r   r   gíµ ÷Æ°>gíµ ÷Æ°>{r›  )r   r   gíµ ÷Æ°>gíµ ÷Æ°>0)r  r   r   )r   r   gfLÁgÓ?gò?ù»wÔh?{r  )r   r   gfLÁgÓ?gò?ù»wÔh?0)r&   iŒ  Ú_check_date_fields)r   r   g¢&ú|”ç>ghUMuï>{r  )r   r   gíµ ÷ÆĞ>gTäqs*Ù>r  )r   r   g·_>Y1\İ>g?«Ì”Ößâ>0)r&   i™  Ú_check_time_fields)r   r   gğhãˆµøÔ>g¢&ú|”ç>{r  )r   r   gTäqs*É>gğhãˆµøÔ>r  )r   r   gíµ ÷ÆÀ>gTäqs*Ù>0)r&   iª  rº  )r   r   gíµ ÷Æ°>gíµ ÷Æ°>{r  )r   r   g        g        r  )r   r   gíµ ÷Æ°>gíµ ÷Æ°>0)r&   iÙ  r6   )rÇ   rÇ   g:‘`ª™µ?g#Diâ?{)r&   i†  Ú__neg__)r   r   gíµ ÷Æà>gğhãˆµøä>©r&   iX  Útimezone)r   r   g?«Ì”Ößâ>g¢&ú|”ç>r%   )rD   rD   g!>°ã¿@?g1]ˆÕa?0)r&   i†  rÈ  )r   r   gíµ ÷Æ°>g¢&ú|”ç>{rÉ  )r   r   gíµ ÷Æ°>g¢&ú|”ç>0)r&   iÆ  Ú	timedelta)r   r   g·_>Y1\İ>g·_>Y1\İ>{r›  )r   r   g·_>Y1\İ>g·_>Y1\İ>0)r&   i$  r6   )r   r   gTäqs*É>gğhãˆµøä>{r%   )r   r   gTäqs*É>gğhãˆµøä>0)r&   i  Údate)r   r   g?«Ì”Ößâ>g?«Ì”Ößâ>{r›  )r   r   g?«Ì”Ößâ>g?«Ì”Ößâ>0)r&   iD  Útzinfo)r   r   gíµ ÷Æ°>gíµ ÷Æ°>{r›  )r   r   gíµ ÷Æ°>gíµ ÷Æ°>0)r&   i£  r6   )r   r   gğhãˆµøä>ghUMuï>{r%   )r   r   gğhãˆµøä>ghUMuï>0)r&   iŠ  Útime)r   r   gíµ ÷Æà>gíµ ÷Æà>{r›  )r   r   gíµ ÷Æà>gíµ ÷Æà>0)r&   ií  r6   )r   r   g?«Ì”Ößâ>g¾IÓ hş>{r%   )r   r   g?«Ì”Ößâ>g¾IÓ hş>0)r&   iå  Údatetime)r   r   gJ°8œùÕ?gJ°8œùÕ?{r›  )r   r   gJ°8œùÕ?gJ°8œùÕ?0)r&   il  r  )r   r   gíµ ÷Æ°>gíµ ÷ÆÀ>{r%   )r   r   gíµ ÷Æ°>gíµ ÷ÆÀ>0)r&   iX  rÊ  )r   r   gTäqs*Ù>g·_>Y1\ı>{r›  )r   r   gTäqs*Ù>g·_>Y1\ı>0)r&   r   r   )r   r   g$Dù‚?g‹3†9A›L?{r  )r   r   g$Dù‚?g‹3†9A›L?0)rr   rs   r   )r   r   gğhãˆµøô>g_ì½ø¢=~?{r  )r   r   gğhãˆµøô>g_ì½ø¢=~?0)r)   r$   r»  )ij  ij  g¾IÓ h.?góWÈ\9?{©r)   r   Ú
getargspec)ij  ij  g¾IÓ h.?góWÈ\9?0)r)   r  r¼  )ij  ij  g<–¸Ê#?g¢'eRC+?{rĞ  )ij  ij  g<–¸Ê#?g¢'eRC+?0)r)   r§  r½  )if  if  góuşÓ$?gvk™Çó)?{)r)   r  Úgetargs)if  if  góuşÓ$?gvk™Çó)?0)r)   r  rÒ  )if  if  gW!å'Õ>]?gc'¼§>`?{rĞ  )if  if  gW!å'Õ>]?gc'¼§>`?0)r)   r   rÑ  )ij  ij  g>+NµF?gÉ‘ÎÀÈËj?{©rß   r\  r]  )r7   r7   g¢'eRC?gM½në+?rô  )i>  i>  gçÃ³E?gô¥·?i?0)r)   rB  Ústrseq)r¼   r¼   ghUMu?ghUMu?{r(   )r¼   r¼   ghUMu?ghUMu?0)r)   r™  rj  )r$   r$   g·_>Y1\İ>g·_>Y1\İ>{r(   )r$   r$   g·_>Y1\İ>g·_>Y1\İ>0)r)   r\  rj  )rÜ   rÜ   gíµ ÷Æ°>gíµ ÷Æ°>{r(   )rÜ   rÜ   gíµ ÷Æ°>gíµ ÷Æ°>0)r)   r  rj  )r  r  gğhãˆµøô>g5wô¿\‹?{r(   )r  r  gğhãˆµøô>g5wô¿\‹?0)r)   r*   r+   )r6  r6  g:‘`ª™µ$?g™sIÕv3?{rÓ  )r6  r6  g:‘`ª™µ$?g™sIÕv3?0)r   r   ú,<method 'astype' of 'numpy.ndarray' objects>)iªó  iªó  g]N	ˆI¸¼?g]N	ˆI¸¼?{rå  )iªó  iªó  g]N	ˆI¸¼?g]N	ˆI¸¼?0)r   r   ú*<method 'copy' of 'numpy.ndarray' objects>)rÑ   rÑ   g$Dù‚?g$Dù‚?{)r¸   rØ   r@  )r¹   r¹   ghUMuÿ>ghUMuÿ>)r¸   rÆ  rB  )r¹   r¹   g„¹İË}r?g„¹İË}r?0)r   r   ú)<method 'dot' of 'numpy.ndarray' objects>)r   r   gTäqs*é>gTäqs*é>{rd  )r   r   gTäqs*é>gTäqs*é>0)r   r   ú+<method 'ravel' of 'numpy.ndarray' objects>)iªó  iªó  gŠ«Ê¾+‚·?gŠ«Ê¾+‚·?{rå  )iªó  iªó  gŠ«Ê¾+‚·?gŠ«Ê¾+‚·?0)r   r   r?  )r   ra   gíµ ÷ÆĞ>gümOØî?{r†  )r   r   gíµ ÷ÆÀ>gTäqs*ù>r´  )r   r   g        g        r‡  )r   r   gíµ ÷ÆÀ>gÒûÆ×Y?0)r   r   úB<built-in method numpy.core._multiarray_umath.set_string_function>)r   r   gTäqs*É>gTäqs*É>{)rş   i1  rY  )r   r   gTäqs*É>gTäqs*É>0)r   r   ú;<built-in method numpy.core._multiarray_umath.set_typeDict>)r   r   gíµ ÷Æ°>gíµ ÷Æ°>{r-   )r   r   gíµ ÷Æ°>gíµ ÷Æ°>0)r   r   ú<built-in method numpy.array>)ihÛ ihÛ gÇ):’ËÒ?gÇ):’ËÒ?{r¯  )i"Ù i"Ù gïŒ¶*‰ìÏ?gïŒ¶*‰ìÏ?r   )i2  i2  g{Úá¯Éz?g{Úá¯Éz?r†  )r   r   gTäqs*É>gTäqs*É>r<  )r   r   gíµ ÷ÆÀ>gíµ ÷ÆÀ>)rÍ  i[  rv  )r   r   gTäqs*É>gTäqs*É>rÌ  )ra   ra   g?«Ì”Ößâ>g?«Ì”Ößâ>)rÏ  iU  rw  )r   r   gTäqs*É>gTäqs*É>rÎ  )ra   ra   gíµ ÷Æà>gíµ ÷Æà>)rÑ  i*  rx  )r   r   gíµ ÷ÆÀ>gíµ ÷ÆÀ>rĞ  )ra   ra   gğhãˆµøä>gğhãˆµøä>)rÕ  i¢  r‚  )r   r   gíµ ÷Æğ>gíµ ÷Æğ>rÔ  )ra   ra   g?«Ì”Ößò>g?«Ì”Ößò>)rÛ  i®  r‰  )r   r   gTäqs*É>gTäqs*É>rÚ  )ra   ra   g?«Ì”Ößâ>g?«Ì”Ößâ>)rŞ  iM  rŠ  )r   r   gíµ ÷ÆÀ>gíµ ÷ÆÀ>rİ  )ra   ra   gTäqs*é>gTäqs*é>)r¸   rÙ  rj  )r\  r\  g¢&ú|”?g¢&ú|”?rA  )r¹   r¹   gÉÇî%ö>gÉÇî%ö>)rg  rÜ   rh  )iªó  iªó  gbg
× ?gbg
× ?0)r   r   ú<built-in method numpy.empty>)r   r   gíµ ÷Æà>gíµ ÷Æà>{r‡  )r   r   gíµ ÷Æà>gíµ ÷Æà>0)r   r   rÁ  )i6$ ià gd=µúÖ?g~U.TşE@{r¿  )iªó  iªó  g_°¶-Ê°?gÅã¢ZDğ?r]  )iŠ0 iŠ0 g(›r…wÃ?g­1è„Ğ@©r€  r   r„  )r   r   g?«Ì”Ößâ>g?«Ì”Ößâ>©r€  r   r…  )iªó  iªó  g;¦îÊ.Â?g;¦îÊ.Â?©r€  r   r†  )r   r   gğhãˆµøä>gğhãˆµøä>0)r   r   ú<<built-in method numpy.core._multiarray_umath.add_docstring>)i*  i*  g$Dù‚"?g$Dù‚"?{)rX  i²  r>  )i  i  g”Øµ½İ’?g”Øµ½İ’?rˆ  )r  r  gğhãˆµøô>gğhãˆµøô>©r‰  r   r   )r   r   g?«Ì”Ößâ>g?«Ì”Ößâ>0)r   r   ú!<built-in method numpy.seterrobj>)rÇ   rÇ   gTäqs*é>gTäqs*é>{rw  )r›   r›   g?«Ì”Ößâ>g?«Ì”Ößâ>)rº   iÄ  r~  )r   r   gTäqs*É>gTäqs*É>0)r   r   ú!<built-in method numpy.geterrobj>)rº  rº  gTäqs*Ù>gTäqs*Ù>{ry  )r   r   gíµ ÷ÆÀ>gíµ ÷ÆÀ>rw  )r›   r›   gíµ ÷ÆÀ>gíµ ÷ÆÀ>)rº   r  rv  )r›   r›   gíµ ÷ÆÀ>gíµ ÷ÆÀ>0)r   r   ú*<method 'view' of 'numpy.generic' objects>)r   r   gTäqs*É>gTäqs*É>{r´  )r   r   gTäqs*É>gTäqs*É>0)r   r   ú*<method 'reduce' of 'numpy.ufunc' objects>)iŠ0 iŠ0 g§“lu9¥ @g§“lu9¥ @{rÁ   )iŠ0 iŠ0 g§“lu9¥ @g§“lu9¥ @0)r  r›   r  )r   r   gíµ ÷Æà>g»yªCn†+?{r›  )r   r   gíµ ÷Æà>g»yªCn†+?0)r  r   r   )r   r   gíµ ÷ÆĞ>gõ×+,¸/?{r  )r   r   gíµ ÷ÆĞ>gõ×+,¸/?0)r  rÇ   ÚPlayerPositionAndLookPacket)r   r   gğhãˆµøÔ>gTäqs*é>{r›  )r   r   gğhãˆµøÔ>gTäqs*é>0)r  r   r   )r   r   gíµ ÷ÆĞ>g¢'eRC?{r  )r   r   gíµ ÷ÆĞ>g¢'eRC?0)r  rs   r‹  )r   r   g¢&ú|”ç>g,Cëâ6ú>{r›  )r   r   g¢&ú|”ç>g,Cëâ6ú>0)r  r   r   )r   r   gğhãˆµøÔ>gíµ ÷Æ?{r  )r   r   gğhãˆµøÔ>gíµ ÷Æ?0)r  r›   r  )r   r   gTäqs*Ù>g?«Ì”Ößâ>{r›  )r   r   gTäqs*Ù>g?«Ì”Ößâ>0)r  r  r  )r   r   gğhãˆµøÔ>gíµ ÷Æà>{r›  )r   r   gğhãˆµøÔ>gíµ ÷Æà>0)r  rf   r   )r   r   gTäqs*É>gíµ ÷Æ ?{r›  )r   r   gTäqs*É>gíµ ÷Æ ?0)r  r   r   )r   r   gğhãˆµøÔ>gŸqá@H?{r  )r   r   gğhãˆµøÔ>gŸqá@H?0)r#  r@  r  )r   r   g        g        {r›  )r   r   g        g        0)r#  rD   r$  )r   r   gTäqs*É>g¾IÓ hş>{r›  )r   r   gTäqs*É>g¾IÓ hş>0)r#  r   r   )r   r   gíµ ÷ÆĞ>ghUMu?{r  )r   r   gíµ ÷ÆĞ>ghUMu?0)r&  r§  ÚSoundCategory)r   r   gíµ ÷ÆÀ>gíµ ÷ÆÀ>{r›  )r   r   gíµ ÷ÆÀ>gíµ ÷ÆÀ>0)r&  r~  ÚEffectPosition)r   r   gíµ ÷Æ°>gíµ ÷Æ°>{r›  )r   r   gíµ ÷Æ°>gíµ ÷Æ°>0)r&  rú  ÚPitch)r   r   gíµ ÷Æ°>gíµ ÷Æ°>{r›  )r   r   gíµ ÷Æ°>gíµ ÷Æ°>0)r&  rÇ   r'  )r   r   gíµ ÷ÆĞ>g¢'eRC?{r›  )r   r   gíµ ÷ÆĞ>g¢'eRC?0)r&  r   r   )r   r   gğhãˆµøÔ>gìNwxÎ?{r  )r   r   gğhãˆµøÔ>gìNwxÎ?0)r*  r›   ÚFacePlayerPacket)r   r   gTäqs*É>gTäqs*Ù>{r›  )r   r   gTäqs*É>gTäqs*Ù>0)r*  r   r   )r   r   gTäqs*Ù>g
ØFì?{r  )r   r   gTäqs*Ù>g
ØFì?0)r+  r0  ÚChunkSection)r   r   gíµ ÷Æ°>gíµ ÷Æ°>{r›  )r   r   gíµ ÷Æ°>gíµ ÷Æ°>0)r+  r³   r¸  )iÃø iÃø g¿·éÏ~İ?g¿·éÏ~İ?{r·  )iÃø iÃø g¿·éÏ~İ?g¿·éÏ~İ?0)r+  rM   ÚChunk)r   r   gğhãˆµøÔ>gğhãˆµøÔ>{r›  )r   r   gğhãˆµøÔ>gğhãˆµøÔ>0)r+  rw   r,  )r   r   gíµ ÷ÆĞ>grQ-"ŠÉ?{r›  )r   r   gíµ ÷ÆĞ>grQ-"ŠÉ?0)r+  r   r   )r   r   gğhãˆµøä>gì1‘ÒlÀ?{r  )r   r   gğhãˆµøä>gì1‘ÒlÀ?0)ru   re  rf  )r   r   g!>°ã¿@ ?g$Dù‚?{rt   )r   r   g!>°ã¿@ ?g$Dù‚?0)úC/home/dumtrii/Documents/pyCraft/minecraft/networking/types/mynbt.pyr   r   )r   r   gTäqs*Ù>g?«Ì”Ößâ>{r  )r   r   gTäqs*Ù>g?«Ì”Ößâ>0)ru   rv   r   )r   r   gùœ»]/M!?g @†TÀ?{r  )r   r   gùœ»]/M!?g @†TÀ?0)r  r±   ÚModuleDeprecationWarning)r   r   g        g        {r›  )r   r   g        g        0)r  r   ÚVisibleDeprecationWarning)r   r   gíµ ÷Æ°>gíµ ÷Æ°>{r›  )r   r   gíµ ÷Æ°>gíµ ÷Æ°>0)r  r  r6   )r   r   gíµ ÷ÆÀ>gíµ ÷ÆÀ>{r.  )r   r   gíµ ÷ÆÀ>gíµ ÷ÆÀ>0)r  r  Ú__repr__)rÇ   rÇ   gíµ ÷Æ°>gíµ ÷Æ°>{)r   r   r  )rÇ   rÇ   gíµ ÷Æ°>gíµ ÷Æ°>0)r  r  Ú_NoValueType)r   r   gíµ ÷Æ°>gíµ ÷Æ°>{r›  )r   r   gíµ ÷Æ°>gíµ ÷Æ°>0)r  r…  r   )r   r   gíµ ÷Æà>gCÅ8
?{r  )r   r   gíµ ÷Æà>gCÅ8
?0)ú:/usr/local/lib/python3.7/site-packages/numpy/__config__.pyr   r   )r   r   g·_>Y1\İ>g¢&ú|”÷>{r  )r   r   g·_>Y1\İ>g¢&ú|”÷>0)ú7/usr/local/lib/python3.7/site-packages/numpy/version.pyr   r   )r   r   gíµ ÷Æ°>gíµ ÷Æ°>{r  )r   r   gíµ ÷Æ°>gíµ ÷Æ°>0)úA/usr/local/lib/python3.7/site-packages/numpy/_distributor_init.pyrs   r   )r   r   g        g        {r  )r   r   g        g        0)r.   r   r   )r   r   gËÔ$xC%?gõ-sº,®?{r  )r   r   gËÔ$xC%?gõ-sº,®?0)ú9/usr/local/lib/python3.7/site-packages/numpy/core/info.pyrß  r   )r   r   gíµ ÷ÆĞ>gğhãˆµøÔ>{r  )r   r   gíµ ÷ÆĞ>gğhãˆµøÔ>0)ú?/usr/local/lib/python3.7/site-packages/numpy/core/multiarray.pyr\  r„  )r   r   gíµ ÷Æ°>gíµ ÷Æ°>{rİ  )r   r   gíµ ÷Æ°>gíµ ÷Æ°>0)rö  iÃ  r…  )iªó  iªó  gDİ µ‰ƒ?gDİ µ‰ƒ?{rŞ  )iªó  iªó  gDİ µ‰ƒ?gDİ µ‰ƒ?0)rö  i  r†  )r   r   g        g        {rß  )r   r   g        g        0)rö  rD   r   )r   r   g”Øµ½İ’?gCÃbÔµö?{r  )r   r   g”Øµ½İ’?gCÃbÔµö?0)r‰  rô   rõ  )i  i  g!¯“âãS?gÜ,^,‘s?{rˆ  )i  i  g!¯“âãS?gÜ,^,‘s?0)r‰  r  rŠ  )r   r   g¢'eRCû>g¢'eRCû>{©r  ra   r   )r   r   g        g        r*  )r   r   gíµ ÷Æ°>gíµ ÷Æ°>rå  )r   r   gíµ ÷Æ°>gíµ ÷Æ°>r€  )r›   r›   gíµ ÷Æ°>gíµ ÷Æ°>rê  )r   r   gíµ ÷ÆÀ>gíµ ÷ÆÀ>rì  )r   r   gíµ ÷ÆÀ>gíµ ÷ÆÀ>rğ  )r   r   gíµ ÷Æ°>gíµ ÷Æ°>rG  )r   r   g        g        ©rÚ  r   r   )r   r   gíµ ÷Æ°>gíµ ÷Æ°>r  )r   r   gíµ ÷Æ°>gíµ ÷Æ°>r  )r   r   g        g        r  )r   r   gíµ ÷Æ°>gíµ ÷Æ°>r‡  )r   r   gíµ ÷ÆÀ>gíµ ÷ÆÀ>r  )r   r   gíµ ÷Æ°>gíµ ÷Æ°>r	  )r   r   gíµ ÷Æ°>gíµ ÷Æ°>r  )rs   rs   gíµ ÷Æ°>gíµ ÷Æ°>r  )r   r   gíµ ÷ÆÀ>gíµ ÷ÆÀ>©rg  r   r   )r   r   gíµ ÷Æ°>gíµ ÷Æ°>rÄ   )rD   rD   gíµ ÷Æ°>gíµ ÷Æ°>r   )r›   r›   gTäqs*É>gTäqs*É>r`  )r   r   gíµ ÷Æ°>gíµ ÷Æ°>rb  )r   r   gíµ ÷ÆÀ>gíµ ÷ÆÀ>0)r‰  rÄ  Ú
set_module)r   r   ghUMuÿ>ghUMuÿ>{r÷  )r   r   g        g        r*  )r   r   gíµ ÷Æ°>gíµ ÷Æ°>rå  )r   r   g        g        r€  )r›   r›   gíµ ÷ÆĞ>gíµ ÷ÆĞ>rê  )r   r   g        g        rì  )r   r   gíµ ÷Æ°>gíµ ÷Æ°>rğ  )r   r   gíµ ÷Æ°>gíµ ÷Æ°>rG  )r   r   gíµ ÷Æ°>gíµ ÷Æ°>rø  )r   r   g        g        r  )r   r   gíµ ÷ÆÀ>gíµ ÷ÆÀ>r  )r   r   gíµ ÷Æ°>gíµ ÷Æ°>r  )r   r   g        g        r‡  )r   r   gíµ ÷ÆĞ>gíµ ÷ÆĞ>r  )r   r   gTäqs*É>gTäqs*É>r	  )r   r   g        g        r  )rs   rs   gTäqs*É>gTäqs*É>r  )r   r   gíµ ÷ÆÀ>gíµ ÷ÆÀ>rù  )r   r   gíµ ÷ÆĞ>gíµ ÷ÆĞ>rÄ   )rD   rD   g        g        r   )r›   r›   gíµ ÷ÆÀ>gíµ ÷ÆÀ>r`  )r   r   gíµ ÷Æ°>gíµ ÷Æ°>rb  )r   r   g        g        0)r‰  r   rŠ  )i=  i=  gÁp®a†ÆS?gmìM¡?{r÷  )r   r   gíµ ÷Æà>g()° ¦,?©r  r'   r   )rs   rs   g
ØFì?g°t><KQ?©r“  r   r   )r   r   gğhãˆµøÔ>ghUMu?©r—  rD  r   )rG   rG   gŞ 3ßÁO?g¢—Q,·´Z?r*  )ra   ra   ghUMuï>gÇœgìK6>?rç  )r   r   g?«Ì”Ößâ>g•ñï3.,?©r«  rw  r   )rG   rG   gJ°8œùÕ?gÚÃ^(`;X?©r¬  r   r   )rG   rG   g,Cëâ6
?g@ÛjÖßW?©r­  r…  r   )rÇ   rÇ   gÒûÆ×Y?g%z‹‡÷L?r€  )rD  rD  gJ°8œùÕ?gÿW9Òh?©r¯  r   r   )r   r   g¢'eRCë>g¢&ú|”7?rê  )r   r   g¢&ú|”ç>g
ØFì3?rğ  )rw   rw   g«ZÒQf?gŒJê4a?rG  )rs   rs   gÉÇî%?gÓºj¿µS?rø  )rú  rú  gTäqs*	?g¤30ò²&V?rİ  )r   r   g·_>Y1\í>gqo~ÃDƒ4?©r!  ra   r   )r   r   gíµ ÷Æà>g·_>Y1\-?©rX  r   r   )r   r   g·_>Y1\í>gã5¯ê¬6?r–  )rD   rD   gŞ 3ßÁOü>gÀ“.«°I?r  )r   r   gTäqs*é>gÇº¸ğ6?r	  )rÅ  rÅ  gìNwxÎ&?ge¨Š©ôs?©rÂ   r   r   )rf   rf   gËÔ$xC%?gN)¯•Ğ]r?r  )rº  rº  g¦@fgÑ;?g¹2¨68a?©r‰  rV  rŠ  )r  r  g¢&ú|”?g$cµùÕa?r`  )rs   rs   gfLÁgÓ?gé_’ÊsP?©ú?/usr/local/lib/python3.7/site-packages/numpy/lib/arraysetops.pyrÆ  r   )r›   r›   gŞ 3ßÁOü>g()° ¦L?0)r‰  ép   Úarray_function_dispatch)i=  i=  gEÒnô1 ?gEÒnô1 ?{r÷  )r   r   g        g        rû  )rs   rs   gíµ ÷ÆĞ>gíµ ÷ÆĞ>rü  )r   r   g        g        rı  )rG   rG   gğhãˆµøÔ>gğhãˆµøÔ>r*  )ra   ra   gíµ ÷ÆÀ>gíµ ÷ÆÀ>rç  )r   r   gíµ ÷Æ°>gíµ ÷Æ°>rş  )rG   rG   gíµ ÷ÆĞ>gíµ ÷ÆĞ>rÿ  )rG   rG   gTäqs*Ù>gTäqs*Ù>r   )rÇ   rÇ   gğhãˆµøÔ>gğhãˆµøÔ>r€  )rD  rD  gğhãˆµøÔ>gğhãˆµøÔ>r  )r   r   g        g        rê  )r   r   gíµ ÷Æ°>gíµ ÷Æ°>rğ  )rw   rw   g?«Ì”Ößâ>g?«Ì”Ößâ>rG  )rs   rs   gíµ ÷ÆĞ>gíµ ÷ÆĞ>rø  )rú  rú  gğhãˆµøÔ>gğhãˆµøÔ>rİ  )r   r   gíµ ÷ÆÀ>gíµ ÷ÆÀ>r  )r   r   g        g        r  )r   r   gíµ ÷Æ°>gíµ ÷Æ°>r–  )rD   rD   gíµ ÷ÆĞ>gíµ ÷ÆĞ>r  )r   r   gíµ ÷Æ°>gíµ ÷Æ°>r	  )rÅ  rÅ  gíµ ÷Æğ>gíµ ÷Æğ>r  )rf   rf   gğhãˆµøô>gğhãˆµøô>r  )rº  rº  gíµ ÷Æà>gíµ ÷Æà>r  )r  r  gTäqs*é>gTäqs*é>r`  )rs   rs   gíµ ÷ÆĞ>gíµ ÷ÆĞ>r  )r›   r›   gíµ ÷ÆĞ>gíµ ÷ÆĞ>0)r‰  rV  rŠ  )r  r  gTäqs*ù>gĞ•Tÿ b?{©rö  rD   r   )r  r  gTäqs*ù>gĞ•Tÿ b?0)r‰  éÄ   Úarray_function_from_dispatcher)r  r  gğhãˆµøÔ>gğhãˆµøÔ>{r
  )r  r  gğhãˆµøÔ>gğhãˆµøÔ>0)r‰  r   r   )r   r   gíµ ÷Æğ>g·îæ©¹‰?{r  )r   r   gíµ ÷Æğ>g·îæ©¹‰?0)r&   rÙ  Ú_days_before_year)r   r   gTäqs*É>gTäqs*É>{r%   )r   r   gTäqs*É>gTäqs*É>0)r&   r   Ú_days_in_month)r   r   g        g        {©r&   iŒ  rÆ  )r   r   g        g        0)r&   i{  r¾  )r¿  r¿  gTäqs*Ù>gğhãˆµøä>{r  )r$   r$   gíµ ÷ÆÀ>gíµ ÷ÆĞ>)r&   i™  rÇ  )rw   rw   gíµ ÷ÆĞ>gTäqs*Ù>0)r0  r›   ÚAbstractKeepAlivePacket)r   r   gíµ ÷Æ°>gíµ ÷Æ°>{r›  )r   r   gíµ ÷Æ°>gíµ ÷Æ°>0)r0  r   r   )r   r   gğhãˆµøÔ>g¢'eRCû>{r  )r   r   gğhãˆµøÔ>g¢'eRCû>0)r2  r   ÚAbstractPluginMessagePacket)r   r   gíµ ÷Æ°>gíµ ÷Æ°>{r›  )r   r   gíµ ÷Æ°>gíµ ÷Æ°>0)r2  r   r   )r   r   gğhãˆµøÔ>g,Cëâ6ú>{r  )r   r   gğhãˆµøÔ>g,Cëâ6ú>0)úT/home/dumtrii/Documents/pyCraft/minecraft/networking/packets/clientbound/__init__.pyr   r   )r   r   g        g        {r  )r   r   g        g        0)ú^/home/dumtrii/Documents/pyCraft/minecraft/networking/packets/clientbound/handshake/__init__.pyr   r   )r   r   gíµ ÷Æ°>gíµ ÷Æ°>{r  )r   r   gíµ ÷Æ°>gíµ ÷Æ°>0)úT/home/dumtrii/Documents/pyCraft/minecraft/networking/packets/serverbound/__init__.pyr   r   )r   r   gíµ ÷Æ°>gíµ ÷Æ°>{r  )r   r   gíµ ÷Æ°>gíµ ÷Æ°>0)r4  rÜ   ÚHandShakePacket)r   r   gíµ ÷ÆÀ>gíµ ÷ÆÀ>{r›  )r   r   gíµ ÷ÆÀ>gíµ ÷ÆÀ>0)r4  r   r   )r   r   gğhãˆµøÔ>gÒûÆ×Y?{r  )r   r   gğhãˆµøÔ>gÒûÆ×Y?0)r6  r…  ÚResponsePacket)r   r   gíµ ÷Æ°>gíµ ÷Æ°>{r›  )r   r   gíµ ÷Æ°>gíµ ÷Æ°>0)r6  rm   ÚPingResponsePacket)r   r   gíµ ÷Æ°>gíµ ÷Æ°>{r›  )r   r   gíµ ÷Æ°>gíµ ÷Æ°>0)r6  r   r   )r   r   gíµ ÷ÆĞ>gÖÿ9Ì—?{r  )r   r   gíµ ÷ÆĞ>gÖÿ9Ì—?0)r8  r…  ÚRequestPacket)r   r   g        g        {r›  )r   r   g        g        0)r8  r  Ú
PingPacket)r   r   gíµ ÷Æ°>gíµ ÷Æ°>{r›  )r   r   gíµ ÷Æ°>gíµ ÷Æ°>0)r8  r   r   )r   r   gTäqs*Ù>g
¼“Om?{r  )r   r   gTäqs*Ù>g
¼“Om?0)r:  r  ÚDisconnectPacket)r   r   gíµ ÷Æ°>gíµ ÷Æ°>{r›  )r   r   gíµ ÷Æ°>gíµ ÷Æ°>0)r:  r¿  ÚEncryptionRequestPacket)r   r   gíµ ÷ÆÀ>gíµ ÷ÆÀ>{r›  )r   r   gíµ ÷ÆÀ>gíµ ÷ÆÀ>0)r:  rÅ  ÚLoginSuccessPacket)r   r   gíµ ÷ÆÀ>gíµ ÷ÆÀ>{r›  )r   r   gíµ ÷ÆÀ>gíµ ÷ÆÀ>0)r:  rR  ÚSetCompressionPacket)r   r   gíµ ÷Æ°>gíµ ÷Æ°>{r›  )r   r   gíµ ÷Æ°>gíµ ÷Æ°>0)r:  rÎ  ÚPluginRequestPacket)r   r   gíµ ÷Æ°>gíµ ÷Æ°>{r›  )r   r   gíµ ÷Æ°>gíµ ÷Æ°>0)r:  r   r   )r   r   gíµ ÷Æà>gÉÇî%?{r  )r   r   gíµ ÷Æà>gÉÇî%?0)r<  râ   ÚLoginStartPacket)r   r   gíµ ÷Æ°>gíµ ÷Æ°>{r›  )r   r   gíµ ÷Æ°>gíµ ÷Æ°>0)r<  r  ÚEncryptionResponsePacket)r   r   gíµ ÷Æ°>gíµ ÷Æ°>{r›  )r   r   gíµ ÷Æ°>gíµ ÷Æ°>0)r<  r   ÚPluginResponsePacket)r   r   gíµ ÷Æ°>gíµ ÷Æ°>{r›  )r   r   gíµ ÷Æ°>gíµ ÷Æ°>0)r<  r   r   )r   r   g·_>Y1\İ>g#Diâ?{r  )r   r   g·_>Y1\İ>g#Diâ?0)r=  r   r  )r   r   gíµ ÷Æ°>gíµ ÷Æ°>{r›  )r   r   gíµ ÷Æ°>gíµ ÷Æ°>0)r=  rx  ÚJoinGamePacket)r   r   gíµ ÷ÆÀ>gíµ ÷ÆÀ>{r›  )r   r   gíµ ÷ÆÀ>gíµ ÷ÆÀ>0)r=  rÆ  ÚServerDifficultyPacket)r   r   gíµ ÷Æ°>gíµ ÷Æ°>{r›  )r   r   gíµ ÷Æ°>gíµ ÷Æ°>0)r=  éŒ   ÚPosition)r   r   gíµ ÷Æ°>gíµ ÷Æ°>{r›  )r   r   gíµ ÷Æ°>gíµ ÷Æ°>0)r=  r>  r?  )r   r   gíµ ÷ÆÀ>gfLÁgÓñ>{r›  )r   r   gíµ ÷ÆÀ>gfLÁgÓñ>0)r=  r  r  )r   r   gíµ ÷Æ°>gíµ ÷Æ°>{r›  )r   r   gíµ ÷Æ°>gíµ ÷Æ°>0)r=  r^  r  )r   r   gíµ ÷Æ°>gíµ ÷Æ°>{r›  )r   r   gíµ ÷Æ°>gíµ ÷Æ°>0)r=  rP  ÚSpawnPlayerPacket)r   r   gíµ ÷ÆĞ>g¢'eRCë>{r›  )r   r   gíµ ÷ÆĞ>g¢'eRCë>0)r=  rX  ÚEntityVelocityPacket)r   r   gíµ ÷Æ°>gíµ ÷Æ°>{r›  )r   r   gíµ ÷Æ°>gíµ ÷Æ°>0)r=  r°  ÚUpdateHealthPacket)r   r   gíµ ÷Æ°>gíµ ÷Æ°>{r›  )r   r   gíµ ÷Æ°>gíµ ÷Æ°>0)r=  rÁ  ÚRespawnPacket)r   r   gíµ ÷ÆÀ>gíµ ÷ÆÀ>{r›  )r   r   gíµ ÷ÆÀ>gíµ ÷ÆÀ>0)r=  i  r¦  )r   r   g        g        {r›  )r   r   g        g        0)r=  i&  ÚPlayerListHeaderAndFooterPacket)r   r   gíµ ÷ÆÀ>gíµ ÷ÆÀ>{r›  )r   r   gíµ ÷ÆÀ>gíµ ÷ÆÀ>0)r=  i:  ÚEntityLookPacket)r   r   gíµ ÷ÆÀ>gíµ ÷ÆÀ>{r›  )r   r   gíµ ÷ÆÀ>gíµ ÷ÆÀ>0)r=  r   r   )r   r   gTäqs*	?gìú»aÛÀ?{r  )r   r   gTäqs*	?gìú»aÛÀ?0)rA  r  Ú	EventType)r   r   gíµ ÷Æ°>gíµ ÷Æ°>{r›  )r   r   gíµ ÷Æ°>gíµ ÷Æ°>0)rA  rÅ  ÚEnterCombatEvent)r   r   g        g        {r›  )r   r   g        g        0)rA  rÑ   ÚEndCombatEvent)r   r   g        g        {r›  )r   r   g        g        0)rA  r’   ÚEntityDeadEvent)r   r   gíµ ÷Æ°>gíµ ÷Æ°>{r›  )r   r   gíµ ÷Æ°>gíµ ÷Æ°>0)rA  r›   rB  )r   r   gíµ ÷ÆĞ>ga2U0*©?{r›  )r   r   gíµ ÷ÆĞ>ga2U0*©?0)rA  r   r   )r   r   gíµ ÷ÆĞ>g¢'eRC?{r  )r   r   gíµ ÷ÆĞ>g¢'eRC?0)rD  r÷  ÚMapIcon)r   r   g        g        {r›  )r   r   g        g        0)rD  r§  ÚMap)r   r   gíµ ÷Æ°>gíµ ÷Æ°>{r›  )r   r   gíµ ÷Æ°>gíµ ÷Æ°>0)rD  r  ÚMapSet)r   r   g        g        {r›  )r   r   g        g        0)rD  r›   rE  )r   r   g·_>Y1\İ>gŞ 3ßÁO?{r›  )r   r   g·_>Y1\İ>gŞ 3ßÁO?0)rD  r   r   )r   r   gTäqs*Ù>g5wô¿\‹?{r  )r   r   gTäqs*Ù>g5wô¿\‹?0)r  r¹   Ú
PlayerList)r   r   g        g        {r›  )r   r   g        g        0)r  r\  ÚPlayerListItem)r   r   g        g        {r›  )r   r   g        g        0)r  r6  ÚPlayerProperty)r   r   gíµ ÷Æ°>gíµ ÷Æ°>{r›  )r   r   gíµ ÷Æ°>gíµ ÷Æ°>0)r  r  rå  )r   r   gíµ ÷ÆÀ>gíµ ÷ÆÀ>{r›  )r   r   gíµ ÷ÆÀ>gíµ ÷ÆÀ>0)r  éW   ÚAddPlayerAction)r   r   gíµ ÷Æ°>gíµ ÷Æ°>{r›  )r   r   gíµ ÷Æ°>gíµ ÷Æ°>0)r  rŞ  ÚUpdateGameModeAction)r   r   gíµ ÷Æ°>gíµ ÷Æ°>{r›  )r   r   gíµ ÷Æ°>gíµ ÷Æ°>0)r  r\  ÚUpdateLatencyAction)r   r   gíµ ÷ÆÀ>gíµ ÷ÆÀ>{r›  )r   r   gíµ ÷ÆÀ>gíµ ÷ÆÀ>0)r  r   ÚUpdateDisplayNameAction)r   r   gíµ ÷Æ°>gíµ ÷Æ°>{r›  )r   r   gíµ ÷Æ°>gíµ ÷Æ°>0)r  é·   ÚRemovePlayerAction)r   r   g        g        {r›  )r   r   g        g        0)r   r   ú<built-in method math.ceil>)i  i  g]Ş®Õ^?g]Ş®Õ^?{r±  )i  i  g]Ş®Õ^?g]Ş®Õ^?0)r   r   ú<built-in method math.exp>)r   r   gíµ ÷ÆÀ>gíµ ÷ÆÀ>{rÉ  )r   r   gíµ ÷ÆÀ>gíµ ÷ÆÀ>0)r   r   ú<built-in method math.log>)r   r   gTäqs*É>gTäqs*É>{rÉ  )r   r   gTäqs*É>gTäqs*É>0)r   r   ú<built-in method math.sqrt>)r   r   g        g        {rÉ  )r   r   g        g        0)ú#/usr/local/lib/python3.7/fnmatch.pyrú  r   )r   r   g·_>Y1\İ>g¢&ú|”÷>{r  )r   r   g·_>Y1\İ>g¢&ú|”÷>0)rH  r  ÚRegionFileFormatError)r   r   gíµ ÷Æ°>gíµ ÷Æ°>{r›  )r   r   gíµ ÷Æ°>gíµ ÷Æ°>0)rH  rú  ÚNoRegionHeader)r   r   g        g        {r›  )r   r   g        g        0)rH  r   ÚRegionHeaderError)r   r   g        g        {r›  )r   r   g        g        0)rH  r:   ÚChunkHeaderError)r   r   gíµ ÷Æ°>gíµ ÷Æ°>{r›  )r   r   gíµ ÷Æ°>gíµ ÷Æ°>0)rH  rÎ  ÚChunkDataError)r   r   gíµ ÷Æ°>gíµ ÷Æ°>{r›  )r   r   gíµ ÷Æ°>gíµ ÷Æ°>0)rH  r  ÚInconceivedChunk)r   r   g        g        {r›  )r   r   g        g        0)rH  rß  ÚChunkMetadata)r   r   gíµ ÷Æ°>gíµ ÷Æ°>{r›  )r   r   gíµ ÷Æ°>gíµ ÷Æ°>0)rH  r5   Ú_HeaderWrapper)r   r   gTäqs*É>gTäqs*É>{r›  )r   r   gTäqs*É>gTäqs*É>0)rH  r  Ú_ChunkHeaderWrapper)r   r   gíµ ÷Æ°>gíµ ÷Æ°>{r›  )r   r   gíµ ÷Æ°>gíµ ÷Æ°>0)rH  é   ÚLocation)r   r   g        g        {r›  )r   r   g        g        0)rH  rb  Ú
RegionFile)r   r   gíµ ÷Æà>gíµ ÷Æà>{r›  )r   r   gíµ ÷Æà>gíµ ÷Æà>0)rH  r   r   )r   r   g¢&ú|”÷>g·8KÉrR?{r  )r   r   g¢&ú|”÷>g·8KÉrR?0)rJ  rÜ   rì  )r   r   gíµ ÷Æ°>gíµ ÷Æ°>{r›  )r   r   gíµ ÷Æ°>gíµ ÷Æ°>0)rJ  r@  ÚMcRegionChunk)r   r   g        g        {r›  )r   r   g        g        0)rJ  r  Ú
BlockArray)r   r   gíµ ÷ÆÀ>gíµ ÷ÆÀ>{r›  )r   r   gíµ ÷ÆÀ>gíµ ÷ÆÀ>0)rJ  rú  r   )r   r   gíµ ÷Æà>g<€E~ı;?{r  )r   r   gíµ ÷Æà>g<€E~ı;?0)r€   r©  ÚSafeUUID)r   r   gíµ ÷ÆÀ>g¾IÓ hş>{r›  )r   r   gíµ ÷ÆÀ>g¾IÓ hş>0)r€   r,   r{   )ra   ra   gíµ ÷Æğ>g¢'eRCû>{rK  )ra   ra   gíµ ÷Æğ>g¢'eRCû>0)r€   r    ÚUUID)r   r   gğhãˆµøä>gğhãˆµøä>{r›  )r   r   gğhãˆµøä>gğhãˆµøä>0)r€   rf   r   )r   r   gğhãˆµøô>g(Ö©ò=#A?{r  )r   r   gğhãˆµøô>g(Ö©ò=#A?0)rM  rÜ   ÚVector)r   r   g·_>Y1\İ>g·_>Y1\İ>{r›  )r   r   g·_>Y1\İ>g·_>Y1\İ>0)rM  r~  ÚMutableRecord)r   r   gíµ ÷ÆÀ>gíµ ÷ÆÀ>{r›  )r   r   gíµ ÷ÆÀ>gíµ ÷ÆÀ>0)rM  rÄ  Úattribute_alias)r   r   g·_>Y1\İ>g·_>Y1\İ>{rŠ  )r   r   gíµ ÷ÆĞ>gíµ ÷ÆĞ>rŒ  )r   r   gíµ ÷ÆÀ>gíµ ÷ÆÀ>r  )r   r   gíµ ÷Æ°>gíµ ÷Æ°>0)rM  r   r’  )rw   rw   g
ØFì?gŞ 3ßÁO?{)r™  r   r¡  )r   r   gTäqs*Ù>g?«Ì”Ößâ>)r  rÇ   ræ  )r   r   gíµ ÷ÆĞ>g·_>Y1\İ>rŠ  )ra   ra   gğhãˆµøÔ>g·_>Y1\İ>r  )r   r   gíµ ÷ÆÀ>gíµ ÷ÆÀ>r  )r   r   gTäqs*É>gíµ ÷ÆĞ>r"  )r   r   gTäqs*É>gğhãˆµøÔ>)r*  r›   rê  )r   r   gíµ ÷ÆÀ>gTäqs*É>)r=  rP  r&  )r   r   g·_>Y1\İ>g?«Ì”Ößâ>)rM  r/  ÚPositionAndLook)r   r   gTäqs*Ù>gíµ ÷Æà>0)rM  rZ   r{   )r   r   gíµ ÷Æ°>gíµ ÷Æ°>{rŠ  )r   r   gíµ ÷Æ°>gíµ ÷Æ°>0)rM  r¤  Ú
descriptor)r   r   gíµ ÷ÆÀ>gíµ ÷ÆÀ>{r›  )r   r   gíµ ÷ÆÀ>gíµ ÷ÆÀ>0)rM  r/  rU  )r   r   gíµ ÷ÆĞ>gTäqs*é>{r›  )r   r   gíµ ÷ÆĞ>gTäqs*é>0)rM  r   r   )r   r   gTäqs*é>gZ³ĞÎi6?{r  )r   r   gTäqs*é>gZ³ĞÎi6?0)rĞ   rØ   ÚEnum)r   r   gíµ ÷Æ°>gíµ ÷Æ°>{r›  )r   r   gíµ ÷Æ°>gíµ ÷Æ°>0)rĞ   r  ÚBitFieldEnum)r   r   gíµ ÷Æ°>gíµ ÷Æ°>{r›  )r   r   gíµ ÷Æ°>gíµ ÷Æ°>0)rĞ   r³   ÚAbsoluteHand)r   r   g        g        {r›  )r   r   g        g        0)rĞ   r  ÚRelativeHand)r   r   gíµ ÷Æ°>gíµ ÷Æ°>{r›  )r   r   gíµ ÷Æ°>gíµ ÷Æ°>0)rĞ   rƒ  ú
<dictcomp>)r   r   gíµ ÷Æ°>gíµ ÷Æ°>{rÏ   )r   r   gíµ ÷Æ°>gíµ ÷Æ°>0)rĞ   rÑ   rÒ   )r   r   g?«Ì”Ößâ>g·_>Y1\í>{r›  )r   r   g?«Ì”Ößâ>g·_>Y1\í>0)rĞ   rÜ  Ú
Difficulty)r   r   g        g        {r›  )r   r   g        g        0)rĞ   r”  Ú	Dimension)r   r   g        g        {r›  )r   r   g        g        0)rĞ   rÄ  ÚGameMode)r   r   gíµ ÷Æ°>gíµ ÷Æ°>{r›  )r   r   gíµ ÷Æ°>gíµ ÷Æ°>0)rĞ   r—  ÚOriginPoint)r   r   g        g        {r›  )r   r   g        g        0)rĞ   rÇ   r   )r   r   g?«Ì”Ößâ>g1zn¡+!?{r  )r   r   g?«Ì”Ößâ>g1zn¡+!?0)r   r   ú"<built-in method _struct.calcsize>)rº  rº  ghUMuï>ghUMuï>{rş  )ra   ra   gíµ ÷Æ°>gíµ ÷Æ°>r  )rG   rG   g·_>Y1\í>g·_>Y1\í>0)rP  éo   Ú_TAG_End)r   r   gğhãˆµøÔ>gğhãˆµøÔ>{r›  )r   r   gğhãˆµøÔ>gğhãˆµøÔ>0)rP  r1  ÚTAG_Byte)r   r   gíµ ÷Æ°>gíµ ÷Æ°>{r›  )r   r   gíµ ÷Æ°>gíµ ÷Æ°>0)rP  r›  Ú	TAG_Short)r   r   gíµ ÷ÆÀ>gíµ ÷ÆÀ>{r›  )r   r   gíµ ÷ÆÀ>gíµ ÷ÆÀ>0)rP  r$  ÚTAG_Int)r   r   gíµ ÷Æ°>gíµ ÷Æ°>{r›  )r   r   gíµ ÷Æ°>gíµ ÷Æ°>0)rP  r¤  ÚTAG_Long)r   r   gíµ ÷Æ°>gíµ ÷Æ°>{r›  )r   r   gíµ ÷Æ°>gíµ ÷Æ°>0)rP  é™   Ú	TAG_Float)r   r   gíµ ÷Æ°>gíµ ÷Æ°>{r›  )r   r   gíµ ÷Æ°>gíµ ÷Æ°>0)rP  éŸ   Ú
TAG_Double)r   r   gíµ ÷Æ°>gíµ ÷Æ°>{r›  )r   r   gíµ ÷Æ°>gíµ ÷Æ°>0)rP  rb  ÚTAG_Byte_Array)r   r   gTäqs*	?gTäqs*	?{r›  )r   r   gTäqs*	?gTäqs*	?0)rP  rÓ  ÚTAG_Int_Array)r   r   gíµ ÷ÆÀ>gíµ ÷ÆÀ>{r›  )r   r   gíµ ÷ÆÀ>gíµ ÷ÆÀ>0)rP  i  ÚTAG_Long_Array)r   r   gğhãˆµøÔ>gğhãˆµøÔ>{r›  )r   r   gğhãˆµøÔ>gğhãˆµøÔ>0)rP  iO  Ú
TAG_String)r   r   gíµ ÷ÆÀ>gíµ ÷ÆÀ>{r›  )r   r   gíµ ÷ÆÀ>gíµ ÷ÆÀ>0)rP  i|  ÚTAG_List)r   r   gíµ ÷ÆĞ>gíµ ÷ÆĞ>{r›  )r   r   gíµ ÷ÆĞ>gíµ ÷ÆĞ>0)rP  iÏ  ÚTAG_Compound)r   r   gíµ ÷ÆÀ>gíµ ÷ÆÀ>{r›  )r   r   gíµ ÷ÆÀ>gíµ ÷ÆÀ>0)rP  iP  ÚNBTFile)r   r   gíµ ÷Æ°>gíµ ÷Æ°>{r›  )r   r   gíµ ÷Æ°>gíµ ÷Æ°>0)rP  r   r   )r   r   g?«Ì”Ößò>g$
-ëş±`?{r  )r   r   g?«Ì”Ößò>g$
-ëş±`?0)ú"/usr/local/lib/python3.7/struct.pyr   r   )r   r   g·_>Y1\İ>g Ävü7?{r  )r   r   g·_>Y1\İ>g Ävü7?0)rR  r    Ú_PaddedFile)r   r   gíµ ÷Æ°>gíµ ÷Æ°>{r›  )r   r   gíµ ÷Æ°>gíµ ÷Æ°>0)rR  rà  ÚGzipFile)r   r   gíµ ÷Æà>gíµ ÷Æà>{r›  )r   r   gíµ ÷Æà>gíµ ÷Æà>0)rR  iy  Ú_GzipReader)r   r   gTäqs*É>gTäqs*É>{r›  )r   r   gTäqs*É>gTäqs*É>0)rR  ra   r   )r   r   g¢'eRCë>gàºbFx{@?{r  )r   r   g¢'eRCë>gàºbFx{@?0)rS  rÇ   Ú
BaseStream)r   r   gíµ ÷ÆÀ>gíµ ÷ÆÀ>{r›  )r   r   gíµ ÷ÆÀ>gíµ ÷ÆÀ>0)rS  r  ÚDecompressReader)r   r   gTäqs*É>gTäqs*É>{r›  )r   r   gTäqs*É>gTäqs*É>0)rS  r   r   )r   r   gTäqs*É>gìNwxÎ?{r  )r   r   gTäqs*É>gìNwxÎ?0)rU  rs   ÚUnknownWorldFormat)r   r   gíµ ÷Æ°>gíµ ÷Æ°>{r›  )r   r   gíµ ÷Æ°>gíµ ÷Æ°>0)rU  rÜ   Ú_BaseWorldFolder)r   r   gğhãˆµøÔ>gğhãˆµøÔ>{r›  )r   r   gğhãˆµøÔ>gğhãˆµøÔ>0)rU  éç   ÚMcRegionWorldFolder)r   r   gíµ ÷Æ°>gíµ ÷Æ°>{r›  )r   r   gíµ ÷Æ°>gíµ ÷Æ°>0)rU  r"   ÚAnvilWorldFolder)r   r   gíµ ÷Æ°>gíµ ÷Æ°>{r›  )r   r   gíµ ÷Æ°>gíµ ÷Æ°>0)rU  r  r{   )r   r   g        g        {rT  )r   r   g        g        0)rU  r  Ú_WorldFolderFactory)r   r   g        g        {r›  )r   r   g        g        0)rU  i  ÚBoundingBox)r   r   gíµ ÷Æ°>gíµ ÷Æ°>{r›  )r   r   gíµ ÷Æ°>gíµ ÷Æ°>0)rU  r   r   )r   r   g?«Ì”Ößò>gOqxµÜi?{r  )r   r   g?«Ì”Ößò>gOqxµÜi?0)ú /usr/local/lib/python3.7/glob.pyr   r   )r   r   gíµ ÷Æà>g%:Ë,B±E?{r  )r   r   gíµ ÷Æà>g%:Ë,B±E?0)rÔ   ra   r   )r   r   gfLÁgÓ?g”g^»ïH?{r  )r   r   gfLÁgÓ?g”g^»ïH?0)ú@/home/dumtrii/Documents/pyCraft/minecraft/networking/__init__.pyr   r   )r   r   gíµ ÷Æ°>gíµ ÷Æ°>{r  )r   r   gíµ ÷Æ°>gíµ ÷Æ°>0)úH/home/dumtrii/Documents/pyCraft/minecraft/networking/packets/__init__.pyrÇ   r   )r   r   gğk$	Â?ga1êZ{ŸÂ?{r  )r   r   gğk$	Â?ga1êZ{ŸÂ?0)rW  ra   ÚPacketBuffer)r   r   gùœ»]/M?gùœ»]/M?{r›  )r   r   gùœ»]/M?gùœ»]/M?0)rW  r   r   )r   r   gğhãˆµøÔ>gç4´;¤?{r  )r   r   gğhãˆµøÔ>gç4´;¤?0)rY  ra   ÚPacketListener)r   r   gíµ ÷Æ°>gíµ ÷Æ°>{r›  )r   r   gíµ ÷Æ°>gíµ ÷Æ°>0)rY  r   r   )r   r   gTäqs*Ù>gÇÕÈ®´Œ„?{r  )r   r   gTäqs*Ù>gÇÕÈ®´Œ„?0)r[  r›   r“  )r   r   gíµ ÷Æà>g?«Ì”Ößâ>{r›  )r   r   gíµ ÷Æà>g?«Ì”Ößâ>0)r[  r   r   )r   r   g?«Ì”Ößâ>g1w-!„?{r  )r   r   g?«Ì”Ößâ>g1w-!„?0)úF/home/dumtrii/Documents/pyCraft/minecraft/networking/types/__init__.pyr   r   )r   r   gfLÁgÓñ>g9æ¯¹‚?{r  )r   r   gfLÁgÓñ>g9æ¯¹‚?0)r_  r   r{   )rs   rs   gTäqs*É>gTäqs*É>{r^  )rs   rs   gTäqs*É>gTäqs*É>0)r]  r  ÚType)r   r   gíµ ÷ÆÀ>gíµ ÷ÆÀ>{r›  )r   r   gíµ ÷ÆÀ>gíµ ÷ÆÀ>0)r]  rR   ÚBoolean)r   r   gíµ ÷ÆÀ>gíµ ÷ÆÀ>{r›  )r   r   gíµ ÷ÆÀ>gíµ ÷ÆÀ>0)r]  r©  ÚUnsignedByte)r   r   gíµ ÷Æ°>gíµ ÷Æ°>{r›  )r   r   gíµ ÷Æ°>gíµ ÷Æ°>0)r]  r’   ÚByte)r   r   gíµ ÷Æ°>gíµ ÷Æ°>{r›  )r   r   gíµ ÷Æ°>gíµ ÷Æ°>0)r]  rß  ÚShort)r   r   gíµ ÷Æ°>gíµ ÷Æ°>{r›  )r   r   gíµ ÷Æ°>gíµ ÷Æ°>0)r]  r|   ÚUnsignedShort)r   r   gíµ ÷Æ°>gíµ ÷Æ°>{r›  )r   r   gíµ ÷Æ°>gíµ ÷Æ°>0)r]  r   ÚInteger)r   r   gíµ ÷ÆÀ>gíµ ÷ÆÀ>{r›  )r   r   gíµ ÷ÆÀ>gíµ ÷ÆÀ>0)r]  r—  ÚFixedPointInteger)r   r   gíµ ÷Æ°>gíµ ÷Æ°>{r›  )r   r   gíµ ÷Æ°>gíµ ÷Æ°>0)r]  é{   ÚAngle)r   r   gíµ ÷Æ°>gíµ ÷Æ°>{r›  )r   r   gíµ ÷Æ°>gíµ ÷Æ°>0)r]  r5   ÚVarInt)r   r   gíµ ÷Æ°>gíµ ÷Æ°>{r›  )r   r   gíµ ÷Æ°>gíµ ÷Æ°>0)r]  r}  ÚLong)r   r   gíµ ÷ÆÀ>gíµ ÷ÆÀ>{r›  )r   r   gíµ ÷ÆÀ>gíµ ÷ÆÀ>0)r]  rb  ÚUnsignedLong)r   r   gíµ ÷Æ°>gíµ ÷Æ°>{r›  )r   r   gíµ ÷Æ°>gíµ ÷Æ°>0)r]  rË  ÚFloat)r   r   gíµ ÷ÆÀ>gíµ ÷ÆÀ>{r›  )r   r   gíµ ÷ÆÀ>gíµ ÷ÆÀ>0)r]  rÓ  ÚDouble)r   r   gíµ ÷Æ°>gíµ ÷Æ°>{r›  )r   r   gíµ ÷Æ°>gíµ ÷Æ°>0)r]  r­  ÚShortPrefixedByteArray)r   r   gíµ ÷Æ°>gíµ ÷Æ°>{r›  )r   r   gíµ ÷Æ°>gíµ ÷Æ°>0)r]  r  ÚVarIntPrefixedByteArray)r   r   gíµ ÷Æ°>gíµ ÷Æ°>{r›  )r   r   gíµ ÷Æ°>gíµ ÷Æ°>0)r]  i  ÚTrailingByteArray)r   r   gíµ ÷Æ°>gíµ ÷Æ°>{r›  )r   r   gíµ ÷Æ°>gíµ ÷Æ°>0)r]  i  ÚString)r   r   gíµ ÷Æ°>gíµ ÷Æ°>{r›  )r   r   gíµ ÷Æ°>gíµ ÷Æ°>0)r]  i  rQ  )r   r   gíµ ÷Æ°>gíµ ÷Æ°>{r›  )r   r   gíµ ÷Æ°>gíµ ÷Æ°>0)r]  i&  r%  )r   r   gíµ ÷Æ°>gíµ ÷Æ°>{r›  )r   r   gíµ ÷Æ°>gíµ ÷Æ°>0)r]  iK  ÚSlot)r   r   gíµ ÷ÆÀ>gíµ ÷ÆÀ>{r›  )r   r   gíµ ÷ÆÀ>gíµ ÷ÆÀ>0)r]  ra   r   )r   r   gŞ 3ßÁOü>g„º„Co?{r  )r   r   gŞ 3ßÁOü>g„º„Co?0)r_  rx  Ú_Feature)r   r   gíµ ÷Æ°>gíµ ÷Æ°>{r›  )r   r   gíµ ÷Æ°>gíµ ÷Æ°>0)r_  r³   r   )r   r   g?«Ì”Ößâ>g·_>Y1\ı>{r  )r   r   g?«Ì”Ößâ>g·_>Y1\ı>0)ú6/usr/local/lib/python3.7/site-packages/nbt/__init__.pyr   r   )r   r   gğhãˆµøÔ>gö²í´5"x?{r  )r   r   gğhãˆµøÔ>gö²í´5"x?0)rP  r±   ÚMalformedFileError)r   r   g        g        {r›  )r   r   g        g        0)rP  rM   ÚTAG)r   r   gíµ ÷ÆÀ>gíµ ÷ÆÀ>{r›  )r   r   gíµ ÷ÆÀ>gíµ ÷ÆÀ>0)rP  r|   Ú_TAG_Numeric)r   r   gíµ ÷Æ°>gíµ ÷Æ°>{r›  )r   r   gíµ ÷Æ°>gíµ ÷Æ°>0)ra  r¹   rƒ  )r   r   g        g        {r›  )r   r   g        g        0)ra  iñ  r”  )r   r   gğhãˆµøä>gğhãˆµøä>{r›  )r   r   gğhãˆµøä>gğhãˆµøä>0)ra  ra   r   )r   r   g¢&ú|”?gÀ"¿~ˆV?{r  )r   r   g¢&ú|”?gÀ"¿~ˆV?0)ræ   rR   Ú_set_function_name)r   r   g        g        {rå   )r   r   g        g        0)ræ   r1   r{   )r   r   gíµ ÷ÆĞ>gíµ ÷ÆĞ>{©ræ   r¤  Ú	deprecate)r   r   gíµ ÷ÆĞ>gíµ ÷ÆĞ>0)ræ   rç   rè   )r   r   g,Cëâ6ú>ga2U0*©?{rª  )r   r   g¢&ú|”ç>gğhãˆµøô>rŸ  )r   r   g·_>Y1\í>gJ°8œùÕ?0)ræ   rJ  Ú
_Deprecate)r   r   gíµ ÷Æ°>gíµ ÷Æ°>{r›  )r   r   gíµ ÷Æ°>gíµ ÷Æ°>0)ræ   rB  rC  )r   r   gíµ ÷Æğ>g
ØFì?{rå   )r   r   gíµ ÷Æğ>g
ØFì?0)ræ   r¤  r   )r   r   gğhãˆµøä>g$Dù‚?{rª  )r   r   gTäqs*É>gíµ ÷ÆĞ>rÊ  )r   r   g·_>Y1\İ>gCÅ8
?0)ræ   iı  ÚSafeEval)r   r   gíµ ÷ÆÀ>gíµ ÷ÆÀ>{r›  )r   r   gíµ ÷ÆÀ>gíµ ÷ÆÀ>0)ræ   r   r   )r   r   g,Cëâ6ú>gğ÷‹Ù’UA?{r  )r   r   g,Cëâ6ú>gğ÷‹Ù’UA?0)r  rÆ  r   )r   r   gõ‚Osò"?góÈ<÷N?{r  )r   r   gõ‚Osò"?góÈ<÷N?0)r+  rJ  ÚBagObj)r   r   gíµ ÷Æ°>gíµ ÷Æ°>{r›  )r   r   gíµ ÷Æ°>gíµ ÷Æ°>0)r+  r(  ÚNpzFile)r   r   gTäqs*É>gTäqs*É>{r›  )r   r   gTäqs*É>gTäqs*É>0)rd  rG   ÚMovingThread)r   r   gíµ ÷Æ°>gíµ ÷Æ°>{r›  )r   r   gíµ ÷Æ°>gíµ ÷Æ°>0)rd  r   ÚFallingThread)r   r   gíµ ÷Æ°>gíµ ÷Æ°>{r›  )r   r   gíµ ÷Æ°>gíµ ÷Æ°>0)rd  r   ÚMiningThread)r   r   gíµ ÷Æ°>gíµ ÷Æ°>{r›  )r   r   gíµ ÷Æ°>gíµ ÷Æ°>0)rd  rù   ÚMultiMiningThread)r   r   gíµ ÷ÆÀ>gíµ ÷ÆÀ>{r›  )r   r   gíµ ÷ÆÀ>gíµ ÷ÆÀ>0)rd  éÇ   ÚItemSwapThread)r   r   gíµ ÷Æ°>gíµ ÷Æ°>{r›  )r   r   gíµ ÷Æ°>gíµ ÷Æ°>0)rd  éï   ÚMoveToAndMineThread)r   r   gíµ ÷Æ°>gíµ ÷Æ°>{r›  )r   r   gíµ ÷Æ°>gíµ ÷Æ°>0)rd  r   r   )r   r   g
ØFìó>ga°ä*Ã?{r  )r   r   g
ØFìó>ga°ä*Ã?0)rÔ   ri  rj  )r   r   g]éEí~?g1Ğµ/ G?{rÓ   )r   r   g]éEí~?g1Ğµ/ G?0)rm  i  rn  )iA  iA  gæ“ÃÕP?g73úÑpÊ|?{rá   )ra   ra   gğhãˆµøä>gˆÓI¶ºœ?rˆ  )i=  i=  g(š°È¯O?gé!çı|?0)rf  r   r   )r   r   g?«Ì”Öß?g”Ù “ŒœÃ?{r  )r   r   g?«Ì”Öß?g”Ù “ŒœÃ?0)rf  r  ÚBot)r   r   gíµ ÷ÆĞ>gíµ ÷ÆĞ>{r›  )r   r   gíµ ÷ÆĞ>gíµ ÷ÆĞ>0)r  r   r   )r   r   g:!tĞ%L?g}½pçº!@{r  )r   r   g:!tĞ%L?g}½pçº!@0)r_  rP  rQ  )i  i  gF–Ì±¼«?g µ‰“ûM?{)rl   r_   r­  )r
  r
  g«ZÒQf?gÙ–?ß6?rh  )rJ   rJ   gğhãˆµø?g›©¾ó‹B?0)r_  r  rT  )iA  iA  g¾IÓ h.?g^fØ(ë7c?{rl  )iA  iA  g¾IÓ h.?g^fØ(ë7c?0)r_  rX  rY  )ra   ra   gTäqs*É>gâ8ğj¹33?{r'  )ra   ra   gTäqs*É>gâ8ğj¹33?0)r_  rt  rÖ   )r  r  g?«Ì”Ößò>g:‘`ª™µ„?{rO  )r   r   gíµ ÷Æ°>g„d#?r¤  )r   r   gíµ ÷ÆÀ>gâ8ğj¹33?©rÃ  r   r   )r   r   g        g ûrf»B??r¯   )r   r   g        g‰µø ã9?r°  )r   r   g        g‰µø ã9?©r¼  rú  r{   )r   r   g        g’WçH?rÄ  )r   r   gíµ ÷Æ°>gç4´;¤(?rû   )r   r   gíµ ÷Æ°>g­gÇ,{B?r¾   )r   r   gíµ ÷ÆĞ>g†¨ÂŸáÍJ?©r•   rs   r   )rs   rs   gTäqs*Ù>gÛmšë4r?r  )r   r   gíµ ÷Æ°>géAA)Z¹'?©r  r   r   )r   r   gíµ ÷Æ°>g(G¢`Æ4?r`  )r   r   g        gQ×ÚûT*?rb  )r   r   g        g¤ßPøl=?rİ  )r   r   gíµ ÷Æ°>gú`ºÙ??0)r_  r`  ra  )r   r   gíµ ÷Æ°>gíµ ÷ÆĞ>{r¯  )r   r   gíµ ÷Æ°>gíµ ÷ÆĞ>0)r_  i  r;   )iy  iy  gˆ»zM?gaiàG5ì‡?{rO  )i  i  g5wô¿\‹&?gËÔ$xCE?rS  )iA  iA  gÉ©ajK=?g–t”ƒÙH?rW  )ra   ra   ghUMuï>g»yªCn†+?)r_  rt  rÖ   )r  r  g²t±i¥0?gä*¿)¬„?0)r0   rº  r¥  )r§  r§  g,Cëâ6ú>gÒûÆ×Y?{r/   )r§  r§  g,Cëâ6ú>gÒûÆ×Y?0)r0   r0  rö  )rR   rR   g«ZÒQf?gÉÇî%?{r/   )rÅ  rÅ  gùœ»]/M?g«ZÒQf?)r0   iO  r“  )ra   ra   gíµ ÷ÆĞ>gğhãˆµøÔ>0)r0   r÷  rø  )rR   rR   g¾IÓ hş>g«ZÒQf?{r/   )rR   rR   g¾IÓ hş>g«ZÒQf?0)rv  rw  rx  )r   r   gíµ ÷Æ°>gíµ ÷Æ°>{ry  )r   r   gíµ ÷Æ°>gíµ ÷Æ°>0)r0   r¨  r{   )ra   ra   gíµ ÷Æà>gíµ ÷Æà>{r˜  )ra   ra   gíµ ÷Æà>gíµ ÷Æà>0)r0   r1   r2   )rR   rR   g1zn¡+!?g²t±i¥0?{)r€   r©  rP  )r   r   g·_>Y1\í>gŞ 3ßÁOü>r˜  )ra   ra   gğhãˆµøä>g
ØFìó>r4   )ra   ra   g·_>Y1\İ>ghUMuï>rÃ  )r6  r6  g,Cëâ6?g/PR`L)?0)rv  r'   rz  )r   r   gTäqs*É>gíµ ÷ÆĞ>{r-   )r   r   gTäqs*É>gíµ ÷ÆĞ>0)r0   r  r™  )ra   ra   gğhãˆµøä>g#Diâ?{r›  )r   r   gTäqs*É>g
ØFìó>rÃ  )r   r   g·_>Y1\İ>g
ØFì?0)r0   rµ  ú
<dictcomp>)ra   ra   g?«Ì”Ößâ>g?«Ì”Ößâ>{r4   )ra   ra   g?«Ì”Ößâ>g?«Ì”Ößâ>0)r0   rÁ  rÂ  )ra   ra   ghUMu?gF–Ì±¼«?{r4   )ra   ra   ghUMu?gF–Ì±¼«?0)r0   éÆ   ú	<genexpr>)rÇ   rÇ   gíµ ÷Æ°>gíµ ÷Æ°>{©r   r   ro  )r\   r\   gíµ ÷Æ°>gíµ ÷Æ°>r4   )r   r   g        g        0)r0   r5   r6   )ra   ra   gVñFæ‘?8?gúïÁk—6L?{r›  )r   r   gÀ“.«°	?g×3ÂÛƒ ?rÃ  )r   r   gŞ„€|	5?g„*5{ H?0)r0   i  rè   )r6  r6  g„¹İË}r?g>]İ±Ø&U?{rƒ   )r   r   gíµ ÷Æà>gÚá¯ÉõP?rÉ  )rs   rs   g¢&ú|”ç>gˆÓI¶ºœ"?rË  )rÎ  rÎ  gümOØî?g#Diâ?0)r0   iO  r“  )ra   ra   gTäqs*Ù>g¢&ú|”ç>{)r   r   rƒ  )ra   ra   gTäqs*Ù>g¢&ú|”ç>0)r0   ih  Ú__members__)r   r   gíµ ÷ÆÀ>gíµ ÷ÆÀ>{rƒ   )r   r   gíµ ÷ÆÀ>gíµ ÷ÆÀ>0)r0   ix  r—  )r    r    g()° ¦?gíµ ÷Æ ?{)r   r   r  )r§  r§  g°t><K?gğhãˆµø?r4   )rw   rw   gÒûÆ×Y?g]éEí~?rÃ  )r   r   gíµ ÷ÆÀ>gTäqs*É>rƒ   )r   r   gTäqs*É>gíµ ÷ÆĞ>0)r0   i…  rÄ  )r   r   g
ØFì?gÿunÚŒÓP?{©r0   i  rè   )r   r   g
ØFì?gÿunÚŒÓP?0)r0   iÅ  rè  )rú  rú  g¢&ú|”÷>gTäqs*ù>{ré  )rú  rú  g¢&ú|”÷>gTäqs*ù>0)r0   iº  rê  )rú  rú  g¢'eRCë>g¢&ú|”?{r˜  )ra   ra   gíµ ÷Æà>g?«Ì”Ößò>r4   )ra   ra   gíµ ÷Æ°>gTäqs*é>rÃ  )r   r   gíµ ÷ÆĞ>g·_>Y1\í>0)r0   iÚ  r˜   )ra   ra   g
ØFìó>g¢&ú|”?{r4   )ra   ra   g
ØFìó>g¢&ú|”?0)r9   rú  Ú_combine_flags)rP   rP   ghUMuÿ>ghUMuÿ>{r8   )r~  r~  gÉÇî%ö>gÉÇî%ö>rE   )r$   r$   gğhãˆµøÔ>gğhãˆµøÔ>rp  )rG   rG   gíµ ÷ÆĞ>gíµ ÷ÆĞ>0)r0   i  r6   )rP   rP   g°t><K?g1]ˆÕa(?{r·  )rP   rP   g°t><K?g1]ˆÕa(?0)r0   io  Úname)r\  r\  g·_>Y1\İ>g·_>Y1\İ>{©ú!/usr/local/lib/python3.7/types.pyrĞ  Ú__get__)r\  r\  g·_>Y1\İ>g·_>Y1\İ>0)r0   it  Úvalue)rw   rw   g·_>Y1\İ>g·_>Y1\İ>{rº  )rw   rw   g·_>Y1\İ>g·_>Y1\İ>0)r0   i  ræ  )r   r   gÖÿ9Ì—?gÕÌZ
Hû?{rƒ   )r   r   gÖÿ9Ì—?gÕÌZ
Hû?0)r0   i“  rj  )r6  r6  gíµ ÷Æà>gíµ ÷Æà>{©r   r   r‚   )r6  r6  gíµ ÷Æà>gíµ ÷Æà>0)r0   iy  r„   )r   r   g{…÷ø>güI‚pT?{r  )r   r   g{…÷ø>güI‚pT?0)r9   r:   r;   )rM   rñ  gYÛ‹jQ?gl#ö	 h?{r8   )rT  rJ  gå¶}úëE?guÊ£aQa?rK   )rM   rM   g›ÿW9Ò9?gl#ö	 h?0)r9   r=   r>   )r|   r|   gùœ»]/M!?gî[­—ã%?{r8   )rQ  rQ  g²t±i¥ ?gı¡™'×$?rH   )r   r   gğhãˆµøÔ>gíµ ÷Æà>0)r9   i  r@   )r|   r|   g§"Æ‚L?géĞéy7T?{r8   )rQ  rQ  gàiTàdK?gÌ"[AÓR?rH   )r   r   gfLÁgÓ?gÎáZía/?0)r0   i  rÈ  )r   r   gğhãˆµøÔ>g²EÒnô1?{rÆ  )r   r   gğhãˆµøÔ>g²EÒnô1?0)r0   i   rš   )r   r   g·_>Y1\í>g#Diâ?{rÇ  )r   r   g·_>Y1\í>g#Diâ?0)r0   i>  rÊ  )r   r   g?«Ì”Ößâ>góuşÓ$?{r¤  )r   r   g        gíµ ÷Æà>r®  )r   r   gğhãˆµøÔ>g¢&ú|”?r¯  )r   r   gíµ ÷ÆĞ>g#Diâ?0)r0   iD  rÌ  )rM   rM   gÖÿ9Ì—?gH£'ÛÀ-?{r¿  )rM   rM   gÖÿ9Ì—?gH£'ÛÀ-?0)r9   i›  rú  )rw   rw   gˆÓI¶ºœ?g{…÷(?{r?   )rw   rw   gˆÓI¶ºœ?g{…÷(?0)r0   iW  r†   )r\   r\   gTäqs*É>gğhãˆµøÔ>{)r0   i‹  Ú_power_of_two)r\   r\   gTäqs*É>gğhãˆµøÔ>0)r0   iz  ræ  )r   r   gíµ ÷Æğ>gümOØî?{rB   )r   r   gíµ ÷Æğ>gümOØî?0)r0   i…  rj  )rD   rD   gTäqs*É>gTäqs*É>{r¾  )rD   rD   gTäqs*É>gTäqs*É>0)r0   ih  rC   )r   r   gŞ 3ßÁOü>gTäqs*?{r™   )r   r   gŞ 3ßÁOü>gTäqs*?0)r0   i‹  r¿  )rÇ   rÇ   gğhãˆµøä>ghUMuï>{©r0   iz  ræ  )rÇ   rÇ   gğhãˆµøä>ghUMuï>0)r9   i  ú
<listcomp>)rw   rw   gvk™Çó?gvk™Çó?{rù  )rw   rw   gvk™Çó?gvk™Çó?0)r9   i   rñ   )r   r   gğhãˆµøä>gíµ ÷Æğ>{r?   )r   r   gğhãˆµøä>gíµ ÷Æğ>0)r9   i§  rü  )r,  r,  g¦@fgÑ;?g›ÿW9Ò)?{r8   )r,  r,  g¦@fgÑ;?g›ÿW9Ò)?0)r9   i°  rı  )ra   ra   g¢&ú|”ç>g¢&ú|”ç>{rH   )ra   ra   g¢&ú|”ç>g¢&ú|”ç>0)r9   iÅ  Ú_get_iscased)r  r  g?«Ì”Ößò>g?«Ì”Ößò>{rE   )r³   r³   g?«Ì”Ößâ>g?«Ì”Ößâ>rp  )rD  rD  g?«Ì”Ößâ>g?«Ì”Ößâ>0)r9   iÍ  rF   )r  r³   gTäqs*?gümOØî?{rE   )r$   r$   ghUMuï>gíµ ÷Æğ>rH   )r  r  g¦@fgÑ;?gümOØî?0)r9   iì  rq  )rD  rD  g¢&ú|”?gÕÌZ
Hû?{rH   )rD  rD  g¢&ú|”?gÕÌZ
Hû?0)r9   i  rI   )rM   rM   gËÔ$xC%?gàiTàdK?{rK   )rM   rM   gËÔ$xC%?gàiTàdK?0)r9   iS  rÍ  )rÎ  rÎ  gfLÁgÓ?g]éEí~?{r¿  )rM   rM   g¢&ú|”÷>g¢'eRCû>rÕ   )rM   rM   gTäqs*é>ghUMuï>0)r9   iV  rL   )rM   rM   gfLÁgÓ?gØñ_ p?{rÕ   )rM   rM   gfLÁgÓ?gØñ_ p?0)r9   i÷  rÖ   )rM   rM   gOÊ¤†6 +?gÅ5>“ıó„?{r¿  )rM   rM   gOÊ¤†6 +?gÅ5>“ıó„?0)rO   éL   r{   )rM   rM   gíµ ÷Æ ?gíµ ÷Æ ?{©rO   i—  Úparse)rM   rM   gíµ ÷Æ ?gíµ ÷Æ ?0)rO   r   rş  )rÿ  rÿ  g#Diâ?gˆÓI¶ºœ?{rÕ   )rÎ  rÎ  g{…÷ø>g!>°ã¿@ ?rN   )rv   rv   gfLÁgÓ?gğhãˆµø?0)rO   rP   rQ   )rR   rR   gˆÓI¶ºœ?g²EÒnô1?{rX   )rR   rR   gˆÓI¶ºœ?g²EÒnô1?0)rO   r   Ú
closegroup)rR   rR   gğhãˆµø?gVñFæ‘?8?{rX   )rR   rR   gğhãˆµø?gVñFæ‘?8?0)rO   ra  r{   )r°  r°  g()° ¦?g()° ¦?{rÏ  )r,  r,  gÖÿ9Ì—?gÖÿ9Ì—?rU   )rD   rD   gTäqs*É>gTäqs*É>rX   )r  r  gümOØî?gümOØî?0)rO   r   r  )iÕ  iÕ  g<–¸Ê#?g3j¾J>v'?{)r   r   rî  )rA   rA   ga2U0*©?g¢&ú|”?rp  )r   r   gíµ ÷Æ°>gíµ ÷Æ°>©rO   r'  r2   )ra   ra   gTäqs*É>gTäqs*É>rU   )rG   rG   gíµ ÷ÆĞ>gğhãˆµøÔ>rX   )é×   rÈ  gfLÁgÓ?g]éEí~?0)rO   rĞ  rÑ  )i½  i½  gìİïU+C?gÅÚÇ
~K?{r8   )iÁ  iÁ  gã5¯ê¬&?gú`ºÙ/?rû  )r”  r”  g¾IÓ hş>g]éEí~?rp  )r   r   g        gíµ ÷ÆÀ>rÇ  )r…  r…  gTäqs*Ù>g?«Ì”Ößâ>rU   )rw  rw  gğhãˆµøÔ>g·_>Y1\İ>rX   )iq  iq  g1]ˆÕa8?g¦Ï¸®˜A?0)rO   r'  r2   )ra  ra  gÒûÆ×Y?gç4´;¤?{rX   )ra  ra  gÒûÆ×Y?gç4´;¤?0)rO   rS   rT   )i¾  i¾  g²t±i¥ ?g}’;l"3'?{rU   )rD   rD   gíµ ÷ÆÀ>gTäqs*É>rX   )i·  i·  gü©ñÒMb ?gìNwxÎ&?0)rO   r  r  )r¼   i  g$Dù‚B?gõó¦"ÆF?{rH   )rM   rM   gÀ“.«°)?g²c#¯ë7?)rO   r   rÆ  )rR   rR   g?«Ì”Öß"?g8„*5{ 5?r  )rT  rµ  grQ-"ŠÉ+?g†ÆAœ‡3?0)rO   rÓ  r{   )rM   rM   g„¹İË}r?gü©ñÒMb ?{rÄ  )rM   rM   g„¹İË}r?gü©ñÒMb ?0)rO   rA   Ú__next)i  i  gÀ"¿~ˆF?gÀ"¿~ˆF?{rÒ  )rM   rM   g¢&ú|”?g¢&ú|”?)rO   r=   rQ  )rÙ  rÙ  g”Øµ½İ’?g”Øµ½İ’?)rO   rÁ  Úget)i  i  gO!WêY@?gO!WêY@?)rO   i  Úgetwhile)r›   r›   gíµ ÷ÆÀ>gíµ ÷ÆÀ>)rO   i  Úgetuntil)r  r  g
ØFìó>g
ØFìó>)rO   i   Úseek)r   r   g        g        0)rO   r=   rQ  )iS  iS  gÎáZía/$?gçfh<1?{rU   )r  r  g?«Ì”Öß?gÉÇî%?rX   )iß  iß  gümOØî?g%z‹‡÷,?0)rO   rÁ  rÊ  )i  i  g]ú—¤2Å<?g3Lm©ƒ¼N?{rX   )i  i  g‚Vµ¤£<?gO;ü5Y£N?)rO   iK  Ú_parse_flags)r   r   gíµ ÷ÆÀ>gTäqs*É>0)rO   i  rË  )ra   ra   g?«Ì”Ößâ>g¢&ú|”ç>{rœ   )ra   ra   g?«Ì”Ößâ>g¢&ú|”ç>0)rO   i  rÌ  )r›   r›   g,Cëâ6ú>g¢&ú|”?{rX   )r›   r›   g,Cëâ6ú>g¢&ú|”?0)rO   i  r  )ia  ia  ghY÷…è ?gZ³ĞÎi&?{rU   )rv   rv   g]éEí~?g,Cëâ6
?rX   )r¯  r¯  g¢&ú|”?gõ×+,¸?0)rO   i   rÍ  )r   r   gíµ ÷Æ°>gíµ ÷Æ°>{rX   )r   r   gíµ ÷Æ°>gíµ ÷Æ°>0)rO   i'  r   )r³   r³   gŞ 3ßÁO?gÎáZía/?{rX   )r³   r³   gŞ 3ßÁO?gÎáZía/?0)rO   iW  r    )r¨  r¨  gÉÇî%?g·_>Y1\?{rX   )r¨  r¨  gÉÇî%?g·_>Y1\?0)rO   i˜  r  )r    r    gÖÿ9Ì—?g¢'eRC?{rX   )r    r    gÖÿ9Ì—?g¢'eRC?0)rO   i¡  rV   )rM   rv   g›©¾ó‹2?g1Ñ O!w?{rX   )r    r  gç4´;¤(?ga£¬ßLLg?rÄ  )rM   rM   g’Wç?g1Ñ O!w?0)rO   iÛ  rY   )r®   r  gÚá¯Éõ`?g"úµõÓv?{rU   )r  r®   gÚá¯Éõ`?g"úµõÓv?0)rO   iK  rÎ  )r   r   gğhãˆµøÔ>gíµ ÷Æà>{rX   )r   r   gğhãˆµøÔ>gíµ ÷Æà>0)rO   i‡  rÔ  )rM   rM   g
ØFì?gğhãˆµø?{rÄ  )rM   rM   g
ØFì?gğhãˆµø?0)rO   i—  rÅ  )rM   rM   gÒûÆ×Y"?gÉÉÄ­‚x?{rÕ   )rM   rM   gÒûÆ×Y"?gÉÉÄ­‚x?0)r   r   ú0<method 'disable' of '_lsprof.Profiler' objects>)r   r   g        g        {0)rê   iß  r_  )r   r   gTäqs*Ù>g¢'eRCû>{r  )r   r   gTäqs*É>gTäqs*é>©rA  rú  r   )r   r   gTäqs*É>g·_>Y1\í>0)rê   i½  rÕ  )r   r   gíµ ÷ÆÀ>gíµ ÷ÆÀ>{r  )r   r   gíµ ÷Æ°>gíµ ÷Æ°>rĞ  )r   r   gíµ ÷Æ°>gíµ ÷Æ°>0)r  i"  r  )r   r   gíµ ÷ÆÀ>gíµ ÷ÆÀ>{r	  )r   r   gíµ ÷ÆÀ>gíµ ÷ÆÀ>0)r  id  r{   )r   r   gíµ ÷ÆĞ>gíµ ÷ÆĞ>{r¨  )r   r   gíµ ÷ÆĞ>gíµ ÷ÆĞ>0)r  r\  r{   )r   r   gTäqs*Ù>gTäqs*Ù>{r¹  )r   r   gTäqs*É>gTäqs*É>rø  )r   r   gTäqs*É>gTäqs*É>0)r  r   r  )r   r   gíµ ÷ÆÀ>gíµ ÷ÆĞ>{)r   r  r  )r   r   gíµ ÷Æ°>gíµ ÷ÆÀ>rø  )r   r   gíµ ÷Æ°>gíµ ÷ÆÀ>0)r   r   ú!<built-in method _heapq.heappush>)i©  i©  gd°âTkaf?gd°âTkaf?{r±  )i¥  i¥  gè‚ú–9]f?gè‚ú–9]f?r   )ra   ra   gíµ ÷ÆÀ>gíµ ÷ÆÀ>0)r   r   ú <built-in method _heapq.heappop>)i  i  gèö’Æhu?gèö’Æhu?{r   )i  i  gèö’Æhu?gèö’Æhu?0)r£   r’  r“  )ra   ra   gTäqs*é>g]éEí~?{)r   r   r  )ra   ra   gTäqs*é>g]éEí~?0)rê   rM   rë   )iV  iV  gi>"¦DR?g8ºJw×Ù`?{©rÈ  r'   r*  )r   r   gğhãˆµøä>ghUMuï>©r€  r   r   )i=  i=  gNjh°Q?g]Ş®Õ^?©rÛ  rº  rÜ  )r   r   gğhãˆµøÔ>gíµ ÷Æà>©rÛ  r§  rŞ  )r   r   gíµ ÷Æà>g¢'eRCë>r  )r   r   gTäqs*é>gfLÁgÓ?©rş   iÎ  r_  )r   r   g·_>Y1\İ>gTäqs*ù>)rê   iß  r_  )r   r   gíµ ÷Æà>gğhãˆµøô>©r{  r1   rè   )r   r   gíµ ÷ÆĞ>ghUMuï>©r{  râ  Úcontextmanager)r›   r›   g{…÷ø>g{…÷?0)rê   r  Úwraps)iT  iT  g×3ÂÛƒ0?g×3ÂÛƒ0?{rÓ  )r   r   gíµ ÷ÆÀ>gíµ ÷ÆÀ>rÔ  )i=  i=  g¡JÍ.?g¡JÍ.?rÕ  )r   r   gíµ ÷ÆÀ>gíµ ÷ÆÀ>rÖ  )r   r   gíµ ÷Æ°>gíµ ÷Æ°>r  )r   r   gíµ ÷ÆĞ>gíµ ÷ÆĞ>r×  )r   r   g        g        rØ  )r   r   gíµ ÷ÆÀ>gíµ ÷ÆÀ>rÙ  )r›   r›   gTäqs*Ù>gTäqs*Ù>0)r£   i„  ú	<genexpr>)rô   rô   gğhãˆµøô>gğhãˆµøô>{r  )rô   rô   gğhãˆµøô>gğhãˆµøô>0)r£   i<  r¤   )r$   r$   gVñFæ‘?H?gºI+‡f?{©r   r   r-  )r   r   g5wô¿\‹?g·_>Y1\?rO  )r   r   gÀ“.«°	?g«ZÒQf#?rÂ  )r   r   gÉÇî%?gF–Ì±¼«?rÄ  )r   r   g¢&ú|”?g·_>Y1\?©r,  r   r   )r   r   g™ò!¨½
?g$Dù‚"?r   )r   r   gÀ“.«°	?gĞîb€D#?rû   )r   r   gŞ 3ßÁO?g<–¸Ê#?rö  )r   r   g{…÷?gùœ»]/M!?r°  )r   r   gJ°8œùÕ?g–VCâKO?r  )r   r   g†ÆAœ‡#?g#-•·#œ6?rá  )r   r   g¾IÓ h?g«ZÒQf#?rL  )r   r   g,Cëâ6?gXÎüj0?0)r  r
  r{   )r   r   g·_>Y1\İ>gğhãˆµøä>{r¹  )r   r   g·_>Y1\İ>gğhãˆµøä>0)r^   r_   r`   )ra   ra   ghUMuï>g{…÷ø>{rÖ  )r   r   g·_>Y1\İ>g?«Ì”Ößâ>rİ  )r   r   gíµ ÷Æà>g·_>Y1\í>0)r^   r×  rØ  )r   r   gTäqs*É>gTäqs*é>{r`  )r   r   gTäqs*É>gTäqs*é>0)r{  rJ  Ú_recreate_cm)r   r   g        g        {rz  )r   r   g        g        0)r{  r:   r|  )r   r   g™ò!¨½?g!>°ã¿@ ?{rO  )r   r   g™ò!¨½?g!>°ã¿@ ?0)r{  r1   rè   )r   r   gTäqs*É>gğhãˆµøô>{rO  )r   r   gTäqs*É>gğhãˆµøô>0)r{  râ  rÚ  )r›   r›   gíµ ÷Æğ>gfLÁgÓ?{rª  )r   r   gíµ ÷Æà>g«ZÒQf?r
  )r   r   gíµ ÷ÆÀ>g?«Ì”Ößâ>)rÃ  r7   r0  )r   r   gTäqs*É>g¢'eRCë>r  )r   r   gTäqs*É>g?«Ì”Ößâ>0)r  i¡  rÑ  )r   r   gğhãˆµøä>gfLÁgÓñ>{)ú,/usr/local/lib/python3.7/_collections_abc.pyi‘  rÊ  )r   r   gíµ ÷ÆĞ>gTäqs*Ù>)rà  i˜  Ú__contains__)r   r   gTäqs*Ù>g¢&ú|”ç>0)r  i©  r2   )r   r   gíµ ÷Æà>gÉÇî%ö>{r-   )r   r   gíµ ÷Æà>gÉÇî%ö>0)r  i¯  rA  )r   r   gíµ ÷ÆĞ>gíµ ÷Æğ>{r-   )r   r   gíµ ÷ÆĞ>gíµ ÷Æğ>0)r  iï  r  )rÇ   rÇ   gTäqs*Ù>gTäqs*é>{)r  i¡  rÑ  )r   r   gíµ ÷ÆĞ>g·_>Y1\İ>r>  )ra   ra   gíµ ÷Æ°>gíµ ÷ÆÀ>r@  )r   r   gíµ ÷Æ°>gTäqs*É>0)r  i4  r¨  )r   r   g        gíµ ÷Æ°>{©r   r   r`  )r   r   g        gíµ ÷Æ°>0)rG  rÙ  rÚ  )r   r   gTäqs*É>gTäqs*É>{ro  )r   r   gíµ ÷Æ°>gíµ ÷Æ°>rF  )r   r   gíµ ÷ÆÀ>gíµ ÷ÆÀ>0)rG  rƒ  rÜ  )r   r   gíµ ÷ÆÀ>gíµ ÷ÆÀ>{r¹  )r   r   gíµ ÷ÆÀ>gíµ ÷ÆÀ>0)rG  rç   rp  )r   r   gíµ ÷ÆĞ>gTäqs*Ù>{©rò  r   r   )r   r   gíµ ÷ÆĞ>gTäqs*Ù>0)rG  r   rH  )r   r   gíµ ÷ÆĞ>g?«Ì”Ößâ>{rã  )r   r   gíµ ÷ÆĞ>g?«Ì”Ößâ>0)rà  i‘  rÊ  )r   r   gíµ ÷Æ°>g·_>Y1\İ>{rá  )r   r   gíµ ÷Æ°>g·_>Y1\İ>0)rà  i˜  rá  )r   r   gíµ ÷ÆĞ>ghUMuï>{r-   )r   r   gíµ ÷ÆĞ>ghUMuï>0)r»  rĞ  r¼  )r8  r8  g«ZÒQf?g™ò!¨½
?{r¿  )r…  r…  ghUMuï>gÉÇî%ö>rÀ  )r\  r\  gÉÇî%ö>g·_>Y1\ı>rB   )r   r   gíµ ÷Æ°>gíµ ÷ÆÀ>0)r^   rŞ  rß  )r   r   gTäqs*é>gqş&"à@?{rt   )r   r   gTäqs*é>gqş&"à@?0)r  rD   Úabstractmethod)r¨  r¨  gğhãˆµøä>gğhãˆµøä>{rO  )r   r   gíµ ÷Æ°>gíµ ÷Æ°>)rÙ  rØ   rˆ  )rÜ   rÜ   gTäqs*É>gTäqs*É>)r÷  rx  rè  )ra   ra   g        g        )r  r±   rŒ  )rÜ   rÜ   gTäqs*É>gTäqs*É>)r  r¤  r  )rú  rú  gíµ ÷ÆÀ>gíµ ÷ÆÀ>)r  i  r  )r   r   g        g        )r  i&  r  )r!  r!  gíµ ÷Æ°>gíµ ÷Æ°>0)r  r  r6   )r  r  g„¹İË}r?g¡Ó,Ğî`?{r›  )r¿  r¿  gˆÓI¶ºœ?gœk˜¡ñD`?rİ  )r   r   gíµ ÷ÆÀ>g?«Ì”Öß?rO  )r   r   gğhãˆµøÔ>gÖÿ9Ì—?0)r  rŞ  r\  )rú  rú  gíµ ÷Æà>g1]ˆÕa?{rİ  )r   r   gíµ ÷Æ°>gTäqs*ù>rO  )r   r   gíµ ÷ÆÀ>g¢&ú|”ç>)r   iQ  r‹  )ra   ra   gíµ ÷Æ°>g!>°ã¿@ ?r  )r   r   gíµ ÷Æ°>gfLÁgÓñ>r  )r   r   gTäqs*É>gğhãˆµøä>0)r  r^  r_  )r   r   gíµ ÷ÆÀ>gğhãˆµøä>{rO  )r   r   gíµ ÷ÆÀ>gğhãˆµøä>0)r  ra  rb  )r'   r0  g·_>Y1\İ>gõ‚Osò"?{)r   r   r[  )rú  rú  gíµ ÷ÆĞ>gfLÁgÓ?)r   r   r]  )r   r   g        gğhãˆµøÔ>râ  )rG   r   gTäqs*É>gíµ ÷Æ ?0)ry   i¶  r  )r‚  r‚  g<€E~ı;?gâ©GÜÖF?{r  )r‚  r‚  g<€E~ı;?gâ©GÜÖF?0)ry   i×  Ú_validate_timestamp_pyc)r‚  r‚  gm7Á7MŸ-?g]ú—¤2Å<?{r  )r‚  r‚  gm7Á7MŸ-?g]ú—¤2Å<?0)ry   i  rá  )râ  râ  g•ñï3.<?g‹v“?{r  )râ  râ  g•ñï3.<?g‹v“?0)ry   i  r3  )r   r   gTäqs*é>g!>°ã¿@?{r  )r   r   gTäqs*é>g!>°ã¿@?0)ry   i>  rE  )rF  rF  g’xy:W”B?g«<°S¬J?{©ry   iG  rz   )rF  rF  g’xy:W”B?g«<°S¬J?0)ry   iÏ  Úcreate_module)r‚  r‚  g¢&ú|”÷>g¢&ú|”÷>{r«  )r‚  r‚  g¢&ú|”÷>g¢&ú|”÷>0)ry   iÒ  Úexec_module)r   r‚  gÜóüi£:=?gĞ}9³]¡Ã?{r®  )r‚  r   gÜóüi£:=?gĞ}9³]¡Ã?0)ry   i  Úsource_to_code)r   r   gíµ ÷ÆĞ>g<îÎÚmG?{r  )r   r   gíµ ÷ÆĞ>g<îÎÚmG?0)ry   i  r  )r‚  r‚  g8õäCY?gª›‹¿í™?{©ry   iÒ  rè  )r‚  r‚  g8õäCY?gª›‹¿í™?0)ry   it  r{   )r‚  r‚  gm7Á7MŸ?gm7Á7MŸ?{ræ  )r‚  r‚  gm7Á7MŸ?gm7Á7MŸ?0)ry   i  Úget_filename)r‚  r‚  gíµ ÷Æ ?gíµ ÷Æ ?{)ry   i‘  Ú_check_name_wrapper)r‚  r‚  gíµ ÷Æ ?gíµ ÷Æ ?0)ry   i’  r~  )r}  r}  g›©¾ó‹b?g9í)9'öp?{r  )r}  r}  g›©¾ó‹b?g9í)9'öp?0)ry   i·  Ú
path_stats)r‚  r‚  gã5¯ê¬&?g"ıöuàœQ?{r  )r‚  r‚  gã5¯ê¬&?g"ıöuàœQ?0)ry   i¼  Ú_cache_bytecode)r   r   gíµ ÷ÆĞ>g5wô¿\‹?{r  )r   r   gíµ ÷ÆĞ>g5wô¿\‹?0)ry   iÁ  Úset_data)r   r   gTäqs*é>g°t><K?{©ry   i¼  rî  )r   r   gTäqs*é>g°t><K?0)ry   i  r{   )r  r  g?«Ì”Ößò>g?«Ì”Ößò>{ræ  )r  r  g?«Ì”Ößò>g?«Ì”Ößò>0)ry   i  rç  )r±   r  gXş|[°T?gÉ»š<e…?{r«  )r  r±   gXş|[°T?gÉ»š<e…?0)ry   i  rè  )râ   r  g¢'eRC?gÑ[<¼çÀ‚?{r®  )r  râ   g¢'eRC?gÑ[<¼çÀ‚?0)ry   i9  r{   )r   r   g·_>Y1\İ>g?«Ì”Ößò>{©ry   iø  rO  )r   r   g·_>Y1\İ>g?«Ì”Ößò>0)ry   i?  rM  )r›   r›   gíµ ÷ÆĞ>gğhãˆµøÔ>{rš  )r›   r›   gíµ ÷ÆĞ>gğhãˆµøÔ>0)ry   iI  r›  )r›   r›   gíµ ÷Æà>ghUMuï>{©ry   i9  r{   )r   r   gTäqs*É>gğhãˆµøÔ>©ry   iM  Ú_recalculate)r\   r\   gğhãˆµøÔ>gğhãˆµøä>0)ry   iM  rô  )ra   r\   gTäqs*Ù>g?«Ì”Ößò>{rì  )ra   r   gğhãˆµøÔ>gíµ ÷Æğ>r  )r   r   gíµ ÷Æ°>gíµ ÷ÆĞ>0)ry   iZ  rí  )r   ra   gíµ ÷ÆĞ>gğhãˆµøô>{rò  )r   r   g        gTäqs*É>ró  )r   r   gíµ ÷Æ°>gTäqs*É>rx   )r   r   gTäqs*É>gfLÁgÓñ>0)ry   i`  r  )r   r   gíµ ÷ÆÀ>gTäqs*Ù>{rò  )r   r   gíµ ÷Æ°>gTäqs*É>ró  )r   r   gíµ ÷Æ°>gTäqs*É>0)ry   i‡  rè  )r   r   g        g        {r®  )r   r   g        g        0)ry   i¦  Ú_path_hooks)r@  r@  gõ×+,¸/?g¤¤‡¡ÕÉI?{)ry   i³  Ú_path_importer_cache)r@  r@  gõ×+,¸/?g¤¤‡¡ÕÉI?0)ry   i³  rö  )i  i  gk*‹Â.Š>?gíœfv‡T?{rx   )i  i  gk*‹Â.Š>?gíœfv‡T?0)ry   iØ  rz   )r,  r,  gA	]Ş\?gÏÕVì/»—?{rñ  )r,  r,  gA	]Ş\?gÏÕVì/»—?0)ry   iø  rO  )r,  r,  gvk™Çó)?gÑ;pÏó—?{©r¦   ir  Ú
_find_spec)r,  r,  gvk™Çó)?gÑ;pÏó—?0)ry   i-  ú	<genexpr>)r¨   r¨   gùœ»]/M?gùœ»]/M?{)r   r   rb   )r¨   r¨   gùœ»]/M?gùœ»]/M?0)ry   i'  r{   )r@  r@  g­gÇ,{"?g
ÚäğI'2?{©ry   i¥  Úpath_hook_for_FileFinder)r@  r@  g­gÇ,{"?g
ÚäğI'2?0)ry   iG  rz   )rF  rF  gÙ–?ß6?g°å•ëm3U?{rN  )rF  rF  gÙ–?ß6?g°å•ëm3U?0)ry   iL  rO  )iÖ  iÖ  gT‹ˆbòx?gÀJ”?{rx   )iÖ  iÖ  gT‹ˆbòx?gÀJ”?0)ry   i|  rr  )r@  r@  gùœ»]/M!?güü÷àµKK?{rN  )r@  r@  gùœ»]/M!?güü÷àµKK?0)ry   i¥  rû  )r@  r@  gˆÓI¶ºœ?g]§‘–ÊÛA?{)ry   i¦  rõ  )r@  r@  gˆÓI¶ºœ?g]§‘–ÊÛA?0)r¦   i3  r{   )rt  rt  g’Wç?g’Wç?{r®  )rt  rt  g’Wç?g’Wç?0)r¦   i7  r#  )rt  rt  g_%»”$?g_%»”$?{r®  )rt  rt  g_%»”$?g_%»”$?0)r¦   iA  ú	<genexpr>)iœ  iœ  g«ZÒQf#?g«ZÒQf#?{rµ  )iš  iš  gĞîb€D#?gĞîb€D#?rr  )r   r   gíµ ÷Æ°>gíµ ÷Æ°>0)r¦   i>  rs  )rt  rt  gÕıL½nA?g²t±i¥P?{r®  )rt  rt  gÕıL½nA?g²t±i¥P?0)ry   r   r   )i>  i>  gümOØî.?g%z‹‡÷<?{r  )r‚  r‚  gõ×+,¸?g´RäG.?©ry   i×  rå  )i~  i~  gÙæÆô„%?g–åë2ü§+?0)r¦   iq  r{   )éô   rş  gTäqs*)?gTäqs*)?{rD  )rF  rF  gìNwxÎ&?gìNwxÎ&?rx   )rs   rs   gíµ ÷Æà>gíµ ÷Æà>rN  )ra   ra   gíµ ÷ÆÀ>gíµ ÷ÆÀ>r©  )r   r   gíµ ÷Æà>gíµ ÷Æà>0)r¦   i“  Úcached)i¡  i¡  gÎáZía/4?gnJy­„îb?{r  )i¡  i¡  gÎáZía/4?gnJy­„îb?0)r¦   i   rP  )i  i  gôPÛ†Q0?góWÈ\9?{rİ  )rs   rs   g·_>Y1\í>gğhãˆµøô>rO  )r   r   gíµ ÷ÆÀ>gíµ ÷ÆĞ>r˜  )r   r   g        g        rÀ  )r   r   gíµ ÷Æ°>gíµ ÷Æ°>r¦  )r   r   gíµ ÷ÆÀ>gíµ ÷ÆÀ>rÖ  )r   r   gíµ ÷Æ°>gíµ ÷Æ°>r®  )r   r   g        gíµ ÷Æ°>r°  )r   r   g        gíµ ÷Æ°>r²  )r   r   g        gíµ ÷ÆÀ>rÀ  )r   r   gTäqs*É>gTäqs*É>rÂ  )r   r   gíµ ÷ÆÀ>gTäqs*É>r>  )r   r   gíµ ÷Æ°>gíµ ÷ÆÀ>rÎ  )r   r   gíµ ÷Æ°>gíµ ÷Æ°>rd   )rD   rD   gíµ ÷ÆĞ>gíµ ÷ÆĞ>rÇ  )r   r   g        gíµ ÷Æ°>rÏ  )ra   ra   gíµ ÷ÆÀ>gíµ ÷ÆÀ>rÌ  )r   r   gíµ ÷Æ°>gíµ ÷ÆÀ>rÎ  )r   r   gíµ ÷Æ°>gíµ ÷ÆÀ>rĞ  )r   r   g        gíµ ÷ÆÀ>rĞ  )rÇ   rÇ   gTäqs*É>gTäqs*É>rÑ  )r\   r\   gíµ ÷Æ°>gíµ ÷Æ°>rÔ  )r   r   g        gíµ ÷ÆÀ>rØ  )r   r   g        gíµ ÷Æ°>rÚ  )r   r   gíµ ÷ÆÀ>gíµ ÷ÆÀ>rİ  )r   r   gTäqs*É>gTäqs*É>rÒ  )r   r   gíµ ÷Æ°>gíµ ÷Æ°>rı  )r   r   gíµ ÷Æ°>gíµ ÷Æ°>r*  )r   r   gíµ ÷Æ°>gTäqs*É>rê  )r   r   g        gíµ ÷Æ°>rÓ  )r   r   g        g        rÔ  )r   r   gíµ ÷Æ°>gíµ ÷Æ°>rÕ  )rw   rw   gTäqs*Ù>gTäqs*Ù>rø  )r   r   g        gíµ ÷Æ°>r¾   )r   r   gíµ ÷Æ°>gíµ ÷ÆÀ>r  )r   r   gíµ ÷ÆĞ>gíµ ÷ÆĞ>r  )r   r   gíµ ÷Æ°>gíµ ÷Æ°>r  )r   r   g        gíµ ÷ÆÀ>r‡  )rD   rD   gíµ ÷ÆĞ>gğhãˆµøÔ>r–  )ra   ra   g        gTäqs*É>r  )r›   r›   gTäqs*É>g·_>Y1\İ>r	  )r   r   gíµ ÷Æ°>gTäqs*É>r  )r›   r›   gíµ ÷ÆĞ>g·_>Y1\İ>r  )râ   râ   g¢'eRCë>gÉÇî%ö>rù  )r   r   gíµ ÷Æ°>gíµ ÷ÆÀ>rÄ   )r   r   gíµ ÷ÆÀ>gTäqs*É>©rˆ  rD   r   )r   r   gíµ ÷ÆÀ>gíµ ÷ÆÀ>r   )r   r   gíµ ÷ÆĞ>gğhãˆµøÔ>rq   )ra   ra   gíµ ÷Æ°>gíµ ÷Æ°>©rí  r   r   )r   r   g        gíµ ÷Æ°>rt   )râ   râ   gğhãˆµøÔ>gğhãˆµøÔ>r-   )r¹   r¹   g¢&ú|”ç>g¢&ú|”ç>r
  )r   r   g        gíµ ÷ÆÀ>r/  )r   r   gíµ ÷ÆÀ>gíµ ÷ÆÀ>r1  )r   r   g        gíµ ÷Æ°>r@  )rú  rú  gğhãˆµøÔ>gğhãˆµøÔ>rG  )r   r   gíµ ÷Æ°>gíµ ÷Æ°>rN  )r   r   g        gíµ ÷Æ°>rT  )r   r   gíµ ÷ÆÀ>gíµ ÷ÆĞ>©r  rÇ   r   )r  r  gğhãˆµøä>gğhãˆµøä>rX  )r   r   g        gíµ ÷Æ°>rZ  )r   r   gíµ ÷Æ°>gíµ ÷Æ°>©r„  r   r   )r   r   gíµ ÷ÆÀ>gíµ ÷ÆÀ>r\  )r   r   g        gíµ ÷Æ°>©rš  r   r   )r   r   g        g        rc  )r   r   g        g        re  )r   r   gíµ ÷Æ°>gíµ ÷Æ°>r  )éŞ   r  g#Diâ?g’Wç(?0)r¦   i¨  Úhas_location)rt  rt  g¢'eRC?g¢'eRC?{r  )rt  rt  g¢'eRC?g¢'eRC?0)ry   rJ  rK  )i¥  i¥  gòn¤la?gûPŒ,i?{r7  )i¥  i¥  gòn¤la?gûPŒ,i?0)r¦   i±  rª  )r   r   gfLÁgÓñ>gÉÇî%?{r*  )r   r   gfLÁgÓñ>gÉÇî%?0)r¦   iø  r  )rt  rt  g²EÒnô1O?g‹à+Ù±q?{r«  )rt  rt  g²EÒnô1O?g‹à+Ù±q?0)r¦   i@  r¬  )r°  rt  g Ävü7?gŒ‰BËº?{r®  )rt  r°  g Ävü7?gŒ‰BËº?0)r¦   i—  r¯  )r   rt  gÅ1w-!O?gÍı/×¢Ã?{rT  )rt  r   gÅ1w-!O?gÍı/×¢Ã?0)r¦   iÏ  rO  )rx  rx  gˆÓI¶ºœ?g Ävü'?{r÷  )rx  rx  gˆÓI¶ºœ?g Ävü'?0)r¦   iä  rç  )r   r   gíµ ÷Æà>gJ°8œùÕ?{r«  )r   r   gíµ ÷Æà>gJ°8œùÕ?0)r¦   iì  rè  )r   r   gTäqs*Ù>gTäqs*é>{r®  )r   r   gTäqs*Ù>gTäqs*é>0)r¦   iı  Ú
is_package)r   r   gíµ ÷ÆÀ>gíµ ÷ÆÀ>{)r¦   rt  Ú_requires_builtin_wrapper)r   r   gíµ ÷ÆÀ>gíµ ÷ÆÀ>0)ry   r8  r9  )i¥  i¥  g‹øNÌz1d?gl“ŠÆÚßy?{rN  )i%  i%  g£’°o'a?gú™zİ"0v?r:  )i€  i€  gC§çİXP8?g’ËH¿}M?0)r¦   i  rO  )r,  r,  g¦@fgÑ;?gãŸÉşy*?{r÷  )r,  r,  g¦@fgÑ;?gãŸÉşy*?0)ry   rR  rS  )i‚  i‚  gĞîb€D3?gé_’Ês@?{©ry   iÁ  rï  )r   r   gíµ ÷ÆÀ>gTäqs*É>r:  )i€  i€  gõ‚Osò"3?gO!WêY@?0)r¦   iW  r#  )iÆ  iÆ  gvk™Çó)?gÍ®{+3?{r÷  )iÆ  iÆ  gvk™Çó)?gÍ®{+3?0)r¦   i[  rs  )iÆ  iÆ  gF–Ì±¼«.?g¢&ú|”7?{r÷  )iÆ  iÆ  gF–Ì±¼«.?g¢&ú|”7?0)ry   rÎ  r8  )i  i  g«ZÒQfC?gÀ¯]Úpx?{)ry   i·  rí  )r‚  r‚  g¦@fgÑ;?g @†M?rN  )iÖ  iÖ  g%:Ë,B±5?gãŸÉşyj?)ry   rP   Ú_path_is_mode_type)iƒ  iƒ  g3j¾J>v'?g±†‹ÜÓÕ]?)ry   i}  Ú
_calc_mode)r   r   gíµ ÷Æ°>gTäqs*é>0)r¦   ir  rø  )rx  rx  gƒkîè¹V?gÁŒ)Xãlš?{rT  )rx  rx  gƒkîè¹V?gÁŒ)Xãlš?0)r¦   i´  rU  )r   r¨   g’Z(™œÚI?gX7Ş«Ã?{r¥   )r¨   r   g’Z(™œÚI?gX7Ş«Ã?0)r¦   iÒ  r§   )r   r¨   gP6å
ïrQ?gmãOT6¬Ã?{©r   r   rg  )r©  r   gA¸
õô1?g€´ÿÖªÃ?rİ  )r   r   g·_>Y1\İ>gvk™ÇóY?rO  )rD   ra   g!>°ã¿@ ?gñË2€?r˜  )r   r   gğhãˆµøÔ>gâ8ğj¹33?rÀ  )r   r   gíµ ÷Æà>gËfI-d?r®  )r   r   gTäqs*É>g! _B‡7?r¦  )r   r   gğhãˆµøÔ>g™ò!¨½*?rª  )r   r   gíµ ÷Æà>g¦@fgÑ;E?r²  )r   r   gTäqs*Ù>g¹nÀç‡Q?r¹  )r   r   gğhãˆµøä>gƒkîè¹V?r»  )r   r   gTäqs*É>gfLÁgÓ?rÂ  )r   r   gğhãˆµøä>gl%t—ÄYq?rÎ  )r   r   g¢'eRCë>gÍÆJÌ³’†?rd   )r   r   gfLÁgÓñ>g¸<ÖŒ‚?rÉ  )r   r   gíµ ÷Æà>g[ía/°M?©rS  r   r   )r   r   gTäqs*Ù>g<–¸Ê3?rĞ  )r   r   g?«Ì”Ößâ>g³B‘îçT?r~  )r   r   gğhãˆµøä>gOÍåCv?r   )r   r   g·_>Y1\İ>gh;¦îÊ.8?rÒ  )r   r   gğhãˆµøä>g”ö_˜Le?r   )r   r   gTäqs*é>g?$Dù‚F?rÑ  )r\   r\   gÉÇî%ö>gûä(@Ìh?rÔ  )r   r   gíµ ÷ÆĞ>góWÈ\T;?rû  )r   r   gTäqs*É>gM½në[?©r‘  r   r   )r   r   gíµ ÷ÆÀ>gƒkîè¹V?rÒ  )r   r   gíµ ÷Æà>g?$Dù‚f?r*  )r   r   g¢&ú|”ç>g 1“¨|j?rå  )r   r   gíµ ÷ÆĞ>gwH1@¢	d?r   )ra   ra   gğhãˆµøô>gï‹KUÚâZ?©r£  r   r   )r   r   gíµ ÷ÆĞ>gx– # Â1?)r¤  rÇ   r   )r   r   gTäqs*Ù>gùœ»]/M1?r€  )r   r   gTäqs*Ù>gÂ/õó¦"E?rê  )r   r   g¢'eRCë>gâvhXŒº†?rÓ  )r   r   gTäqs*É>gÌx[éµÙx?rì  )r   r   gíµ ÷Æà>gUeßÁÿv?rî  )r   r   gTäqs*É>gOÊ¤†6 ?rÔ  )r   r   g¢'eRCë>g+‡ÙÎ÷s?rğ  )r   r   gğhãˆµøÔ>g(¸XQƒiX?)rÃ  r\   r   )r   r   gTäqs*Ù>gtÏºFË^?rû   )r   r   gğhãˆµøÔ>g²c#¯ë7?rÕ  )rG   rG   g×3ÂÛƒ?g‡P¥fŸ?rø  )r   r   gTäqs*É>g·8KÉrB?rô  )r   r   gğhãˆµøô>gOVW@|?rø  )r   r   gíµ ÷ÆĞ>gÿ?N˜0še?rû  )r   r   gğhãˆµøÔ>gSb.äa?rş  )r   r   gTäqs*É>g³B‘îç4?r¾   )r   r   gTäqs*Ù>gİ µ‰“‹?r°  )r   r   gğhãˆµøÔ>gÃœ M?©r‘  rm   r   )r   r   gTäqs*Ù>g³™CR%c?r  )r   r   g¢'eRCë>gSb.äQ?rÄ   )r   r   gíµ ÷ÆĞ>g’ËH¿}-?rk   )r   r   ghUMuï>g()° ¦\?r   )r   r   g¢&ú|”ç>g´RäG^?rp   )r   r   gíµ ÷ÆĞ>g²EÒnô1/?r¢  )r   r   g·_>Y1\í>gJ?áìÖ2I?r  )r   r   ghUMuï>g¡ğÙ:8Ø{?r  )r   r   gTäqs*Ù>gìõî÷ªe?r%   )r   r   gğhãˆµøÔ>gğJ’çú><?r-  )r   r   g·_>Y1\İ>gàbE¦aÀ?rt   )ra   ra   gfLÁgÓñ>g½7† àˆ?r-   )r   r   g¢'eRCë>gTäqs*I?rá  )r   r   g?«Ì”Ößâ>gPŞÇÑY‰?r@  )rú  rú  gÖÿ9Ì—?g¶›à›¦ÏÀ?rG  )r   r   gTäqs*É>gÜšt["7?rI  )r   r   gíµ ÷ÆÀ>gkHÜcéC7?rK  )r   r   gíµ ÷ÆĞ>gx– # Â1?rO  )r   r   g?«Ì”Ößâ>g³"j¢ÏGY?©rr  r   r   )r   r   gíµ ÷ÆĞ>gkHÜcéC7?rQ  )r   r   gğhãˆµøÔ>gQ×ÚûT:?rT  )r   r   gTäqs*Ù>gİîå>9
P?r±  )r   r   gTäqs*É>g·}úë6?r  )r'   r'   g¢&ú|”?g7şDeÃšÂ?rX  )r   r   gíµ ÷ÆĞ>gc^G²„?rZ  )r   r   g·_>Y1\İ>g'Nîw(
„?r  )r   r   gTäqs*é>gÇƒ-vû¬‚?r\  )ra   ra   g
ØFìó>gA,›9$µ€?rc  )ra   ra   gğhãˆµøô>gßO—nÃ?re  )ra   ra   gíµ ÷Æğ>gİ]gCş™Ã?r  )r   r   g·_>Y1\İ>gmãOT6¬Ã?0)r¦   iñ  rŒ  )rË  i  gå˜,î?2M?g«µ<L¿?{r  )i  i  g’Wç?gğk$	Â5?rO  )rs   rs   gTäqs*Ù>gğhãˆµøô>r–  )r   r   gTäqs*é>g¢&ú|”÷>r˜  )r   r   g?«Ì”Ößâ>g·_>Y1\í>rœ  )r   r   gíµ ÷ÆĞ>gíµ ÷Æà>r  )r   r   g·_>Y1\İ>g¢'eRCë>r   )r   r   g        gTäqs*É>r¢  )r   r   g        gíµ ÷ÆÀ>rÀ  )r   r   gíµ ÷ÆÀ>gfLÁgÓñ>r¤  )r   r   gTäqs*É>gÒûÆ×YR?r®  )r   r   g        gíµ ÷ÆÀ>r¯   )r   r   gíµ ÷Æ°>g¾IÓ hş>r¦  )r   r   gíµ ÷Æ°>gíµ ÷ÆĞ>r¨  )r   r   g        gíµ ÷ÆÀ>rª  )r›   r›   gğhãˆµøÔ>g?«Ì”Ößò>r¬  )r   r   gíµ ÷Æ°>gTäqs*É>rÖ  )r   r   g        gTäqs*É>r®  )r   r   gíµ ÷Æ°>gğhãˆµøÔ>r°  )r   r   gíµ ÷ÆĞ>gğhãˆµøÔ>r²  )r   r   gğhãˆµøÔ>gÛ ö[;QB?r¸  )r   r   g        gíµ ÷ÆÀ>r¹  )r   r   g        gíµ ÷ÆÀ>r»  )r   r   gíµ ÷Æ°>gíµ ÷ÆÀ>r½  )r   r   gíµ ÷Æ°>gíµ ÷ÆÀ>rÀ  )r   r   gíµ ÷ÆÀ>gTäqs*É>rÂ  )r   r   gíµ ÷Æ°>gTäqs*É>rÄ  )r   r   gíµ ÷ÆĞ>gğhãˆµøÔ>r>  )r›   r›   gíµ ÷ÆÀ>g¢'eRCë>rÎ  )r\   r\   gğhãˆµøÔ>g²EÒnô1/?rd   )rD   rD   gíµ ÷Æ°>g·_>Y1\í>rÇ  )r   r   gíµ ÷ÆĞ>g! _B‡7?rŞ  )r   r   gíµ ÷ÆÀ>gğhãˆµøÔ>rá   )rs   rs   g¢&ú|”ç>g{…÷ø>rÉ  )rD   rD   gTäqs*É>g¢&ú|”ç>r  )r   r   g        gíµ ÷Æ°>rÊ  )r   r   gğhãˆµøÔ>g?«Ì”Ößâ>rÏ  )r\   r\   gíµ ÷ÆÀ>gşB=·p?rÌ  )ra   ra   gíµ ÷Æ°>gTäqs*Ù>rÎ  )ra   ra   g        gğhãˆµøÔ>rĞ  )ra   ra   g        gğhãˆµøÔ>rĞ  )rú  rú  gğhãˆµøÔ>g¢–æV«?r~  )r   r   gíµ ÷ÆÀ>gíµ ÷ÆĞ>rÒ  )r   r   g        gíµ ÷ÆÀ>r  )r   r   gíµ ÷ÆÀ>gíµ ÷ÆĞ>r÷  )ra   ra   gTäqs*É>gíµ ÷Æà>rÑ  )r›   r›   gíµ ÷ÆÀ>ghUMuï>rÔ  )ra   ra   gTäqs*Ù>g}’;l"37?rÖ  )r   r   gíµ ÷ÆÀ>gTäqs*É>rØ  )r   r   gíµ ÷ÆÀ>gíµ ÷ÆĞ>rÚ  )ra   ra   gíµ ÷Æ°>g·_>Y1\İ>rİ  )ra   ra   gTäqs*É>gíµ ÷Æà>rà  )r   r   gíµ ÷Æ°>gTäqs*Ù>rû  )r   r   gíµ ÷Æ°>gğhãˆµøÔ>r  )ra   ra   gíµ ÷Æ°>gğhãˆµøÔ>rá  )ra   ra   gíµ ÷ÆÀ>g·_>Y1\İ>rü  )r   r   gTäqs*É>gTäqs*Ù>rã  )r   r   gTäqs*É>gğhãˆµøÔ>rÒ  )r   r   gTäqs*É>gğhãˆµøä>)r–  r4  r   )r   r   g        gíµ ÷ÆÀ>rı  )r   r   g·_>Y1\İ>gÂ L£ÉÅ(?r*  )rú  rú  g·_>Y1\í>gËÔ$xC5?rï  )r   r   gíµ ÷ÆÀ>g?«Ì”Ößâ>rå  )r   r   gTäqs*É>g·_>Y1\İ>r   )r   r   g        gíµ ÷ÆÀ>r  )r   r   g        gğhãˆµøÔ>rç  )r   r   g        gTäqs*É>ré  )r   r   gíµ ÷Æ°>gíµ ÷ÆĞ>rş  )r   r   gğhãˆµøÔ>g·_>Y1\İ>rÿ  )rÇ   rÇ   gíµ ÷ÆĞ>g·_>Y1\í>r   )ra   ra   gíµ ÷Æ°>g·_>Y1\İ>r€  )rG   rG   g?«Ì”Ößâ>g{…÷ø>r  )r   r   g        gğhãˆµøÔ>rê  )r›   r›   gíµ ÷ÆÀ>ghUMuï>rÓ  )r   r   gíµ ÷Æ°>gTäqs*Ù>rì  )ra   ra   gTäqs*É>g·_>Y1\İ>rî  )r   r   g        gíµ ÷ÆÀ>rÔ  )ra   ra   gíµ ÷Æ°>g?«Ì”Ößâ>)r»  r÷  r   )r   r   g        gíµ ÷ÆÀ>rğ  )rD   rD   g?«Ì”Ößò>gv‰ê­­B?rG  )r   r   gTäqs*Ù>gğhãˆµøä>rû   )r   r   gíµ ÷Æ°>gíµ ÷Æà>rò  )r   r   gíµ ÷Æ°>gTäqs*É>rÕ  )rm   rm   gTäqs*é>g@j'÷;T?)rØ  rÙ  r   )r   r   g        gíµ ÷ÆÀ>rø  )r   r   gTäqs*É>gğhãˆµøä>rİ  )r   r   g        gTäqs*É>rô  )r   r   gíµ ÷Æ°>gíµ ÷ÆÀ>r  )r   r   g        gíµ ÷ÆĞ>rö  )r   r   gíµ ÷ÆĞ>gíµ ÷Æà>rø  )rD   rD   gíµ ÷Æ°>gğhãˆµøä>rş  )rÜ   rÜ   g?«Ì”Ößâ>g¢'eRCû>rÿ  )r   r   gíµ ÷Æ°>gTäqs*É>r¾   )r   r   gíµ ÷Æ°>g·_>Y1\İ>r  )r   r   gíµ ÷ÆÀ>g?«Ì”Ößâ>r†  )ra   ra   gíµ ÷Æ°>g?«Ì”Ößâ>r  )rG   rG   gTäqs*Ù>g?«Ì”Öß?r  )rD   rD   g·_>Y1\İ>gfLÁgÓñ>r  )ra   ra   gğhãˆµøÔ>g?«Ì”Ößâ>r  )r   r   gíµ ÷ÆĞ>gíµ ÷Æà>r  )ra   ra   gíµ ÷Æ°>gTäqs*Ù>r‡  )r›   r›   gíµ ÷ÆĞ>g¢&ú|”ç>r–  )r   r   gğhãˆµøÔ>gğhãˆµøä>r  )rs   rs   gíµ ÷ÆÀ>g¢'eRCë>r	  )r›   r›   gíµ ÷ÆÀ>g¢&ú|”ç>r  )rÇ   rÇ   g·_>Y1\İ>gÀ±gÏej2?©r^  r   r   )r›   r›   gğhãˆµøÔ>g¢'eRCë>rã   )r   r   g        gíµ ÷ÆÀ>r  )r  r  gfLÁgÓñ>gU£W”†z?r  )r   r   g        gíµ ÷ÆÀ>rù  )r   r   gíµ ÷Æ°>gğhãˆµøÔ>)rs  r   r   )r   r   g        gTäqs*É>rÄ   )ra   ra   gTäqs*É>g·_>Y1\İ>rk   )r›   r›   gíµ ÷ÆĞ>ghUMuï>r   )r   r   gíµ ÷ÆÀ>gğhãˆµøÔ>r   )r›   r›   gTäqs*Ù>gfLÁgÓñ>r  )r   r   g        gíµ ÷ÆÀ>rp   )r   r   gíµ ÷Æ°>gTäqs*Ù>r¢  )r   r   gíµ ÷Æ°>gíµ ÷ÆÀ>r  )r   r   gTäqs*É>gTäqs*É>)r)   rD   r   )r   r   g        gíµ ÷ÆÀ>r  )r   r   g        gíµ ÷ÆĞ>r  )r   r   gíµ ÷Æ°>gíµ ÷Æà>r%   )r   r   gíµ ÷ÆÀ>gíµ ÷ÆĞ>rq   )r   r   g·_>Y1\İ>g%uš~?r  )r   r   gTäqs*Ù>gTäqs*Ù>r  )r   r   gTäqs*Ù>g?«Ì”Ößâ>r  )r   r   g¢&ú|”ç>gTäqs*é>r!  )r   r   gğhãˆµøÔ>gTäqs*Ù>r%  )r   r   gTäqs*É>gğhãˆµøÔ>r(  )r   r   gTäqs*É>g·_>Y1\İ>r)  )r   r   gíµ ÷ÆÀ>gTäqs*Ù>r-  )r   r   gíµ ÷Æà>gíµ ÷Æ0?r  )r   r   gíµ ÷Æ°>gíµ ÷ÆÀ>rt   )r  r  g
ØFì?grİ”òZ	½?r.  )r   r   gíµ ÷Æ°>gíµ ÷ÆÀ>r-   )r  r  g]éEí~?gâàI—­?)rõ  rß  r   )r   r   g        gíµ ÷Æ°>r
  )ra   ra   gíµ ÷ÆÀ>gü£oÒ4(Š?rá  )r   r   g        gTäqs*É>r/  )r   r   gíµ ÷ÆÀ>gíµ ÷ÆĞ>r1  )r   r   gíµ ÷Æ°>gíµ ÷ÆĞ>r3  )r   r   gíµ ÷ÆÀ>gğhãˆµøÔ>r5  )r   r   gíµ ÷ÆĞ>gíµ ÷ÆĞ>r7  )r   r   gíµ ÷ÆÀ>gíµ ÷ÆÀ>r9  )r   r   gíµ ÷Æ°>gğhãˆµøÔ>r;  )r   r   gíµ ÷ÆÀ>gğhãˆµøÔ>r@  )r!  r!  g·_>Y1\í>g
ØFì?rC  )r   r   gTäqs*É>gğhãˆµøÔ>rF  )r   r   gğhãˆµøÔ>gTäqs*Ù>rG  )r\   r\   gíµ ÷ÆÀ>gÉÇî%ö>rI  )r   r   g        gTäqs*É>rK  )r   r   g        gíµ ÷ÆÀ>rL  )r   r   gíµ ÷Æ°>gğhãˆµøÔ>rN  )r   r   g        gíµ ÷Æ°>rO  )r   r   gTäqs*Ù>gÖÿ9Ì—?r  )r   r   g        gíµ ÷ÆĞ>rT  )r   r   gğhãˆµøÔ>g´ç25	Ş`?r  )r  r  gíµ ÷Æ ?g™ò!¨½
?rV  )r   r   g        gíµ ÷ÆÀ>rX  )r   r   g        gíµ ÷ÆÀ>rZ  )r   r   gíµ ÷Æ°>g·_>Y1\İ>r  )r   r   gíµ ÷Æ°>gğhãˆµøÔ>r\  )ra   ra   gíµ ÷ÆÀ>gíµ ÷Æà>r  )r   r   gíµ ÷ÆÀ>g%»”x?r`  )r›   r›   gíµ ÷Æà>gÉÇî%ö>rb  )r   r   gğhãˆµøÔ>gğhãˆµøä>r  )r   r   g        gTäqs*É>rc  )r›   r›   gíµ ÷ÆĞ>gTäqs*é>re  )rú  rú  g?«Ì”Ößâ>g¢&ú|”÷>r  )r   r   g        gíµ ÷ÆÀ>r‹  )ra   ra   g›ÿW9Ò)?gïrß‰y?0)ry   rP   r
  )iƒ  iƒ  gkHÜcéC7?gfLÁgÓa?{)ry   r|   Ú_path_isfile)i^  i^  gËÔ$xC5?glÌëˆC6`?)ry   r   Ú_path_isdir)rM   rM   gùœ»]/M?g›ÿW9Ò)?0)ry   r|   r  )i^  i^  g1]ˆÕa(?g?RD†U¼a?{rN  )i^  i^  g1]ˆÕa(?g?RD†U¼a?0)ry   r   r  )rM   rM   ghUMuÿ>gH£'ÛÀ-?{r	  )r   r   gíµ ÷ÆÀ>gğhãˆµøä>rN  )ra   ra   gíµ ÷ÆĞ>gğhãˆµøô>rú  )r@  r@  gTäqs*ù>g›ÿW9Ò)?0)ry   r  r  )r   r   g·_>Y1\İ>g]éEí~?{r	  )r   r   g·_>Y1\İ>g]éEí~?0)ry   i  r;  )i€  i€  g<–¸ÊS?gOYM×]g?{r  )r‚  r‚  g»&¤5@?gf½Ê‰vU?rt  )r‚  r‚  g¾‰	jøF?g8õäCY?0)ry   iq  ru  )rF  rF  gLÛ¿²Ò¤4?g5îÍo˜h`?{)r¦   i“  rÿ  )rF  rF  gLÛ¿²Ò¤4?g5îÍo˜h`?0)ry   i}  r  )r   r   gTäqs*É>ghUMuï>{rğ  )r   r   gTäqs*É>ghUMuï>0)ry   i‘  rì  )r‚  r‚  g¢'eRC+?ghUMu/?{r  )r‚  r‚  g¢'eRC+?ghUMu/?0)r¦   r¿  Ú_new_module)r}  r}  gşz…÷.?gşz…÷.?{r«  )r}  r}  gşz…÷.?gşz…÷.?0)r¦   rJ  r{   )r¬   r¬   gÂ¾D„1?g*6æuÄ!;?{r$  )r¬   r¬   gÂ¾D„1?g*6æuÄ!;?0)r¦   r   ri  )iA  iA  göA–T?g·}úëV?{©r¦   r¤  r#  )r¨   r¨   g(Ö©ò=#A?gÉV—SbB?©r¦   r}  Ú_lock_unlock_module)iI  iI  gÄ­‚èÚG?g¤¤‡¡ÕÉI?0)r¦   r   rj  )iA  iA  g¥È%<P?g¬ü2#R?{)r¦   r#  rs  )r¨   r¨   g´ÿÖª]C?g
K< lÊE?r  )iI  iI  g,Cëâ6:?g%z‹‡÷<?0)ry   r6  Ú_relax_case)iÖ  iÖ  gOÊ¤†6 ?gOÊ¤†6 ?{rN  )iÖ  iÖ  gOÊ¤†6 ?gOÊ¤†6 ?0)r¦   rc  r{   )r¨   r¨   gEÒnô1 ?gEÒnô1 ?{r¥   )r¨   r¨   gEÒnô1 ?gEÒnô1 ?0)r¦   r¤  r#  )r¨   r¨   gÙæÆô„%.?g—Q,·´b?{r¥   )r¨   r¨   gÙæÆô„%.?g—Q,·´b?0)r¦   r#  rs  )r¨   r¨   gÎáZía/$?g}“EÖJ?{r¥   )r¨   r¨   gÎáZía/$?g}“EÖJ?0)ry   r   rˆ   )r\   r\   gTäqs*Ù>g¢&ú|”ç>{r2  )r\   r\   gTäqs*Ù>g¢&ú|”ç>0)r¦   rª   r«   )r¬   r¬   gQõ+Ï2?g–åë2ü§;?{r¥   )r¬   r¬   gQõ+Ï2?g–åë2ü§;?0)r¦   r%  r&  )iA  iA  g>]İ±Ø&U?geQØEÑ_?{r  )r¨   r¨   gQH2«w¸M?gïô¥·?W?r  )iI  iI  gTäqs*9?g×Ùf??0)r¦   r}  r  )iI  iI  g‰µø ã9?gš^b,Ó/a?{r  )rQ  rQ  g#Diâ?gŸ7©0¶@?rİ  )r   r   gíµ ÷ÆĞ>g]éEí~?rO  )r   r   g#Diâ?g†ÆAœ‡3?r–  )r   r   gíµ ÷Æ°>gíµ ÷Æà>r˜  )r   r   gíµ ÷Æ°>g·_>Y1\İ>rœ  )r   r   gíµ ÷Æ°>gíµ ÷Æà>r¤  )r   r   gíµ ÷ÆÀ>gíµ ÷Æà>r¦  )r   r   gíµ ÷Æ°>gíµ ÷Æà>r®  )r   r   gíµ ÷Æ°>gíµ ÷Æà>r°  )r   r   gíµ ÷Æ°>gíµ ÷Æà>r²  )r   r   gíµ ÷ÆÀ>g·_>Y1\İ>rÀ  )r   r   gíµ ÷ÆÀ>g¢'eRCë>rÂ  )r   r   gíµ ÷Æ°>g·_>Y1\İ>r>  )ra   ra   gíµ ÷ÆĞ>g,Cëâ6ú>rÇ  )r   r   g        gíµ ÷Æà>rá   )r\   r\   gTäqs*Ù>gfLÁgÓ?r  )rG   rG   g?«Ì”Ößò>g„¹İË}r?rÊ  )r   r   gíµ ÷Æ°>g·_>Y1\í>rÏ  )r   r   gíµ ÷ÆÀ>ghUMuï>r  )r   r   gíµ ÷ÆÀ>gíµ ÷Æà>rÌ  )r   r   gíµ ÷ÆÀ>g?«Ì”Ößò>rÎ  )r   r   gíµ ÷ÆĞ>g?«Ì”Ößò>rĞ  )r   r   gíµ ÷ÆÀ>gíµ ÷Æğ>rĞ  )r   r   gíµ ÷Æ°>g·_>Y1\İ>rÔ  )r   r   gTäqs*É>g
ØFìó>rÖ  )r   r   gíµ ÷Æ°>gíµ ÷Æà>rØ  )r   r   gTäqs*É>g¢'eRCë>rÚ  )r   r   gíµ ÷ÆÀ>gfLÁgÓñ>rİ  )r   r   gTäqs*É>g?«Ì”Ößò>rà  )r   r   gíµ ÷Æ°>g·_>Y1\í>rû  )r   r   g        g·_>Y1\İ>rü  )r   r   gíµ ÷Æ°>gíµ ÷Æà>rı  )r   r   gíµ ÷Æ°>g·_>Y1\İ>r*  )r   r   gíµ ÷ÆÀ>ghUMuï>rï  )r   r   gíµ ÷ÆÀ>gíµ ÷Æà>rç  )r   r   gTäqs*É>g?«Ì”Ößâ>rş  )r   r   gTäqs*É>g·_>Y1\í>rÿ  )r   r   gíµ ÷Æ°>g?«Ì”Ößâ>r   )r   r   gíµ ÷ÆĞ>g·_>Y1\í>r€  )r   r   gíµ ÷Æ°>g·_>Y1\í>r  )r   r   gTäqs*É>g?«Ì”Ößâ>rê  )r   r   gTäqs*É>ghUMuï>rì  )r   r   gíµ ÷Æ°>gTäqs*Ù>rğ  )r   r   gíµ ÷ÆÀ>gíµ ÷Æà>rÕ  )r   r   gTäqs*É>gíµ ÷Æà>rø  )r   r   gíµ ÷Æ°>gíµ ÷Æà>rİ  )r   r   gíµ ÷ÆÀ>gíµ ÷Æà>rÿ  )r   r   gTäqs*É>g?«Ì”Ößâ>r†  )r   r   gTäqs*É>g·_>Y1\í>r  )r   r   gíµ ÷Æ°>gTäqs*Ù>r  )r   r   gTäqs*É>g¢'eRCë>r  )r   r   gíµ ÷ÆÀ>gíµ ÷Æà>r  )r   r   gíµ ÷Æ°>gTäqs*é>r‡  )r   r   gíµ ÷ÆÀ>gfLÁgÓñ>r–  )r   r   gíµ ÷ÆĞ>g¢'eRCë>r  )ra   ra   gğhãˆµøÔ>g{…÷ø>r	  )r   r   gíµ ÷ÆÀ>gTäqs*é>r  )rD   rD   g·_>Y1\İ>gğhãˆµø?r  )ra   ra   gíµ ÷ÆĞ>g{…÷ø>rã   )r   r   gíµ ÷Æ°>gíµ ÷Æà>r  )rÇ   rÇ   gTäqs*é>g¾IÓ h?rÄ   )r   r   gíµ ÷Æ°>gTäqs*Ù>r   )r   r   gíµ ÷Æ°>gíµ ÷Æà>rq   )r   r   gTäqs*É>gTäqs*é>r  )r   r   gíµ ÷ÆÀ>gíµ ÷Æà>r  )r   r   gíµ ÷Æ°>g·_>Y1\İ>r  )r   r   gíµ ÷Æ°>gíµ ÷Æà>r!  )r   r   g        g·_>Y1\İ>r%  )r   r   gíµ ÷ÆÀ>gíµ ÷Æà>r(  )r   r   gíµ ÷Æ°>g·_>Y1\İ>r)  )r   r   gíµ ÷Æ°>g·_>Y1\İ>r-  )r   r   gíµ ÷Æ°>g·_>Y1\İ>rt   )rú  rú  g¢'eRCë>ghUMu?r-   )r…  r…  gÉÇî%ö>g?«Ì”Öß"?r
  )r   r   gTäqs*É>g?«Ì”Ößò>r3  )r   r   gíµ ÷Æ°>g·_>Y1\İ>r5  )r   r   gíµ ÷ÆÀ>gíµ ÷Æà>r7  )r   r   g        g·_>Y1\İ>r9  )r   r   gíµ ÷ÆÀ>gíµ ÷Æà>r;  )r   r   gíµ ÷ÆÀ>gíµ ÷Æà>r@  )r   r   g        g·_>Y1\İ>rC  )r   r   gíµ ÷Æ°>gíµ ÷Æà>rF  )r   r   gíµ ÷ÆÀ>gíµ ÷Æà>rT  )r   r   gíµ ÷ÆÀ>gTäqs*é>r  )r   r   gíµ ÷Æ°>gíµ ÷Æà>r`  )r   r   gíµ ÷ÆÀ>g?«Ì”Ößâ>rb  )r   r   g        gíµ ÷Æà>r  )r   r   gTäqs*É>g?«Ì”Ößâ>0)r¦   rl  rm  )r   iL  gÀ“.«°)?g‘%s,ïªÃ?{rê  )r‚  r   gÙæÆô„%?g¥J”½¥œÃ?)ry   i  ré  )r   r   gíµ ÷ÆÀ>ga£¬ßLLG?©ry   i  rç  )r  r±   ghUMuÿ>gh‚§+…?©ry   i  rè  )r  râ   g?«Ì”Ößò>gû[ğO©‚?)r¦   iä  rç  )r   r   gíµ ÷ÆĞ>g™ò!¨½?)r¦   iì  rè  )r   r   gTäqs*É>gTäqs*Ù>rT  )rÜ   r   gíµ ÷ÆĞ>g‘%s,ïªÃ?r‹  )r   r$   gğhãˆµøô>gŒŸÆ½ù¿?0)r¦   r  Ú_verbose_message)i  i  g@ù»wÔ˜P?g@ù»wÔ˜P?{rı  )r   r   gíµ ÷ÆÀ>gíµ ÷ÆÀ>rà  )râ  râ  g¦@fgÑ;?g¦@fgÑ;?r  )r}  r}  gŸqá@H?gŸqá@H?r	  )r   r   gíµ ÷Æ°>gíµ ÷Æ°>r  )r  r  g,Cëâ6ú>g,Cëâ6ú>r  )r  r  gíµ ÷Æğ>gíµ ÷Æğ>rN  )ib  ib  gXş|[°TG?gXş|[°TG?rr  )r°  r°  gÄ­‚èÚ?gÄ­‚èÚ?0)r¦   rt  r  )r   r   g·_>Y1\İ>g?«Ì”Ößâ>{r©  )r   r   g·_>Y1\İ>g?«Ì”Ößâ>00